<?xml version="1.0" encoding="ISO-8859-1" ?>
<link_info>
   <banner>TMS320C6x Linker PC v8.3.7</banner>
   <copyright>Copyright (c) 1996-2018 Texas Instruments Incorporated</copyright>
   <link_time>0x606c3d5c</link_time>
   <link_errors>0x0</link_errors>
   <output_file>Lab2_talk_through_use_EDMA.out</output_file>
   <entry_point>
      <name>_c_int00</name>
      <address>0x11809f20</address>
   </entry_point>
   <input_file_list>
      <input_file id="fl-2">
         <path>.\</path>
         <kind>object</kind>
         <file>ISRs_talkthrough.obj</file>
         <name>ISRs_talkthrough.obj</name>
      </input_file>
      <input_file id="fl-3">
         <path>.\</path>
         <kind>object</kind>
         <file>LCDK_Support_DSP.obj</file>
         <name>LCDK_Support_DSP.obj</name>
      </input_file>
      <input_file id="fl-4">
         <path>.\</path>
         <kind>object</kind>
         <file>main_talkthrough.obj</file>
         <name>main_talkthrough.obj</name>
      </input_file>
      <input_file id="fl-5">
         <path>.\</path>
         <kind>object</kind>
         <file>vectors_EDMA.obj</file>
         <name>vectors_EDMA.obj</name>
      </input_file>
      <input_file id="fl-6">
         <path>.\modem\</path>
         <kind>object</kind>
         <file>modem.obj</file>
         <name>modem.obj</name>
      </input_file>
      <input_file id="fl-b">
         <kind>object</kind>
         <file>&lt;internal&gt;</file>
         <name>&lt;internal&gt;</name>
      </input_file>
      <input_file id="fl-c">
         <path>C:\ti\ccsv7\tools\compiler\ti-cgt-c6000_8.3.7\lib\</path>
         <kind>archive</kind>
         <file>rts6740_elf.lib</file>
         <name>printf.c.obj</name>
      </input_file>
      <input_file id="fl-d">
         <path>C:\ti\ccsv7\tools\compiler\ti-cgt-c6000_8.3.7\lib\</path>
         <kind>archive</kind>
         <file>rts6740_elf.lib</file>
         <name>_printfi.c.obj</name>
      </input_file>
      <input_file id="fl-e">
         <path>C:\ti\ccsv7\tools\compiler\ti-cgt-c6000_8.3.7\lib\</path>
         <kind>archive</kind>
         <file>rts6740_elf.lib</file>
         <name>fclose.c.obj</name>
      </input_file>
      <input_file id="fl-f">
         <path>C:\ti\ccsv7\tools\compiler\ti-cgt-c6000_8.3.7\lib\</path>
         <kind>archive</kind>
         <file>rts6740_elf.lib</file>
         <name>fflush.c.obj</name>
      </input_file>
      <input_file id="fl-10">
         <path>C:\ti\ccsv7\tools\compiler\ti-cgt-c6000_8.3.7\lib\</path>
         <kind>archive</kind>
         <file>rts6740_elf.lib</file>
         <name>fopen.c.obj</name>
      </input_file>
      <input_file id="fl-11">
         <path>C:\ti\ccsv7\tools\compiler\ti-cgt-c6000_8.3.7\lib\</path>
         <kind>archive</kind>
         <file>rts6740_elf.lib</file>
         <name>fputc.c.obj</name>
      </input_file>
      <input_file id="fl-12">
         <path>C:\ti\ccsv7\tools\compiler\ti-cgt-c6000_8.3.7\lib\</path>
         <kind>archive</kind>
         <file>rts6740_elf.lib</file>
         <name>fputs.c.obj</name>
      </input_file>
      <input_file id="fl-13">
         <path>C:\ti\ccsv7\tools\compiler\ti-cgt-c6000_8.3.7\lib\</path>
         <kind>archive</kind>
         <file>rts6740_elf.lib</file>
         <name>fread.c.obj</name>
      </input_file>
      <input_file id="fl-14">
         <path>C:\ti\ccsv7\tools\compiler\ti-cgt-c6000_8.3.7\lib\</path>
         <kind>archive</kind>
         <file>rts6740_elf.lib</file>
         <name>fwrite.c.obj</name>
      </input_file>
      <input_file id="fl-15">
         <path>C:\ti\ccsv7\tools\compiler\ti-cgt-c6000_8.3.7\lib\</path>
         <kind>archive</kind>
         <file>rts6740_elf.lib</file>
         <name>_bufread.c.obj</name>
      </input_file>
      <input_file id="fl-16">
         <path>C:\ti\ccsv7\tools\compiler\ti-cgt-c6000_8.3.7\lib\</path>
         <kind>archive</kind>
         <file>rts6740_elf.lib</file>
         <name>_io_perm.c.obj</name>
      </input_file>
      <input_file id="fl-17">
         <path>C:\ti\ccsv7\tools\compiler\ti-cgt-c6000_8.3.7\lib\</path>
         <kind>archive</kind>
         <file>rts6740_elf.lib</file>
         <name>setvbuf.c.obj</name>
      </input_file>
      <input_file id="fl-18">
         <path>C:\ti\ccsv7\tools\compiler\ti-cgt-c6000_8.3.7\lib\</path>
         <kind>archive</kind>
         <file>rts6740_elf.lib</file>
         <name>wcslen.c.obj</name>
      </input_file>
      <input_file id="fl-19">
         <path>C:\ti\ccsv7\tools\compiler\ti-cgt-c6000_8.3.7\lib\</path>
         <kind>archive</kind>
         <file>rts6740_elf.lib</file>
         <name>push.asm.obj</name>
      </input_file>
      <input_file id="fl-1a">
         <path>C:\ti\ccsv7\tools\compiler\ti-cgt-c6000_8.3.7\lib\</path>
         <kind>archive</kind>
         <file>rts6740_elf.lib</file>
         <name>divi.asm.obj</name>
      </input_file>
      <input_file id="fl-1b">
         <path>C:\ti\ccsv7\tools\compiler\ti-cgt-c6000_8.3.7\lib\</path>
         <kind>archive</kind>
         <file>rts6740_elf.lib</file>
         <name>divu.asm.obj</name>
      </input_file>
      <input_file id="fl-1c">
         <path>C:\ti\ccsv7\tools\compiler\ti-cgt-c6000_8.3.7\lib\</path>
         <kind>archive</kind>
         <file>rts6740_elf.lib</file>
         <name>memcpy64.asm.obj</name>
      </input_file>
      <input_file id="fl-1d">
         <path>C:\ti\ccsv7\tools\compiler\ti-cgt-c6000_8.3.7\lib\</path>
         <kind>archive</kind>
         <file>rts6740_elf.lib</file>
         <name>remi.asm.obj</name>
      </input_file>
      <input_file id="fl-1e">
         <path>C:\ti\ccsv7\tools\compiler\ti-cgt-c6000_8.3.7\lib\</path>
         <kind>archive</kind>
         <file>rts6740_elf.lib</file>
         <name>boot.c.obj</name>
      </input_file>
      <input_file id="fl-1f">
         <path>C:\ti\ccsv7\tools\compiler\ti-cgt-c6000_8.3.7\lib\</path>
         <kind>archive</kind>
         <file>rts6740_elf.lib</file>
         <name>imath40.c.obj</name>
      </input_file>
      <input_file id="fl-20">
         <path>C:\ti\ccsv7\tools\compiler\ti-cgt-c6000_8.3.7\lib\</path>
         <kind>archive</kind>
         <file>rts6740_elf.lib</file>
         <name>imath64.c.obj</name>
      </input_file>
      <input_file id="fl-21">
         <path>C:\ti\ccsv7\tools\compiler\ti-cgt-c6000_8.3.7\lib\</path>
         <kind>archive</kind>
         <file>rts6740_elf.lib</file>
         <name>llshift.c.obj</name>
      </input_file>
      <input_file id="fl-22">
         <path>C:\ti\ccsv7\tools\compiler\ti-cgt-c6000_8.3.7\lib\</path>
         <kind>archive</kind>
         <file>rts6740_elf.lib</file>
         <name>memset.c.obj</name>
      </input_file>
      <input_file id="fl-23">
         <path>C:\ti\ccsv7\tools\compiler\ti-cgt-c6000_8.3.7\lib\</path>
         <kind>archive</kind>
         <file>rts6740_elf.lib</file>
         <name>autoinit.c.obj</name>
      </input_file>
      <input_file id="fl-24">
         <path>C:\ti\ccsv7\tools\compiler\ti-cgt-c6000_8.3.7\lib\</path>
         <kind>archive</kind>
         <file>rts6740_elf.lib</file>
         <name>pre_init.c.obj</name>
      </input_file>
      <input_file id="fl-25">
         <path>C:\ti\ccsv7\tools\compiler\ti-cgt-c6000_8.3.7\lib\</path>
         <kind>archive</kind>
         <file>rts6740_elf.lib</file>
         <name>startup.c.obj</name>
      </input_file>
      <input_file id="fl-26">
         <path>C:\ti\ccsv7\tools\compiler\ti-cgt-c6000_8.3.7\lib\</path>
         <kind>archive</kind>
         <file>rts6740_elf.lib</file>
         <name>cpy_tbl.c.obj</name>
      </input_file>
      <input_file id="fl-27">
         <path>C:\ti\ccsv7\tools\compiler\ti-cgt-c6000_8.3.7\lib\</path>
         <kind>archive</kind>
         <file>rts6740_elf.lib</file>
         <name>copy_zero_init.c.obj</name>
      </input_file>
      <input_file id="fl-28">
         <path>C:\ti\ccsv7\tools\compiler\ti-cgt-c6000_8.3.7\lib\</path>
         <kind>archive</kind>
         <file>rts6740_elf.lib</file>
         <name>copy_decompress_none.c.obj</name>
      </input_file>
      <input_file id="fl-29">
         <path>C:\ti\ccsv7\tools\compiler\ti-cgt-c6000_8.3.7\lib\</path>
         <kind>archive</kind>
         <file>rts6740_elf.lib</file>
         <name>copy_decompress_rle.c.obj</name>
      </input_file>
      <input_file id="fl-2a">
         <path>C:\ti\ccsv7\tools\compiler\ti-cgt-c6000_8.3.7\lib\</path>
         <kind>archive</kind>
         <file>rts6740_elf.lib</file>
         <name>frexp.c.obj</name>
      </input_file>
      <input_file id="fl-2b">
         <path>C:\ti\ccsv7\tools\compiler\ti-cgt-c6000_8.3.7\lib\</path>
         <kind>archive</kind>
         <file>rts6740_elf.lib</file>
         <name>isinf.c.obj</name>
      </input_file>
      <input_file id="fl-2c">
         <path>C:\ti\ccsv7\tools\compiler\ti-cgt-c6000_8.3.7\lib\</path>
         <kind>archive</kind>
         <file>rts6740_elf.lib</file>
         <name>ldexp.c.obj</name>
      </input_file>
      <input_file id="fl-2d">
         <path>C:\ti\ccsv7\tools\compiler\ti-cgt-c6000_8.3.7\lib\</path>
         <kind>archive</kind>
         <file>rts6740_elf.lib</file>
         <name>sqrt.c.obj</name>
      </input_file>
      <input_file id="fl-2e">
         <path>C:\ti\ccsv7\tools\compiler\ti-cgt-c6000_8.3.7\lib\</path>
         <kind>archive</kind>
         <file>rts6740_elf.lib</file>
         <name>signbit.c.obj</name>
      </input_file>
      <input_file id="fl-2f">
         <path>C:\ti\ccsv7\tools\compiler\ti-cgt-c6000_8.3.7\lib\</path>
         <kind>archive</kind>
         <file>rts6740_elf.lib</file>
         <name>divf.c.obj</name>
      </input_file>
      <input_file id="fl-30">
         <path>C:\ti\ccsv7\tools\compiler\ti-cgt-c6000_8.3.7\lib\</path>
         <kind>archive</kind>
         <file>rts6740_elf.lib</file>
         <name>fixflli.c.obj</name>
      </input_file>
      <input_file id="fl-31">
         <path>C:\ti\ccsv7\tools\compiler\ti-cgt-c6000_8.3.7\lib\</path>
         <kind>archive</kind>
         <file>rts6740_elf.lib</file>
         <name>fltllif.c.obj</name>
      </input_file>
      <input_file id="fl-32">
         <path>C:\ti\ccsv7\tools\compiler\ti-cgt-c6000_8.3.7\lib\</path>
         <kind>archive</kind>
         <file>rts6740_elf.lib</file>
         <name>divd.c.obj</name>
      </input_file>
      <input_file id="fl-33">
         <path>C:\ti\ccsv7\tools\compiler\ti-cgt-c6000_8.3.7\lib\</path>
         <kind>archive</kind>
         <file>rts6740_elf.lib</file>
         <name>fixdlli.c.obj</name>
      </input_file>
      <input_file id="fl-34">
         <path>C:\ti\ccsv7\tools\compiler\ti-cgt-c6000_8.3.7\lib\</path>
         <kind>archive</kind>
         <file>rts6740_elf.lib</file>
         <name>fltllid.c.obj</name>
      </input_file>
      <input_file id="fl-35">
         <path>C:\ti\ccsv7\tools\compiler\ti-cgt-c6000_8.3.7\lib\</path>
         <kind>archive</kind>
         <file>rts6740_elf.lib</file>
         <name>frcmpyd_div.c.obj</name>
      </input_file>
      <input_file id="fl-36">
         <path>C:\ti\ccsv7\tools\compiler\ti-cgt-c6000_8.3.7\lib\</path>
         <kind>archive</kind>
         <file>rts6740_elf.lib</file>
         <name>tls.c.obj</name>
      </input_file>
      <input_file id="fl-37">
         <path>C:\ti\ccsv7\tools\compiler\ti-cgt-c6000_8.3.7\lib\</path>
         <kind>archive</kind>
         <file>rts6740_elf.lib</file>
         <name>exit.c.obj</name>
      </input_file>
      <input_file id="fl-38">
         <path>C:\ti\ccsv7\tools\compiler\ti-cgt-c6000_8.3.7\lib\</path>
         <kind>archive</kind>
         <file>rts6740_elf.lib</file>
         <name>memory.c.obj</name>
      </input_file>
      <input_file id="fl-39">
         <path>C:\ti\ccsv7\tools\compiler\ti-cgt-c6000_8.3.7\lib\</path>
         <kind>archive</kind>
         <file>rts6740_elf.lib</file>
         <name>_lock.c.obj</name>
      </input_file>
      <input_file id="fl-3a">
         <path>C:\ti\ccsv7\tools\compiler\ti-cgt-c6000_8.3.7\lib\</path>
         <kind>archive</kind>
         <file>rts6740_elf.lib</file>
         <name>_ltoa.c.obj</name>
      </input_file>
      <input_file id="fl-3b">
         <path>C:\ti\ccsv7\tools\compiler\ti-cgt-c6000_8.3.7\lib\</path>
         <kind>archive</kind>
         <file>rts6740_elf.lib</file>
         <name>args_main.c.obj</name>
      </input_file>
      <input_file id="fl-3c">
         <path>C:\ti\ccsv7\tools\compiler\ti-cgt-c6000_8.3.7\lib\</path>
         <kind>archive</kind>
         <file>rts6740_elf.lib</file>
         <name>atoi.c.obj</name>
      </input_file>
      <input_file id="fl-3d">
         <path>C:\ti\ccsv7\tools\compiler\ti-cgt-c6000_8.3.7\lib\</path>
         <kind>archive</kind>
         <file>rts6740_elf.lib</file>
         <name>close.c.obj</name>
      </input_file>
      <input_file id="fl-3e">
         <path>C:\ti\ccsv7\tools\compiler\ti-cgt-c6000_8.3.7\lib\</path>
         <kind>archive</kind>
         <file>rts6740_elf.lib</file>
         <name>ctype.c.obj</name>
      </input_file>
      <input_file id="fl-3f">
         <path>C:\ti\ccsv7\tools\compiler\ti-cgt-c6000_8.3.7\lib\</path>
         <kind>archive</kind>
         <file>rts6740_elf.lib</file>
         <name>defs.c.obj</name>
      </input_file>
      <input_file id="fl-40">
         <path>C:\ti\ccsv7\tools\compiler\ti-cgt-c6000_8.3.7\lib\</path>
         <kind>archive</kind>
         <file>rts6740_elf.lib</file>
         <name>memccpy.c.obj</name>
      </input_file>
      <input_file id="fl-41">
         <path>C:\ti\ccsv7\tools\compiler\ti-cgt-c6000_8.3.7\lib\</path>
         <kind>archive</kind>
         <file>rts6740_elf.lib</file>
         <name>open.c.obj</name>
      </input_file>
      <input_file id="fl-42">
         <path>C:\ti\ccsv7\tools\compiler\ti-cgt-c6000_8.3.7\lib\</path>
         <kind>archive</kind>
         <file>rts6740_elf.lib</file>
         <name>read.c.obj</name>
      </input_file>
      <input_file id="fl-43">
         <path>C:\ti\ccsv7\tools\compiler\ti-cgt-c6000_8.3.7\lib\</path>
         <kind>archive</kind>
         <file>rts6740_elf.lib</file>
         <name>remove.c.obj</name>
      </input_file>
      <input_file id="fl-44">
         <path>C:\ti\ccsv7\tools\compiler\ti-cgt-c6000_8.3.7\lib\</path>
         <kind>archive</kind>
         <file>rts6740_elf.lib</file>
         <name>unlink.c.obj</name>
      </input_file>
      <input_file id="fl-45">
         <path>C:\ti\ccsv7\tools\compiler\ti-cgt-c6000_8.3.7\lib\</path>
         <kind>archive</kind>
         <file>rts6740_elf.lib</file>
         <name>write.c.obj</name>
      </input_file>
      <input_file id="fl-46">
         <path>C:\ti\ccsv7\tools\compiler\ti-cgt-c6000_8.3.7\lib\</path>
         <kind>archive</kind>
         <file>rts6740_elf.lib</file>
         <name>llabs.c.obj</name>
      </input_file>
      <input_file id="fl-47">
         <path>C:\ti\ccsv7\tools\compiler\ti-cgt-c6000_8.3.7\lib\</path>
         <kind>archive</kind>
         <file>rts6740_elf.lib</file>
         <name>errno.c.obj</name>
      </input_file>
      <input_file id="fl-48">
         <path>C:\ti\ccsv7\tools\compiler\ti-cgt-c6000_8.3.7\lib\</path>
         <kind>archive</kind>
         <file>rts6740_elf.lib</file>
         <name>fseek.c.obj</name>
      </input_file>
      <input_file id="fl-49">
         <path>C:\ti\ccsv7\tools\compiler\ti-cgt-c6000_8.3.7\lib\</path>
         <kind>archive</kind>
         <file>rts6740_elf.lib</file>
         <name>getdevice.c.obj</name>
      </input_file>
      <input_file id="fl-4a">
         <path>C:\ti\ccsv7\tools\compiler\ti-cgt-c6000_8.3.7\lib\</path>
         <kind>archive</kind>
         <file>rts6740_elf.lib</file>
         <name>tls_get_tp.asm.obj</name>
      </input_file>
      <input_file id="fl-4b">
         <path>C:\ti\ccsv7\tools\compiler\ti-cgt-c6000_8.3.7\lib\</path>
         <kind>archive</kind>
         <file>rts6740_elf.lib</file>
         <name>lseek.c.obj</name>
      </input_file>
      <input_file id="fl-4c">
         <path>C:\ti\ccsv7\tools\compiler\ti-cgt-c6000_8.3.7\lib\</path>
         <kind>archive</kind>
         <file>rts6740_elf.lib</file>
         <name>hostclose.c.obj</name>
      </input_file>
      <input_file id="fl-4d">
         <path>C:\ti\ccsv7\tools\compiler\ti-cgt-c6000_8.3.7\lib\</path>
         <kind>archive</kind>
         <file>rts6740_elf.lib</file>
         <name>hostlseek.c.obj</name>
      </input_file>
      <input_file id="fl-4e">
         <path>C:\ti\ccsv7\tools\compiler\ti-cgt-c6000_8.3.7\lib\</path>
         <kind>archive</kind>
         <file>rts6740_elf.lib</file>
         <name>hostopen.c.obj</name>
      </input_file>
      <input_file id="fl-4f">
         <path>C:\ti\ccsv7\tools\compiler\ti-cgt-c6000_8.3.7\lib\</path>
         <kind>archive</kind>
         <file>rts6740_elf.lib</file>
         <name>hostread.c.obj</name>
      </input_file>
      <input_file id="fl-50">
         <path>C:\ti\ccsv7\tools\compiler\ti-cgt-c6000_8.3.7\lib\</path>
         <kind>archive</kind>
         <file>rts6740_elf.lib</file>
         <name>hostrename.c.obj</name>
      </input_file>
      <input_file id="fl-51">
         <path>C:\ti\ccsv7\tools\compiler\ti-cgt-c6000_8.3.7\lib\</path>
         <kind>archive</kind>
         <file>rts6740_elf.lib</file>
         <name>hostunlink.c.obj</name>
      </input_file>
      <input_file id="fl-52">
         <path>C:\ti\ccsv7\tools\compiler\ti-cgt-c6000_8.3.7\lib\</path>
         <kind>archive</kind>
         <file>rts6740_elf.lib</file>
         <name>hostwrite.c.obj</name>
      </input_file>
      <input_file id="fl-53">
         <path>C:\ti\ccsv7\tools\compiler\ti-cgt-c6000_8.3.7\lib\</path>
         <kind>archive</kind>
         <file>rts6740_elf.lib</file>
         <name>trgmsg.c.obj</name>
      </input_file>
   </input_file_list>
   <object_component_list>
      <object_component id="oc-20">
         <name>vectors</name>
         <load_address>0x11800000</load_address>
         <run_address>0x11800000</run_address>
         <size>0x200</size>
         <input_file_ref idref="fl-5"/>
      </object_component>
      <object_component id="oc-6f">
         <name>.neardata</name>
         <load_address>0x1180c030</load_address>
         <run_address>0x1180c030</run_address>
         <size>0x6</size>
         <input_file_ref idref="fl-2"/>
      </object_component>
      <object_component id="oc-193">
         <name>.neardata</name>
         <load_address>0x1180c038</load_address>
         <run_address>0x1180c038</run_address>
         <size>0x4</size>
         <input_file_ref idref="fl-3"/>
      </object_component>
      <object_component id="oc-26d">
         <name>.neardata</name>
         <load_address>0x1180bff8</load_address>
         <run_address>0x1180bff8</run_address>
         <size>0x38</size>
         <input_file_ref idref="fl-6"/>
      </object_component>
      <object_component id="oc-552">
         <name>.cinit..fardata.load</name>
         <load_address>0x1180c040</load_address>
         <run_address>0x1180c040</run_address>
         <size>0x71</size>
      </object_component>
      <object_component id="oc-550">
         <name>.cinit..neardata.load</name>
         <load_address>0x1180c0b1</load_address>
         <run_address>0x1180c0b1</run_address>
         <size>0x12</size>
      </object_component>
      <object_component id="oc-551">
         <name>.cinit..far.load</name>
         <load_address>0x1180c0c3</load_address>
         <run_address>0x1180c0c3</run_address>
         <size>0xb</size>
      </object_component>
      <object_component id="oc-553">
         <name>.cinit.CE0.load</name>
         <load_address>0x1180c0ce</load_address>
         <run_address>0x1180c0ce</run_address>
         <size>0xb</size>
      </object_component>
      <object_component id="oc-54e">
         <name>__TI_handler_table</name>
         <load_address>0x1180c0dc</load_address>
         <run_address>0x1180c0dc</run_address>
         <size>0x8</size>
      </object_component>
      <object_component id="oc-54f">
         <name>__TI_cinit_table</name>
         <load_address>0x1180c0e8</load_address>
         <run_address>0x1180c0e8</run_address>
         <size>0x20</size>
      </object_component>
      <object_component id="oc-50b">
         <name>.cio</name>
         <uninitialized>true</uninitialized>
         <run_address>0x1180be88</run_address>
         <size>0x120</size>
         <input_file_ref idref="fl-53"/>
      </object_component>
      <object_component id="oc-3a7">
         <name>.const:.string:_ctypes_</name>
         <load_address>0x1180bc70</load_address>
         <run_address>0x1180bc70</run_address>
         <size>0x101</size>
         <input_file_ref idref="fl-3e"/>
      </object_component>
      <object_component id="oc-fe">
         <name>.const:.string</name>
         <load_address>0x1180bd74</load_address>
         <run_address>0x1180bd74</run_address>
         <size>0x84</size>
         <input_file_ref idref="fl-4"/>
      </object_component>
      <object_component id="oc-270">
         <name>.const:wave</name>
         <load_address>0x1180bdf8</load_address>
         <run_address>0x1180bdf8</run_address>
         <size>0x60</size>
         <input_file_ref idref="fl-6"/>
      </object_component>
      <object_component id="oc-2f4">
         <name>.const:.string</name>
         <load_address>0x1180be58</load_address>
         <run_address>0x1180be58</run_address>
         <size>0x24</size>
         <input_file_ref idref="fl-d"/>
      </object_component>
      <object_component id="oc-26a">
         <name>.const:.string:mask</name>
         <load_address>0x1180be80</load_address>
         <run_address>0x1180be80</run_address>
         <size>0x8</size>
         <input_file_ref idref="fl-6"/>
      </object_component>
      <object_component id="oc-30">
         <name>.stack</name>
         <uninitialized>true</uninitialized>
         <run_address>0x1180b470</run_address>
         <size>0x8</size>
         <input_file_ref idref="fl-1e"/>
      </object_component>
      <object_component id="oc-554">
         <name>.stack</name>
         <uninitialized>true</uninitialized>
         <run_address>0x1180b470</run_address>
         <size>0x0</size>
      </object_component>
      <object_component id="oc-33">
         <name>.sysmem</name>
         <uninitialized>true</uninitialized>
         <run_address>0x1180b870</run_address>
         <size>0x8</size>
         <input_file_ref idref="fl-38"/>
      </object_component>
      <object_component id="oc-555">
         <name>.sysmem</name>
         <uninitialized>true</uninitialized>
         <run_address>0x1180b870</run_address>
         <size>0x0</size>
      </object_component>
      <object_component id="oc-1c8">
         <name>.text:__TI_printfi</name>
         <load_address>0x11800200</load_address>
         <run_address>0x11800200</run_address>
         <size>0x2040</size>
         <input_file_ref idref="fl-d"/>
      </object_component>
      <object_component id="oc-18c">
         <name>.text</name>
         <load_address>0x11802240</load_address>
         <run_address>0x11802240</run_address>
         <size>0x1120</size>
         <input_file_ref idref="fl-6"/>
      </object_component>
      <object_component id="oc-10e">
         <name>.text</name>
         <load_address>0x11803360</load_address>
         <run_address>0x11803360</run_address>
         <size>0xde0</size>
         <input_file_ref idref="fl-3"/>
      </object_component>
      <object_component id="oc-2dc">
         <name>.text:_pconv_a</name>
         <load_address>0x11804140</load_address>
         <run_address>0x11804140</run_address>
         <size>0x660</size>
         <input_file_ref idref="fl-d"/>
      </object_component>
      <object_component id="oc-3bc">
         <name>.text:__c6xabi_divd</name>
         <load_address>0x118047a0</load_address>
         <run_address>0x118047a0</run_address>
         <size>0x5e0</size>
         <input_file_ref idref="fl-32"/>
      </object_component>
      <object_component id="oc-2ca">
         <name>.text:_pconv_g</name>
         <load_address>0x11804d80</load_address>
         <run_address>0x11804d80</run_address>
         <size>0x400</size>
         <input_file_ref idref="fl-d"/>
      </object_component>
      <object_component id="oc-31b">
         <name>.text:free</name>
         <load_address>0x11805180</load_address>
         <run_address>0x11805180</run_address>
         <size>0x3c0</size>
         <input_file_ref idref="fl-38"/>
      </object_component>
      <object_component id="oc-120">
         <name>.text:fwrite</name>
         <load_address>0x11805540</load_address>
         <run_address>0x11805540</run_address>
         <size>0x3c0</size>
         <input_file_ref idref="fl-14"/>
      </object_component>
      <object_component id="oc-2a5">
         <name>.text:fputs</name>
         <load_address>0x11805900</load_address>
         <run_address>0x11805900</run_address>
         <size>0x2e0</size>
         <input_file_ref idref="fl-12"/>
      </object_component>
      <object_component id="oc-2d6">
         <name>.text:_pconv_e</name>
         <load_address>0x11805be0</load_address>
         <run_address>0x11805be0</run_address>
         <size>0x2a0</size>
         <input_file_ref idref="fl-d"/>
      </object_component>
      <object_component id="oc-3d5">
         <name>.text:fcvt</name>
         <load_address>0x11805e80</load_address>
         <run_address>0x11805e80</run_address>
         <size>0x2a0</size>
         <input_file_ref idref="fl-d"/>
      </object_component>
      <object_component id="oc-241">
         <name>.text:__c6xabi_divf</name>
         <load_address>0x11806120</load_address>
         <run_address>0x11806120</run_address>
         <size>0x280</size>
         <input_file_ref idref="fl-2f"/>
      </object_component>
      <object_component id="oc-3ac">
         <name>.text:__c6xabi_divull</name>
         <load_address>0x118063a0</load_address>
         <run_address>0x118063a0</run_address>
         <size>0x260</size>
         <input_file_ref idref="fl-20"/>
      </object_component>
      <object_component id="oc-114">
         <name>.text:fread</name>
         <load_address>0x11806600</load_address>
         <run_address>0x11806600</run_address>
         <size>0x240</size>
         <input_file_ref idref="fl-13"/>
      </object_component>
      <object_component id="oc-22a">
         <name>.text:open</name>
         <load_address>0x11806840</load_address>
         <run_address>0x11806840</run_address>
         <size>0x220</size>
         <input_file_ref idref="fl-41"/>
      </object_component>
      <object_component id="oc-2b2">
         <name>.text:_ltostr</name>
         <load_address>0x11806a60</load_address>
         <run_address>0x11806a60</run_address>
         <size>0x200</size>
         <input_file_ref idref="fl-d"/>
      </object_component>
      <object_component id="oc-108">
         <name>.text</name>
         <load_address>0x11806c60</load_address>
         <run_address>0x11806c60</run_address>
         <size>0x1c0</size>
         <input_file_ref idref="fl-2"/>
      </object_component>
      <object_component id="oc-3b2">
         <name>.text:__c6xabi_divul</name>
         <load_address>0x11806e20</load_address>
         <run_address>0x11806e20</run_address>
         <size>0x1c0</size>
         <input_file_ref idref="fl-1f"/>
      </object_component>
      <object_component id="oc-17e">
         <name>.text:_openfile</name>
         <load_address>0x11806fe0</load_address>
         <run_address>0x11806fe0</run_address>
         <size>0x1c0</size>
         <input_file_ref idref="fl-10"/>
      </object_component>
      <object_component id="oc-29e">
         <name>.text:fputc</name>
         <load_address>0x118071a0</load_address>
         <run_address>0x118071a0</run_address>
         <size>0x1c0</size>
         <input_file_ref idref="fl-11"/>
      </object_component>
      <object_component id="oc-3dd">
         <name>.text:frexp</name>
         <load_address>0x11807360</load_address>
         <run_address>0x11807360</run_address>
         <size>0x1c0</size>
         <input_file_ref idref="fl-2a"/>
      </object_component>
      <object_component id="oc-386">
         <name>.text:malloc</name>
         <load_address>0x11807520</load_address>
         <run_address>0x11807520</run_address>
         <size>0x1c0</size>
         <input_file_ref idref="fl-38"/>
      </object_component>
      <object_component id="oc-28c">
         <name>.text:setvbuf</name>
         <load_address>0x118076e0</load_address>
         <run_address>0x118076e0</run_address>
         <size>0x1c0</size>
         <input_file_ref idref="fl-17"/>
      </object_component>
      <object_component id="oc-467">
         <name>.text:HOSTrename</name>
         <load_address>0x118078a0</load_address>
         <run_address>0x118078a0</run_address>
         <size>0x1a0</size>
         <input_file_ref idref="fl-50"/>
      </object_component>
      <object_component id="oc-3e3">
         <name>.text:ldexp</name>
         <load_address>0x11807a40</load_address>
         <run_address>0x11807a40</run_address>
         <size>0x180</size>
         <input_file_ref idref="fl-2c"/>
      </object_component>
      <object_component id="oc-1a9">
         <name>.text:__TI_buff_read</name>
         <load_address>0x11807bc0</load_address>
         <run_address>0x11807bc0</run_address>
         <size>0x160</size>
         <input_file_ref idref="fl-15"/>
      </object_component>
      <object_component id="oc-25e">
         <name>.text:sqrt</name>
         <load_address>0x11807d20</load_address>
         <run_address>0x11807d20</run_address>
         <size>0x160</size>
         <input_file_ref idref="fl-2d"/>
      </object_component>
      <object_component id="oc-2d0">
         <name>.text:_pconv_f</name>
         <load_address>0x11807e80</load_address>
         <run_address>0x11807e80</run_address>
         <size>0x120</size>
         <input_file_ref idref="fl-d"/>
      </object_component>
      <object_component id="oc-102">
         <name>.text:fopen</name>
         <load_address>0x11807fa0</load_address>
         <run_address>0x11807fa0</run_address>
         <size>0x120</size>
         <input_file_ref idref="fl-10"/>
      </object_component>
      <object_component id="oc-34b">
         <name>.text:getdevice</name>
         <load_address>0x118080c0</load_address>
         <run_address>0x118080c0</run_address>
         <size>0x120</size>
         <input_file_ref idref="fl-49"/>
      </object_component>
      <object_component id="oc-1e9">
         <name>.text:__TI_closefile</name>
         <load_address>0x118081e0</load_address>
         <run_address>0x118081e0</run_address>
         <size>0x100</size>
         <input_file_ref idref="fl-e"/>
      </object_component>
      <object_component id="oc-42">
         <name>.text:__TI_decompress_rle_core</name>
         <load_address>0x118082e0</load_address>
         <run_address>0x118082e0</run_address>
         <size>0x100</size>
         <input_file_ref idref="fl-29"/>
      </object_component>
      <object_component id="oc-3ce">
         <name>.text:_mcpy</name>
         <load_address>0x118083e0</load_address>
         <run_address>0x118083e0</run_address>
         <size>0x100</size>
         <input_file_ref idref="fl-d"/>
      </object_component>
      <object_component id="oc-2ac">
         <name>.text:atoi</name>
         <load_address>0x118084e0</load_address>
         <run_address>0x118084e0</run_address>
         <size>0x100</size>
         <input_file_ref idref="fl-3c"/>
      </object_component>
      <object_component id="oc-30e">
         <name>.text:fseek</name>
         <load_address>0x118085e0</load_address>
         <run_address>0x118085e0</run_address>
         <size>0x100</size>
         <input_file_ref idref="fl-48"/>
      </object_component>
      <object_component id="oc-45b">
         <name>.text:HOSTlseek</name>
         <load_address>0x118086e0</load_address>
         <run_address>0x118086e0</run_address>
         <size>0xe0</size>
         <input_file_ref idref="fl-4d"/>
      </object_component>
      <object_component id="oc-443">
         <name>.text:HOSTopen</name>
         <load_address>0x118087c0</load_address>
         <run_address>0x118087c0</run_address>
         <size>0xe0</size>
         <input_file_ref idref="fl-4e"/>
      </object_component>
      <object_component id="oc-455">
         <name>.text:HOSTwrite</name>
         <load_address>0x118088a0</load_address>
         <run_address>0x118088a0</run_address>
         <size>0xe0</size>
         <input_file_ref idref="fl-52"/>
      </object_component>
      <object_component id="oc-3c2">
         <name>.text:__TI_ltoa</name>
         <load_address>0x11808980</load_address>
         <run_address>0x11808980</run_address>
         <size>0xe0</size>
         <input_file_ref idref="fl-3a"/>
      </object_component>
      <object_component id="oc-1d0">
         <name>.text:__TI_wrt_ok</name>
         <load_address>0x11808a60</load_address>
         <run_address>0x11808a60</run_address>
         <size>0xe0</size>
         <input_file_ref idref="fl-16"/>
      </object_component>
      <object_component id="oc-264">
         <name>.text:__c6xabi_fixdlli</name>
         <load_address>0x11808b40</load_address>
         <run_address>0x11808b40</run_address>
         <size>0xe0</size>
         <input_file_ref idref="fl-33"/>
      </object_component>
      <object_component id="oc-252">
         <name>.text:__c6xabi_fixflli</name>
         <load_address>0x11808c20</load_address>
         <run_address>0x11808c20</run_address>
         <size>0xe0</size>
         <input_file_ref idref="fl-30"/>
      </object_component>
      <object_component id="oc-23c">
         <name>.text:__divi</name>
         <load_address>0x11808d00</load_address>
         <run_address>0x11808d00</run_address>
         <size>0xe0</size>
         <input_file_ref idref="fl-1a"/>
      </object_component>
      <object_component id="oc-321">
         <name>.text:close</name>
         <load_address>0x11808de0</load_address>
         <run_address>0x11808de0</run_address>
         <size>0xe0</size>
         <input_file_ref idref="fl-3d"/>
      </object_component>
      <object_component id="oc-60">
         <name>.text:exit</name>
         <load_address>0x11808ec0</load_address>
         <run_address>0x11808ec0</run_address>
         <size>0xe0</size>
         <input_file_ref idref="fl-37"/>
      </object_component>
      <object_component id="oc-9a">
         <name>.text</name>
         <load_address>0x11808fa0</load_address>
         <run_address>0x11808fa0</run_address>
         <size>0xe0</size>
         <input_file_ref idref="fl-4"/>
      </object_component>
      <object_component id="oc-86">
         <name>.text:memset</name>
         <load_address>0x11809080</load_address>
         <run_address>0x11809080</run_address>
         <size>0xe0</size>
         <input_file_ref idref="fl-22"/>
      </object_component>
      <object_component id="oc-11a">
         <name>.text:printf</name>
         <load_address>0x11809160</load_address>
         <run_address>0x11809160</run_address>
         <size>0xe0</size>
         <input_file_ref idref="fl-c"/>
      </object_component>
      <object_component id="oc-44f">
         <name>.text:HOSTread</name>
         <load_address>0x11809240</load_address>
         <run_address>0x11809240</run_address>
         <size>0xc0</size>
         <input_file_ref idref="fl-4f"/>
      </object_component>
      <object_component id="oc-461">
         <name>.text:HOSTunlink</name>
         <load_address>0x11809300</load_address>
         <run_address>0x11809300</run_address>
         <size>0xc0</size>
         <input_file_ref idref="fl-51"/>
      </object_component>
      <object_component id="oc-ae">
         <name>.text:__TI_auto_init_nobinit_nopinit:__TI_auto_init_nobinit_nopinit</name>
         <load_address>0x118093c0</load_address>
         <run_address>0x118093c0</run_address>
         <size>0xc0</size>
         <input_file_ref idref="fl-23"/>
      </object_component>
      <object_component id="oc-1d6">
         <name>.text:__TI_doflush</name>
         <load_address>0x11809480</load_address>
         <run_address>0x11809480</run_address>
         <size>0xc0</size>
         <input_file_ref idref="fl-f"/>
      </object_component>
      <object_component id="oc-258">
         <name>.text:__c6xabi_fltllid</name>
         <load_address>0x11809540</load_address>
         <run_address>0x11809540</run_address>
         <size>0xc0</size>
         <input_file_ref idref="fl-34"/>
      </object_component>
      <object_component id="oc-24c">
         <name>.text:__c6xabi_fltllif</name>
         <load_address>0x11809600</load_address>
         <run_address>0x11809600</run_address>
         <size>0xc0</size>
         <input_file_ref idref="fl-31"/>
      </object_component>
      <object_component id="oc-197">
         <name>.text:__divu</name>
         <load_address>0x118096c0</load_address>
         <run_address>0x118096c0</run_address>
         <size>0xc0</size>
         <input_file_ref idref="fl-1b"/>
      </object_component>
      <object_component id="oc-247">
         <name>.text:__remi</name>
         <load_address>0x11809780</load_address>
         <run_address>0x11809780</run_address>
         <size>0xc0</size>
         <input_file_ref idref="fl-1d"/>
      </object_component>
      <object_component id="oc-419">
         <name>.text:mremove</name>
         <load_address>0x11809840</load_address>
         <run_address>0x11809840</run_address>
         <size>0xc0</size>
         <input_file_ref idref="fl-38"/>
      </object_component>
      <object_component id="oc-140">
         <name>.text:tls:init:__TI_tls_init</name>
         <load_address>0x11809900</load_address>
         <run_address>0x11809900</run_address>
         <size>0xc0</size>
         <input_file_ref idref="fl-36"/>
      </object_component>
      <object_component id="oc-449">
         <name>.text:HOSTclose</name>
         <load_address>0x118099c0</load_address>
         <run_address>0x118099c0</run_address>
         <size>0xa0</size>
         <input_file_ref idref="fl-4c"/>
      </object_component>
      <object_component id="oc-224">
         <name>.text:__TI_cleanup</name>
         <load_address>0x11809a60</load_address>
         <run_address>0x11809a60</run_address>
         <size>0xa0</size>
         <input_file_ref idref="fl-10"/>
      </object_component>
      <object_component id="oc-1a3">
         <name>.text:__TI_rd_ok</name>
         <load_address>0x11809b00</load_address>
         <run_address>0x11809b00</run_address>
         <size>0xa0</size>
         <input_file_ref idref="fl-16"/>
      </object_component>
      <object_component id="oc-3c8">
         <name>.text:_ecpy</name>
         <load_address>0x11809ba0</load_address>
         <run_address>0x11809ba0</run_address>
         <size>0xa0</size>
         <input_file_ref idref="fl-d"/>
      </object_component>
      <object_component id="oc-424">
         <name>.text:finddevice</name>
         <load_address>0x11809c40</load_address>
         <run_address>0x11809c40</run_address>
         <size>0xa0</size>
         <input_file_ref idref="fl-49"/>
      </object_component>
      <object_component id="oc-36">
         <name>.text:memcpy</name>
         <load_address>0x11809ce0</load_address>
         <run_address>0x11809ce0</run_address>
         <size>0xa0</size>
         <input_file_ref idref="fl-1c"/>
      </object_component>
      <object_component id="oc-413">
         <name>.text:minsert</name>
         <load_address>0x11809d80</load_address>
         <run_address>0x11809d80</run_address>
         <size>0xa0</size>
         <input_file_ref idref="fl-38"/>
      </object_component>
      <object_component id="oc-4d2">
         <name>.text:__TI_readmsg</name>
         <load_address>0x11809e20</load_address>
         <run_address>0x11809e20</run_address>
         <size>0x80</size>
         <input_file_ref idref="fl-53"/>
      </object_component>
      <object_component id="oc-357">
         <name>.text:__c6xabi_llshl</name>
         <load_address>0x11809ea0</load_address>
         <run_address>0x11809ea0</run_address>
         <size>0x80</size>
         <input_file_ref idref="fl-21"/>
      </object_component>
      <object_component id="oc-1f">
         <name>.text:_c_int00</name>
         <load_address>0x11809f20</load_address>
         <run_address>0x11809f20</run_address>
         <size>0x80</size>
         <input_file_ref idref="fl-1e"/>
      </object_component>
      <object_component id="oc-126">
         <name>.text:fclose</name>
         <load_address>0x11809fa0</load_address>
         <run_address>0x11809fa0</run_address>
         <size>0x80</size>
         <input_file_ref idref="fl-e"/>
      </object_component>
      <object_component id="oc-2a">
         <name>.text:retain</name>
         <load_address>0x1180a020</load_address>
         <run_address>0x1180a020</run_address>
         <size>0x80</size>
         <input_file_ref idref="fl-2"/>
      </object_component>
      <object_component id="oc-327">
         <name>.text:unlink</name>
         <load_address>0x1180a0a0</load_address>
         <run_address>0x1180a0a0</run_address>
         <size>0x80</size>
         <input_file_ref idref="fl-44"/>
      </object_component>
      <object_component id="oc-4cc">
         <name>.text:__TI_writemsg</name>
         <load_address>0x1180a120</load_address>
         <run_address>0x1180a120</run_address>
         <size>0x60</size>
         <input_file_ref idref="fl-53"/>
      </object_component>
      <object_component id="oc-35f">
         <name>.text:__c6xabi_llshru</name>
         <load_address>0x1180a180</load_address>
         <run_address>0x1180a180</run_address>
         <size>0x60</size>
         <input_file_ref idref="fl-21"/>
      </object_component>
      <object_component id="oc-478">
         <name>.text:_subcull</name>
         <load_address>0x1180a1e0</load_address>
         <run_address>0x1180a1e0</run_address>
         <size>0x60</size>
         <input_file_ref idref="fl-20"/>
      </object_component>
      <object_component id="oc-404">
         <name>.text:lseek</name>
         <load_address>0x1180a240</load_address>
         <run_address>0x1180a240</run_address>
         <size>0x60</size>
         <input_file_ref idref="fl-4b"/>
      </object_component>
      <object_component id="oc-2e2">
         <name>.text:memccpy</name>
         <load_address>0x1180a2a0</load_address>
         <run_address>0x1180a2a0</run_address>
         <size>0x60</size>
         <input_file_ref idref="fl-40"/>
      </object_component>
      <object_component id="oc-1af">
         <name>.text:read</name>
         <load_address>0x1180a300</load_address>
         <run_address>0x1180a300</run_address>
         <size>0x60</size>
         <input_file_ref idref="fl-42"/>
      </object_component>
      <object_component id="oc-1dc">
         <name>.text:write</name>
         <load_address>0x1180a360</load_address>
         <run_address>0x1180a360</run_address>
         <size>0x60</size>
         <input_file_ref idref="fl-45"/>
      </object_component>
      <object_component id="oc-482">
         <name>.text:__TI_frcmpyd_div</name>
         <load_address>0x1180a3c0</load_address>
         <run_address>0x1180a3c0</run_address>
         <size>0x40</size>
         <input_file_ref idref="fl-35"/>
      </object_component>
      <object_component id="oc-2be">
         <name>.text:__c6xabi_isinf</name>
         <load_address>0x1180a400</load_address>
         <run_address>0x1180a400</run_address>
         <size>0x40</size>
         <input_file_ref idref="fl-2b"/>
      </object_component>
      <object_component id="oc-2b8">
         <name>.text:__c6xabi_isnan</name>
         <load_address>0x1180a440</load_address>
         <run_address>0x1180a440</run_address>
         <size>0x40</size>
         <input_file_ref idref="fl-d"/>
      </object_component>
      <object_component id="oc-5a">
         <name>.text:_args_main</name>
         <load_address>0x1180a480</load_address>
         <run_address>0x1180a480</run_address>
         <size>0x40</size>
         <input_file_ref idref="fl-3b"/>
      </object_component>
      <object_component id="oc-2e8">
         <name>.text:wcslen</name>
         <load_address>0x1180a4c0</load_address>
         <run_address>0x1180a4c0</run_address>
         <size>0x40</size>
         <input_file_ref idref="fl-18"/>
      </object_component>
      <object_component id="oc-2ee">
         <name>.text:__c6xabi_errno_addr</name>
         <load_address>0x1180a500</load_address>
         <run_address>0x1180a500</run_address>
         <size>0x20</size>
         <input_file_ref idref="fl-47"/>
      </object_component>
      <object_component id="oc-1b5">
         <name>.text:__pop_rts</name>
         <load_address>0x1180a520</load_address>
         <run_address>0x1180a520</run_address>
         <size>0x20</size>
         <input_file_ref idref="fl-19"/>
      </object_component>
      <object_component id="oc-19e">
         <name>.text:__push_rts</name>
         <load_address>0x1180a540</load_address>
         <run_address>0x1180a540</run_address>
         <size>0x20</size>
         <input_file_ref idref="fl-19"/>
      </object_component>
      <object_component id="oc-213">
         <name>.text:_nop</name>
         <load_address>0x1180a560</load_address>
         <run_address>0x1180a560</run_address>
         <size>0x20</size>
         <input_file_ref idref="fl-39"/>
      </object_component>
      <object_component id="oc-1bc">
         <name>.text:_outc</name>
         <load_address>0x1180a580</load_address>
         <run_address>0x1180a580</run_address>
         <size>0x20</size>
         <input_file_ref idref="fl-c"/>
      </object_component>
      <object_component id="oc-1c2">
         <name>.text:_outs</name>
         <load_address>0x1180a5a0</load_address>
         <run_address>0x1180a5a0</run_address>
         <size>0x20</size>
         <input_file_ref idref="fl-c"/>
      </object_component>
      <object_component id="oc-2c4">
         <name>.text:_signbit</name>
         <load_address>0x1180a5c0</load_address>
         <run_address>0x1180a5c0</run_address>
         <size>0x20</size>
         <input_file_ref idref="fl-2e"/>
      </object_component>
      <object_component id="oc-13a">
         <name>.text:_system_post_cinit</name>
         <load_address>0x1180a5e0</load_address>
         <run_address>0x1180a5e0</run_address>
         <size>0x20</size>
         <input_file_ref idref="fl-25"/>
      </object_component>
      <object_component id="oc-66">
         <name>.text:_system_pre_init</name>
         <load_address>0x1180a600</load_address>
         <run_address>0x1180a600</run_address>
         <size>0x20</size>
         <input_file_ref idref="fl-24"/>
      </object_component>
      <object_component id="oc-a5">
         <name>.text:abort</name>
         <load_address>0x1180a620</load_address>
         <run_address>0x1180a620</run_address>
         <size>0x20</size>
         <input_file_ref idref="fl-37"/>
      </object_component>
      <object_component id="oc-12">
         <name>.text:decompress:none:__TI_decompress_none</name>
         <load_address>0x1180a640</load_address>
         <run_address>0x1180a640</run_address>
         <size>0x20</size>
         <input_file_ref idref="fl-28"/>
      </object_component>
      <object_component id="oc-18">
         <name>.text:decompress:rle24:__TI_decompress_rle24</name>
         <load_address>0x1180a660</load_address>
         <run_address>0x1180a660</run_address>
         <size>0x20</size>
         <input_file_ref idref="fl-29"/>
      </object_component>
      <object_component id="oc-2f5">
         <name>.switch:__TI_printfi</name>
         <load_address>0x1180bfa8</load_address>
         <run_address>0x1180bfa8</run_address>
         <size>0x38</size>
         <input_file_ref idref="fl-d"/>
      </object_component>
      <object_component id="oc-196">
         <name>.switch:SetSampleRate_AIC3106</name>
         <load_address>0x1180bfe0</load_address>
         <run_address>0x1180bfe0</run_address>
         <size>0x18</size>
         <input_file_ref idref="fl-3"/>
      </object_component>
      <object_component id="oc-186">
         <name>.far:table</name>
         <uninitialized>true</uninitialized>
         <run_address>0x1180a680</run_address>
         <size>0x438</size>
         <input_file_ref idref="fl-2"/>
      </object_component>
      <object_component id="oc-ff">
         <name>.far:buffin</name>
         <uninitialized>true</uninitialized>
         <run_address>0x1180aef0</run_address>
         <size>0xc</size>
         <input_file_ref idref="fl-4"/>
      </object_component>
      <object_component id="oc-279">
         <name>.far:r</name>
         <uninitialized>true</uninitialized>
         <run_address>0x1180aec8</run_address>
         <size>0x24</size>
         <input_file_ref idref="fl-6"/>
      </object_component>
      <object_component id="oc-273">
         <name>.far:fr</name>
         <uninitialized>true</uninitialized>
         <run_address>0x1180ac20</run_address>
         <size>0x168</size>
         <input_file_ref idref="fl-6"/>
      </object_component>
      <object_component id="oc-27c">
         <name>.far:fd</name>
         <uninitialized>true</uninitialized>
         <run_address>0x1180aab8</run_address>
         <size>0x168</size>
         <input_file_ref idref="fl-6"/>
      </object_component>
      <object_component id="oc-32d">
         <name>.common:__TI_tmpnams</name>
         <uninitialized>true</uninitialized>
         <run_address>0x1180ad88</run_address>
         <size>0x140</size>
      </object_component>
      <object_component id="oc-4c9">
         <name>.common:parmbuf</name>
         <uninitialized>true</uninitialized>
         <run_address>0x1180af00</run_address>
         <size>0x8</size>
      </object_component>
      <object_component id="oc-276">
         <name>.fardata:ffg</name>
         <load_address>0x1180af08</load_address>
         <run_address>0x1180af08</run_address>
         <size>0x240</size>
         <input_file_ref idref="fl-6"/>
      </object_component>
      <object_component id="oc-174">
         <name>.fardata</name>
         <load_address>0x1180b464</load_address>
         <run_address>0x1180b464</run_address>
         <size>0x4</size>
         <input_file_ref idref="fl-10"/>
      </object_component>
      <object_component id="oc-a2">
         <name>.fardata</name>
         <load_address>0x1180b440</load_address>
         <run_address>0x1180b440</run_address>
         <size>0xc</size>
         <input_file_ref idref="fl-37"/>
      </object_component>
      <object_component id="oc-410">
         <name>.fardata</name>
         <load_address>0x1180b44c</load_address>
         <run_address>0x1180b44c</run_address>
         <size>0x8</size>
         <input_file_ref idref="fl-38"/>
      </object_component>
      <object_component id="oc-171">
         <name>.fardata:_lock</name>
         <load_address>0x1180b454</load_address>
         <run_address>0x1180b454</run_address>
         <size>0x4</size>
         <input_file_ref idref="fl-39"/>
      </object_component>
      <object_component id="oc-17b">
         <name>.fardata:_unlock</name>
         <load_address>0x1180b458</load_address>
         <run_address>0x1180b458</run_address>
         <size>0x4</size>
         <input_file_ref idref="fl-39"/>
      </object_component>
      <object_component id="oc-175">
         <name>.fardata:_ftable</name>
         <load_address>0x1180b148</load_address>
         <run_address>0x1180b148</run_address>
         <size>0x1e0</size>
         <input_file_ref idref="fl-3f"/>
      </object_component>
      <object_component id="oc-178">
         <name>.fardata</name>
         <load_address>0x1180b45c</load_address>
         <run_address>0x1180b45c</run_address>
         <size>0x4</size>
         <input_file_ref idref="fl-3f"/>
      </object_component>
      <object_component id="oc-34a">
         <name>.fardata</name>
         <load_address>0x1180b468</load_address>
         <run_address>0x1180b468</run_address>
         <size>0x4</size>
         <input_file_ref idref="fl-41"/>
      </object_component>
      <object_component id="oc-392">
         <name>.fardata:_device</name>
         <load_address>0x1180b3c8</load_address>
         <run_address>0x1180b3c8</run_address>
         <size>0x78</size>
         <input_file_ref idref="fl-45"/>
      </object_component>
      <object_component id="oc-296">
         <name>.fardata:_stream</name>
         <load_address>0x1180b328</load_address>
         <run_address>0x1180b328</run_address>
         <size>0xa0</size>
         <input_file_ref idref="fl-45"/>
      </object_component>
      <object_component id="oc-3f3">
         <name>.fardata</name>
         <load_address>0x1180b460</load_address>
         <run_address>0x1180b460</run_address>
         <size>0x4</size>
         <input_file_ref idref="fl-47"/>
      </object_component>
      <object_component id="oc-189">
         <name>CE0</name>
         <uninitialized>true</uninitialized>
         <run_address>0xc0000000</run_address>
         <size>0x1950</size>
         <input_file_ref idref="fl-2"/>
      </object_component>
      <object_component id="oc-e0">
         <name>.debug_info</name>
         <load_address>0x0</load_address>
         <run_address>0x0</run_address>
         <size>0x682</size>
         <input_file_ref idref="fl-2"/>
      </object_component>
      <object_component id="oc-18a">
         <name>.debug_info</name>
         <load_address>0x682</load_address>
         <run_address>0x682</run_address>
         <size>0xd0</size>
         <input_file_ref idref="fl-2"/>
      </object_component>
      <object_component id="oc-70">
         <name>.debug_info</name>
         <load_address>0x752</load_address>
         <run_address>0x752</run_address>
         <size>0x124</size>
         <input_file_ref idref="fl-2"/>
      </object_component>
      <object_component id="oc-187">
         <name>.debug_info</name>
         <load_address>0x876</load_address>
         <run_address>0x876</run_address>
         <size>0xcd</size>
         <input_file_ref idref="fl-2"/>
      </object_component>
      <object_component id="oc-109">
         <name>.debug_info</name>
         <load_address>0x943</load_address>
         <run_address>0x943</run_address>
         <size>0x440</size>
         <input_file_ref idref="fl-2"/>
      </object_component>
      <object_component id="oc-2c">
         <name>.debug_info</name>
         <load_address>0xd83</load_address>
         <run_address>0xd83</run_address>
         <size>0x11a</size>
         <input_file_ref idref="fl-2"/>
      </object_component>
      <object_component id="oc-15c">
         <name>.debug_info</name>
         <load_address>0xe9d</load_address>
         <run_address>0xe9d</run_address>
         <size>0x99d</size>
         <input_file_ref idref="fl-2"/>
      </object_component>
      <object_component id="oc-166">
         <name>.debug_info</name>
         <load_address>0x183a</load_address>
         <run_address>0x183a</run_address>
         <size>0x26b</size>
         <input_file_ref idref="fl-2"/>
      </object_component>
      <object_component id="oc-81">
         <name>.debug_info</name>
         <load_address>0x1aa5</load_address>
         <run_address>0x1aa5</run_address>
         <size>0xc0</size>
         <input_file_ref idref="fl-2"/>
      </object_component>
      <object_component id="oc-161">
         <name>.debug_info</name>
         <load_address>0x1b65</load_address>
         <run_address>0x1b65</run_address>
         <size>0xbb</size>
         <input_file_ref idref="fl-2"/>
      </object_component>
      <object_component id="oc-20e">
         <name>.debug_info</name>
         <load_address>0x1c20</load_address>
         <run_address>0x1c20</run_address>
         <size>0x275</size>
         <input_file_ref idref="fl-2"/>
      </object_component>
      <object_component id="oc-19d">
         <name>.debug_info</name>
         <load_address>0x1e95</load_address>
         <run_address>0x1e95</run_address>
         <size>0x600</size>
         <input_file_ref idref="fl-3"/>
      </object_component>
      <object_component id="oc-194">
         <name>.debug_info</name>
         <load_address>0x2495</load_address>
         <run_address>0x2495</run_address>
         <size>0xd7</size>
         <input_file_ref idref="fl-3"/>
      </object_component>
      <object_component id="oc-110">
         <name>.debug_info</name>
         <load_address>0x256c</load_address>
         <run_address>0x256c</run_address>
         <size>0x1585</size>
         <input_file_ref idref="fl-3"/>
      </object_component>
      <object_component id="oc-12d">
         <name>.debug_info</name>
         <load_address>0x3af1</load_address>
         <run_address>0x3af1</run_address>
         <size>0x790</size>
         <input_file_ref idref="fl-4"/>
      </object_component>
      <object_component id="oc-100">
         <name>.debug_info</name>
         <load_address>0x4281</load_address>
         <run_address>0x4281</run_address>
         <size>0xcf</size>
         <input_file_ref idref="fl-4"/>
      </object_component>
      <object_component id="oc-9b">
         <name>.debug_info</name>
         <load_address>0x4350</load_address>
         <run_address>0x4350</run_address>
         <size>0x1f6</size>
         <input_file_ref idref="fl-4"/>
      </object_component>
      <object_component id="oc-1f3">
         <name>.debug_info</name>
         <load_address>0x4546</load_address>
         <run_address>0x4546</run_address>
         <size>0xcc</size>
         <input_file_ref idref="fl-4"/>
      </object_component>
      <object_component id="oc-2f8">
         <name>.debug_info</name>
         <load_address>0x4612</load_address>
         <run_address>0x4612</run_address>
         <size>0x2c</size>
         <input_file_ref idref="fl-4"/>
      </object_component>
      <object_component id="oc-22">
         <name>.debug_info</name>
         <load_address>0x463e</load_address>
         <run_address>0x463e</run_address>
         <size>0xdf</size>
         <input_file_ref idref="fl-5"/>
      </object_component>
      <object_component id="oc-280">
         <name>.debug_info</name>
         <load_address>0x471d</load_address>
         <run_address>0x471d</run_address>
         <size>0x654</size>
         <input_file_ref idref="fl-6"/>
      </object_component>
      <object_component id="oc-27a">
         <name>.debug_info</name>
         <load_address>0x4d71</load_address>
         <run_address>0x4d71</run_address>
         <size>0xc0</size>
         <input_file_ref idref="fl-6"/>
      </object_component>
      <object_component id="oc-26e">
         <name>.debug_info</name>
         <load_address>0x4e31</load_address>
         <run_address>0x4e31</run_address>
         <size>0x21c</size>
         <input_file_ref idref="fl-6"/>
      </object_component>
      <object_component id="oc-274">
         <name>.debug_info</name>
         <load_address>0x504d</load_address>
         <run_address>0x504d</run_address>
         <size>0xc2</size>
         <input_file_ref idref="fl-6"/>
      </object_component>
      <object_component id="oc-27d">
         <name>.debug_info</name>
         <load_address>0x510f</load_address>
         <run_address>0x510f</run_address>
         <size>0xc2</size>
         <input_file_ref idref="fl-6"/>
      </object_component>
      <object_component id="oc-277">
         <name>.debug_info</name>
         <load_address>0x51d1</load_address>
         <run_address>0x51d1</run_address>
         <size>0xc4</size>
         <input_file_ref idref="fl-6"/>
      </object_component>
      <object_component id="oc-26b">
         <name>.debug_info</name>
         <load_address>0x5295</load_address>
         <run_address>0x5295</run_address>
         <size>0xc6</size>
         <input_file_ref idref="fl-6"/>
      </object_component>
      <object_component id="oc-271">
         <name>.debug_info</name>
         <load_address>0x535b</load_address>
         <run_address>0x535b</run_address>
         <size>0xc7</size>
         <input_file_ref idref="fl-6"/>
      </object_component>
      <object_component id="oc-18f">
         <name>.debug_info</name>
         <load_address>0x5422</load_address>
         <run_address>0x5422</run_address>
         <size>0x4c5</size>
         <input_file_ref idref="fl-6"/>
      </object_component>
      <object_component id="oc-381">
         <name>.debug_info</name>
         <load_address>0x58e7</load_address>
         <run_address>0x58e7</run_address>
         <size>0x110</size>
         <input_file_ref idref="fl-6"/>
      </object_component>
      <object_component id="oc-281">
         <name>.debug_info</name>
         <load_address>0x59f7</load_address>
         <run_address>0x59f7</run_address>
         <size>0x39</size>
         <input_file_ref idref="fl-6"/>
      </object_component>
      <object_component id="oc-1cf">
         <name>.debug_info</name>
         <load_address>0x5a30</load_address>
         <run_address>0x5a30</run_address>
         <size>0x6af</size>
         <input_file_ref idref="fl-c"/>
      </object_component>
      <object_component id="oc-1c0">
         <name>.debug_info</name>
         <load_address>0x60df</load_address>
         <run_address>0x60df</run_address>
         <size>0x151</size>
         <input_file_ref idref="fl-c"/>
      </object_component>
      <object_component id="oc-1c6">
         <name>.debug_info</name>
         <load_address>0x6230</load_address>
         <run_address>0x6230</run_address>
         <size>0x160</size>
         <input_file_ref idref="fl-c"/>
      </object_component>
      <object_component id="oc-11e">
         <name>.debug_info</name>
         <load_address>0x6390</load_address>
         <run_address>0x6390</run_address>
         <size>0x198</size>
         <input_file_ref idref="fl-c"/>
      </object_component>
      <object_component id="oc-233">
         <name>.debug_info</name>
         <load_address>0x6528</load_address>
         <run_address>0x6528</run_address>
         <size>0xb2</size>
         <input_file_ref idref="fl-c"/>
      </object_component>
      <object_component id="oc-2f7">
         <name>.debug_info</name>
         <load_address>0x65da</load_address>
         <run_address>0x65da</run_address>
         <size>0x80d</size>
         <input_file_ref idref="fl-d"/>
      </object_component>
      <object_component id="oc-2b4">
         <name>.debug_info</name>
         <load_address>0x6de7</load_address>
         <run_address>0x6de7</run_address>
         <size>0x26a</size>
         <input_file_ref idref="fl-d"/>
      </object_component>
      <object_component id="oc-2ba">
         <name>.debug_info</name>
         <load_address>0x7051</load_address>
         <run_address>0x7051</run_address>
         <size>0x221</size>
         <input_file_ref idref="fl-d"/>
      </object_component>
      <object_component id="oc-3ca">
         <name>.debug_info</name>
         <load_address>0x7272</load_address>
         <run_address>0x7272</run_address>
         <size>0x1a8</size>
         <input_file_ref idref="fl-d"/>
      </object_component>
      <object_component id="oc-3d0">
         <name>.debug_info</name>
         <load_address>0x741a</load_address>
         <run_address>0x741a</run_address>
         <size>0x219</size>
         <input_file_ref idref="fl-d"/>
      </object_component>
      <object_component id="oc-2cc">
         <name>.debug_info</name>
         <load_address>0x7633</load_address>
         <run_address>0x7633</run_address>
         <size>0x303</size>
         <input_file_ref idref="fl-d"/>
      </object_component>
      <object_component id="oc-3d7">
         <name>.debug_info</name>
         <load_address>0x7936</load_address>
         <run_address>0x7936</run_address>
         <size>0x245</size>
         <input_file_ref idref="fl-d"/>
      </object_component>
      <object_component id="oc-2d2">
         <name>.debug_info</name>
         <load_address>0x7b7b</load_address>
         <run_address>0x7b7b</run_address>
         <size>0x271</size>
         <input_file_ref idref="fl-d"/>
      </object_component>
      <object_component id="oc-2d8">
         <name>.debug_info</name>
         <load_address>0x7dec</load_address>
         <run_address>0x7dec</run_address>
         <size>0x2eb</size>
         <input_file_ref idref="fl-d"/>
      </object_component>
      <object_component id="oc-2de">
         <name>.debug_info</name>
         <load_address>0x80d7</load_address>
         <run_address>0x80d7</run_address>
         <size>0x4ab</size>
         <input_file_ref idref="fl-d"/>
      </object_component>
      <object_component id="oc-1ca">
         <name>.debug_info</name>
         <load_address>0x8582</load_address>
         <run_address>0x8582</run_address>
         <size>0x6af</size>
         <input_file_ref idref="fl-d"/>
      </object_component>
      <object_component id="oc-2fd">
         <name>.debug_info</name>
         <load_address>0x8c31</load_address>
         <run_address>0x8c31</run_address>
         <size>0x86</size>
         <input_file_ref idref="fl-d"/>
      </object_component>
      <object_component id="oc-3fa">
         <name>.debug_info</name>
         <load_address>0x8cb7</load_address>
         <run_address>0x8cb7</run_address>
         <size>0x39</size>
         <input_file_ref idref="fl-d"/>
      </object_component>
      <object_component id="oc-4a9">
         <name>.debug_info</name>
         <load_address>0x8cf0</load_address>
         <run_address>0x8cf0</run_address>
         <size>0x94</size>
         <input_file_ref idref="fl-d"/>
      </object_component>
      <object_component id="oc-3ff">
         <name>.debug_info</name>
         <load_address>0x8d84</load_address>
         <run_address>0x8d84</run_address>
         <size>0x46</size>
         <input_file_ref idref="fl-d"/>
      </object_component>
      <object_component id="oc-307">
         <name>.debug_info</name>
         <load_address>0x8dca</load_address>
         <run_address>0x8dca</run_address>
         <size>0x46</size>
         <input_file_ref idref="fl-d"/>
      </object_component>
      <object_component id="oc-302">
         <name>.debug_info</name>
         <load_address>0x8e10</load_address>
         <run_address>0x8e10</run_address>
         <size>0x2c</size>
         <input_file_ref idref="fl-d"/>
      </object_component>
      <object_component id="oc-1f0">
         <name>.debug_info</name>
         <load_address>0x8e3c</load_address>
         <run_address>0x8e3c</run_address>
         <size>0x66f</size>
         <input_file_ref idref="fl-e"/>
      </object_component>
      <object_component id="oc-1ec">
         <name>.debug_info</name>
         <load_address>0x94ab</load_address>
         <run_address>0x94ab</run_address>
         <size>0x20c</size>
         <input_file_ref idref="fl-e"/>
      </object_component>
      <object_component id="oc-129">
         <name>.debug_info</name>
         <load_address>0x96b7</load_address>
         <run_address>0x96b7</run_address>
         <size>0x192</size>
         <input_file_ref idref="fl-e"/>
      </object_component>
      <object_component id="oc-316">
         <name>.debug_info</name>
         <load_address>0x9849</load_address>
         <run_address>0x9849</run_address>
         <size>0x611</size>
         <input_file_ref idref="fl-f"/>
      </object_component>
      <object_component id="oc-1d7">
         <name>.debug_info</name>
         <load_address>0x9e5a</load_address>
         <run_address>0x9e5a</run_address>
         <size>0x179</size>
         <input_file_ref idref="fl-f"/>
      </object_component>
      <object_component id="oc-185">
         <name>.debug_info</name>
         <load_address>0x9fd3</load_address>
         <run_address>0x9fd3</run_address>
         <size>0x6ab</size>
         <input_file_ref idref="fl-10"/>
      </object_component>
      <object_component id="oc-182">
         <name>.debug_info</name>
         <load_address>0xa67e</load_address>
         <run_address>0xa67e</run_address>
         <size>0x1ec</size>
         <input_file_ref idref="fl-10"/>
      </object_component>
      <object_component id="oc-226">
         <name>.debug_info</name>
         <load_address>0xa86a</load_address>
         <run_address>0xa86a</run_address>
         <size>0x16b</size>
         <input_file_ref idref="fl-10"/>
      </object_component>
      <object_component id="oc-103">
         <name>.debug_info</name>
         <load_address>0xa9d5</load_address>
         <run_address>0xa9d5</run_address>
         <size>0x1c2</size>
         <input_file_ref idref="fl-10"/>
      </object_component>
      <object_component id="oc-e5">
         <name>.debug_info</name>
         <load_address>0xab97</load_address>
         <run_address>0xab97</run_address>
         <size>0x2c</size>
         <input_file_ref idref="fl-10"/>
      </object_component>
      <object_component id="oc-3a4">
         <name>.debug_info</name>
         <load_address>0xabc3</load_address>
         <run_address>0xabc3</run_address>
         <size>0x64d</size>
         <input_file_ref idref="fl-11"/>
      </object_component>
      <object_component id="oc-2a0">
         <name>.debug_info</name>
         <load_address>0xb210</load_address>
         <run_address>0xb210</run_address>
         <size>0x212</size>
         <input_file_ref idref="fl-11"/>
      </object_component>
      <object_component id="oc-3a6">
         <name>.debug_info</name>
         <load_address>0xb422</load_address>
         <run_address>0xb422</run_address>
         <size>0x65e</size>
         <input_file_ref idref="fl-12"/>
      </object_component>
      <object_component id="oc-2a7">
         <name>.debug_info</name>
         <load_address>0xba80</load_address>
         <run_address>0xba80</run_address>
         <size>0x325</size>
         <input_file_ref idref="fl-12"/>
      </object_component>
      <object_component id="oc-f1">
         <name>.debug_info</name>
         <load_address>0xbda5</load_address>
         <run_address>0xbda5</run_address>
         <size>0x2c</size>
         <input_file_ref idref="fl-12"/>
      </object_component>
      <object_component id="oc-1bb">
         <name>.debug_info</name>
         <load_address>0xbdd1</load_address>
         <run_address>0xbdd1</run_address>
         <size>0x626</size>
         <input_file_ref idref="fl-13"/>
      </object_component>
      <object_component id="oc-115">
         <name>.debug_info</name>
         <load_address>0xc3f7</load_address>
         <run_address>0xc3f7</run_address>
         <size>0x2da</size>
         <input_file_ref idref="fl-13"/>
      </object_component>
      <object_component id="oc-1e8">
         <name>.debug_info</name>
         <load_address>0xc6d1</load_address>
         <run_address>0xc6d1</run_address>
         <size>0x640</size>
         <input_file_ref idref="fl-14"/>
      </object_component>
      <object_component id="oc-122">
         <name>.debug_info</name>
         <load_address>0xcd11</load_address>
         <run_address>0xcd11</run_address>
         <size>0x3aa</size>
         <input_file_ref idref="fl-14"/>
      </object_component>
      <object_component id="oc-1e3">
         <name>.debug_info</name>
         <load_address>0xd0bb</load_address>
         <run_address>0xd0bb</run_address>
         <size>0xbf</size>
         <input_file_ref idref="fl-14"/>
      </object_component>
      <object_component id="oc-295">
         <name>.debug_info</name>
         <load_address>0xd17a</load_address>
         <run_address>0xd17a</run_address>
         <size>0x63a</size>
         <input_file_ref idref="fl-15"/>
      </object_component>
      <object_component id="oc-1ad">
         <name>.debug_info</name>
         <load_address>0xd7b4</load_address>
         <run_address>0xd7b4</run_address>
         <size>0x201</size>
         <input_file_ref idref="fl-15"/>
      </object_component>
      <object_component id="oc-293">
         <name>.debug_info</name>
         <load_address>0xd9b5</load_address>
         <run_address>0xd9b5</run_address>
         <size>0x5c9</size>
         <input_file_ref idref="fl-16"/>
      </object_component>
      <object_component id="oc-1d2">
         <name>.debug_info</name>
         <load_address>0xdf7e</load_address>
         <run_address>0xdf7e</run_address>
         <size>0x18b</size>
         <input_file_ref idref="fl-16"/>
      </object_component>
      <object_component id="oc-1a4">
         <name>.debug_info</name>
         <load_address>0xe109</load_address>
         <run_address>0xe109</run_address>
         <size>0x17d</size>
         <input_file_ref idref="fl-16"/>
      </object_component>
      <object_component id="oc-38d">
         <name>.debug_info</name>
         <load_address>0xe286</load_address>
         <run_address>0xe286</run_address>
         <size>0x633</size>
         <input_file_ref idref="fl-17"/>
      </object_component>
      <object_component id="oc-28f">
         <name>.debug_info</name>
         <load_address>0xe8b9</load_address>
         <run_address>0xe8b9</run_address>
         <size>0x22b</size>
         <input_file_ref idref="fl-17"/>
      </object_component>
      <object_component id="oc-3f2">
         <name>.debug_info</name>
         <load_address>0xeae4</load_address>
         <run_address>0xeae4</run_address>
         <size>0x558</size>
         <input_file_ref idref="fl-18"/>
      </object_component>
      <object_component id="oc-2ea">
         <name>.debug_info</name>
         <load_address>0xf03c</load_address>
         <run_address>0xf03c</run_address>
         <size>0x14f</size>
         <input_file_ref idref="fl-18"/>
      </object_component>
      <object_component id="oc-49e">
         <name>.debug_info</name>
         <load_address>0xf18b</load_address>
         <run_address>0xf18b</run_address>
         <size>0x46</size>
         <input_file_ref idref="fl-18"/>
      </object_component>
      <object_component id="oc-3ed">
         <name>.debug_info</name>
         <load_address>0xf1d1</load_address>
         <run_address>0xf1d1</run_address>
         <size>0x39</size>
         <input_file_ref idref="fl-18"/>
      </object_component>
      <object_component id="oc-1a0">
         <name>.debug_info</name>
         <load_address>0xf20a</load_address>
         <run_address>0xf20a</run_address>
         <size>0x10e</size>
         <input_file_ref idref="fl-19"/>
      </object_component>
      <object_component id="oc-1b7">
         <name>.debug_info</name>
         <load_address>0xf318</load_address>
         <run_address>0xf318</run_address>
         <size>0x10c</size>
         <input_file_ref idref="fl-19"/>
      </object_component>
      <object_component id="oc-23f">
         <name>.debug_info</name>
         <load_address>0xf424</load_address>
         <run_address>0xf424</run_address>
         <size>0x114</size>
         <input_file_ref idref="fl-1a"/>
      </object_component>
      <object_component id="oc-198">
         <name>.debug_info</name>
         <load_address>0xf538</load_address>
         <run_address>0xf538</run_address>
         <size>0x114</size>
         <input_file_ref idref="fl-1b"/>
      </object_component>
      <object_component id="oc-38">
         <name>.debug_info</name>
         <load_address>0xf64c</load_address>
         <run_address>0xf64c</run_address>
         <size>0x121</size>
         <input_file_ref idref="fl-1c"/>
      </object_component>
      <object_component id="oc-248">
         <name>.debug_info</name>
         <load_address>0xf76d</load_address>
         <run_address>0xf76d</run_address>
         <size>0x114</size>
         <input_file_ref idref="fl-1d"/>
      </object_component>
      <object_component id="oc-75">
         <name>.debug_info</name>
         <load_address>0xf881</load_address>
         <run_address>0xf881</run_address>
         <size>0x5de</size>
         <input_file_ref idref="fl-1e"/>
      </object_component>
      <object_component id="oc-31">
         <name>.debug_info</name>
         <load_address>0xfe5f</load_address>
         <run_address>0xfe5f</run_address>
         <size>0xf5</size>
         <input_file_ref idref="fl-1e"/>
      </object_component>
      <object_component id="oc-26">
         <name>.debug_info</name>
         <load_address>0xff54</load_address>
         <run_address>0xff54</run_address>
         <size>0x182</size>
         <input_file_ref idref="fl-1e"/>
      </object_component>
      <object_component id="oc-481">
         <name>.debug_info</name>
         <load_address>0x100d6</load_address>
         <run_address>0x100d6</run_address>
         <size>0x553</size>
         <input_file_ref idref="fl-1f"/>
      </object_component>
      <object_component id="oc-3b3">
         <name>.debug_info</name>
         <load_address>0x10629</load_address>
         <run_address>0x10629</run_address>
         <size>0x1d5</size>
         <input_file_ref idref="fl-1f"/>
      </object_component>
      <object_component id="oc-47f">
         <name>.debug_info</name>
         <load_address>0x107fe</load_address>
         <run_address>0x107fe</run_address>
         <size>0x573</size>
         <input_file_ref idref="fl-20"/>
      </object_component>
      <object_component id="oc-479">
         <name>.debug_info</name>
         <load_address>0x10d71</load_address>
         <run_address>0x10d71</run_address>
         <size>0x183</size>
         <input_file_ref idref="fl-20"/>
      </object_component>
      <object_component id="oc-3ae">
         <name>.debug_info</name>
         <load_address>0x10ef4</load_address>
         <run_address>0x10ef4</run_address>
         <size>0x269</size>
         <input_file_ref idref="fl-20"/>
      </object_component>
      <object_component id="oc-436">
         <name>.debug_info</name>
         <load_address>0x1115d</load_address>
         <run_address>0x1115d</run_address>
         <size>0x553</size>
         <input_file_ref idref="fl-21"/>
      </object_component>
      <object_component id="oc-360">
         <name>.debug_info</name>
         <load_address>0x116b0</load_address>
         <run_address>0x116b0</run_address>
         <size>0x1a4</size>
         <input_file_ref idref="fl-21"/>
      </object_component>
      <object_component id="oc-359">
         <name>.debug_info</name>
         <load_address>0x11854</load_address>
         <run_address>0x11854</run_address>
         <size>0x18b</size>
         <input_file_ref idref="fl-21"/>
      </object_component>
      <object_component id="oc-431">
         <name>.debug_info</name>
         <load_address>0x119df</load_address>
         <run_address>0x119df</run_address>
         <size>0x39</size>
         <input_file_ref idref="fl-21"/>
      </object_component>
      <object_component id="oc-4c2">
         <name>.debug_info</name>
         <load_address>0x11a18</load_address>
         <run_address>0x11a18</run_address>
         <size>0x2c</size>
         <input_file_ref idref="fl-21"/>
      </object_component>
      <object_component id="oc-f0">
         <name>.debug_info</name>
         <load_address>0x11a44</load_address>
         <run_address>0x11a44</run_address>
         <size>0x563</size>
         <input_file_ref idref="fl-22"/>
      </object_component>
[...]
      </symbol>
      <symbol id="sm-12b">
         <name>WriteCodecData</name>
         <value>0x118037cc</value>
         <object_component_ref idref="oc-10e"/>
      </symbol>
      <symbol id="sm-12c">
         <name>Reset_AIC3106</name>
         <value>0x11803a98</value>
         <object_component_ref idref="oc-10e"/>
      </symbol>
      <symbol id="sm-12d">
         <name>WriteLEDs</name>
         <value>0x11803420</value>
         <object_component_ref idref="oc-10e"/>
      </symbol>
      <symbol id="sm-12e">
         <name>Init_Interrupts</name>
         <value>0x11803550</value>
         <object_component_ref idref="oc-10e"/>
      </symbol>
      <symbol id="sm-12f">
         <name>wait</name>
         <value>0x11803624</value>
         <object_component_ref idref="oc-10e"/>
      </symbol>
      <symbol id="sm-130">
         <name>Init_McASP0</name>
         <value>0x11803c14</value>
         <object_component_ref idref="oc-10e"/>
      </symbol>
      <symbol id="sm-131">
         <name>AIC3106_write_reg</name>
         <value>0x11803a58</value>
         <object_component_ref idref="oc-10e"/>
      </symbol>
      <symbol id="sm-132">
         <name>Init_UART2</name>
         <value>0x11803f94</value>
         <object_component_ref idref="oc-10e"/>
      </symbol>
      <symbol id="sm-133">
         <name>Init_I2C</name>
         <value>0x11803654</value>
         <object_component_ref idref="oc-10e"/>
      </symbol>
      <symbol id="sm-134">
         <name>EnableInterrupts</name>
         <value>0x1180358c</value>
         <object_component_ref idref="oc-10e"/>
      </symbol>
      <symbol id="sm-135">
         <name>Puts_UART2</name>
         <value>0x1180406c</value>
         <object_component_ref idref="oc-10e"/>
      </symbol>
      <symbol id="sm-136">
         <name>Init_AIC3106</name>
         <value>0x11803820</value>
         <object_component_ref idref="oc-10e"/>
      </symbol>
      <symbol id="sm-137">
         <name>Write_I2C</name>
         <value>0x118036c8</value>
         <object_component_ref idref="oc-10e"/>
      </symbol>
      <symbol id="sm-138">
         <name>SetSampleRate_AIC3106</name>
         <value>0x11803ac4</value>
         <object_component_ref idref="oc-10e"/>
      </symbol>
      <symbol id="sm-168">
         <name>main</name>
         <value>0x11808fa0</value>
         <object_component_ref idref="oc-9a"/>
      </symbol>
      <symbol id="sm-236">
         <name>wave</name>
         <value>0x1180bdf8</value>
         <object_component_ref idref="oc-270"/>
      </symbol>
      <symbol id="sm-237">
         <name>Demodulate</name>
         <value>0x11802434</value>
         <object_component_ref idref="oc-18c"/>
      </symbol>
      <symbol id="sm-238">
         <name>Modulate</name>
         <value>0x11802240</value>
         <object_component_ref idref="oc-18c"/>
      </symbol>
      <symbol id="sm-260">
         <name>printf</name>
         <value>0x11809160</value>
         <object_component_ref idref="oc-11a"/>
      </symbol>
      <symbol id="sm-476">
         <name>__TI_printfi</name>
         <value>0x11800200</value>
         <object_component_ref idref="oc-1c8"/>
      </symbol>
      <symbol id="sm-49b">
         <name>__TI_closefile</name>
         <value>0x118081e0</value>
         <object_component_ref idref="oc-1e9"/>
      </symbol>
      <symbol id="sm-49c">
         <name>fclose</name>
         <value>0x11809fa0</value>
         <object_component_ref idref="oc-126"/>
      </symbol>
      <symbol id="sm-4ab">
         <name>__TI_doflush</name>
         <value>0x11809480</value>
         <object_component_ref idref="oc-1d6"/>
      </symbol>
      <symbol id="sm-4e5">
         <name>__TI_cleanup</name>
         <value>0x11809a60</value>
         <object_component_ref idref="oc-224"/>
      </symbol>
      <symbol id="sm-4e6">
         <name>fopen</name>
         <value>0x11807fa0</value>
         <object_component_ref idref="oc-102"/>
      </symbol>
      <symbol id="sm-505">
         <name>putc</name>
         <value>0x118071a0</value>
         <object_component_ref idref="oc-29e"/>
      </symbol>
      <symbol id="sm-506">
         <name>fputc</name>
         <value>0x118071a0</value>
         <object_component_ref idref="oc-29e"/>
      </symbol>
      <symbol id="sm-53a">
         <name>fputs</name>
         <value>0x11805900</value>
         <object_component_ref idref="oc-2a5"/>
      </symbol>
      <symbol id="sm-55f">
         <name>fread</name>
         <value>0x11806600</value>
         <object_component_ref idref="oc-114"/>
      </symbol>
      <symbol id="sm-59a">
         <name>fwrite</name>
         <value>0x11805540</value>
         <object_component_ref idref="oc-120"/>
      </symbol>
      <symbol id="sm-5b2">
         <name>__TI_buff_read</name>
         <value>0x11807bc0</value>
         <object_component_ref idref="oc-1a9"/>
      </symbol>
      <symbol id="sm-5cd">
         <name>__TI_wrt_ok</name>
         <value>0x11808a60</value>
         <object_component_ref idref="oc-1d0"/>
      </symbol>
      <symbol id="sm-5ce">
         <name>__TI_rd_ok</name>
         <value>0x11809b00</value>
         <object_component_ref idref="oc-1a3"/>
      </symbol>
      <symbol id="sm-5ea">
         <name>setvbuf</name>
         <value>0x118076e0</value>
         <object_component_ref idref="oc-28c"/>
      </symbol>
      <symbol id="sm-604">
         <name>wcslen</name>
         <value>0x1180a4c0</value>
         <object_component_ref idref="oc-2e8"/>
      </symbol>
      <symbol id="sm-612">
         <name>__c6xabi_push_rts</name>
         <value>0x1180a540</value>
         <object_component_ref idref="oc-19e"/>
      </symbol>
      <symbol id="sm-613">
         <name>__pop_rts</name>
         <value>0x1180a520</value>
         <object_component_ref idref="oc-1b5"/>
      </symbol>
      <symbol id="sm-614">
         <name>__c6xabi_pop_rts</name>
         <value>0x1180a520</value>
         <object_component_ref idref="oc-1b5"/>
      </symbol>
      <symbol id="sm-615">
         <name>__push_rts</name>
         <value>0x1180a540</value>
         <object_component_ref idref="oc-19e"/>
      </symbol>
      <symbol id="sm-61e">
         <name>__c6xabi_divi</name>
         <value>0x11808d00</value>
         <object_component_ref idref="oc-23c"/>
      </symbol>
      <symbol id="sm-61f">
         <name>__divi</name>
         <value>0x11808d00</value>
         <object_component_ref idref="oc-23c"/>
      </symbol>
      <symbol id="sm-628">
         <name>__c6xabi_divu</name>
         <value>0x118096c0</value>
         <object_component_ref idref="oc-197"/>
      </symbol>
      <symbol id="sm-629">
         <name>__divu</name>
         <value>0x118096c0</value>
         <object_component_ref idref="oc-197"/>
      </symbol>
      <symbol id="sm-632">
         <name>memcpy</name>
         <value>0x11809ce0</value>
         <object_component_ref idref="oc-36"/>
      </symbol>
      <symbol id="sm-63b">
         <name>__remi</name>
         <value>0x11809780</value>
         <object_component_ref idref="oc-247"/>
      </symbol>
      <symbol id="sm-63c">
         <name>__c6xabi_remi</name>
         <value>0x11809780</value>
         <object_component_ref idref="oc-247"/>
      </symbol>
      <symbol id="sm-652">
         <name>_c_int00</name>
         <value>0x11809f20</value>
         <object_component_ref idref="oc-1f"/>
      </symbol>
      <symbol id="sm-653">
         <name>_stack</name>
         <value>0x1180b470</value>
         <object_component_ref idref="oc-30"/>
      </symbol>
      <symbol id="sm-664">
         <name>__c6xabi_divul</name>
         <value>0x11806e20</value>
         <object_component_ref idref="oc-3b2"/>
      </symbol>
      <symbol id="sm-680">
         <name>_subcull</name>
         <value>0x1180a1e0</value>
         <object_component_ref idref="oc-478"/>
      </symbol>
      <symbol id="sm-681">
         <name>__c6xabi_divull</name>
         <value>0x118063a0</value>
         <object_component_ref idref="oc-3ac"/>
      </symbol>
      <symbol id="sm-6a1">
         <name>__c6xabi_llshru</name>
         <value>0x1180a180</value>
         <object_component_ref idref="oc-35f"/>
      </symbol>
      <symbol id="sm-6a2">
         <name>__c6xabi_llshl</name>
         <value>0x11809ea0</value>
         <object_component_ref idref="oc-357"/>
      </symbol>
      <symbol id="sm-6b2">
         <name>memset</name>
         <value>0x11809080</value>
         <object_component_ref idref="oc-86"/>
      </symbol>
      <symbol id="sm-6d7">
         <name>__TI_auto_init_nobinit_nopinit</name>
         <value>0x118093c0</value>
         <object_component_ref idref="oc-ae"/>
      </symbol>
      <symbol id="sm-6e0">
         <name>_system_pre_init</name>
         <value>0x1180a600</value>
         <object_component_ref idref="oc-66"/>
      </symbol>
      <symbol id="sm-6e9">
         <name>_system_post_cinit</name>
         <value>0x1180a5e0</value>
         <object_component_ref idref="oc-13a"/>
      </symbol>
      <symbol id="sm-702">
         <name>__TI_decompress_none</name>
         <value>0x1180a640</value>
         <object_component_ref idref="oc-12"/>
      </symbol>
      <symbol id="sm-72d">
         <name>__TI_decompress_rle24</name>
         <value>0x1180a660</value>
         <object_component_ref idref="oc-18"/>
      </symbol>
      <symbol id="sm-741">
         <name>frexpl</name>
         <value>0x11807360</value>
         <object_component_ref idref="oc-3dd"/>
      </symbol>
      <symbol id="sm-742">
         <name>frexp</name>
         <value>0x11807360</value>
         <object_component_ref idref="oc-3dd"/>
      </symbol>
      <symbol id="sm-75f">
         <name>__c6xabi_isinf</name>
         <value>0x1180a400</value>
         <object_component_ref idref="oc-2be"/>
      </symbol>
      <symbol id="sm-772">
         <name>scalbn</name>
         <value>0x11807a40</value>
         <object_component_ref idref="oc-3e3"/>
      </symbol>
      <symbol id="sm-773">
         <name>scalbnl</name>
         <value>0x11807a40</value>
         <object_component_ref idref="oc-3e3"/>
      </symbol>
      <symbol id="sm-774">
         <name>ldexpl</name>
         <value>0x11807a40</value>
         <object_component_ref idref="oc-3e3"/>
      </symbol>
      <symbol id="sm-775">
         <name>ldexp</name>
         <value>0x11807a40</value>
         <object_component_ref idref="oc-3e3"/>
      </symbol>
      <symbol id="sm-787">
         <name>sqrtl</name>
         <value>0x11807d20</value>
         <object_component_ref idref="oc-25e"/>
      </symbol>
      <symbol id="sm-788">
         <name>sqrt</name>
         <value>0x11807d20</value>
         <object_component_ref idref="oc-25e"/>
      </symbol>
      <symbol id="sm-791">
         <name>_signbit</name>
         <value>0x1180a5c0</value>
         <object_component_ref idref="oc-2c4"/>
      </symbol>
      <symbol id="sm-7a3">
         <name>__c6xabi_divf</name>
         <value>0x11806120</value>
         <object_component_ref idref="oc-241"/>
      </symbol>
      <symbol id="sm-7b3">
         <name>__c6xabi_fixflli</name>
         <value>0x11808c20</value>
         <object_component_ref idref="oc-252"/>
      </symbol>
      <symbol id="sm-7c1">
         <name>__c6xabi_fltllif</name>
         <value>0x11809600</value>
         <object_component_ref idref="oc-24c"/>
      </symbol>
      <symbol id="sm-7e0">
         <name>__c6xabi_divd</name>
         <value>0x118047a0</value>
         <object_component_ref idref="oc-3bc"/>
      </symbol>
      <symbol id="sm-7f2">
         <name>__c6xabi_fixdlli</name>
         <value>0x11808b40</value>
         <object_component_ref idref="oc-264"/>
      </symbol>
      <symbol id="sm-800">
         <name>__c6xabi_fltllid</name>
         <value>0x11809540</value>
         <object_component_ref idref="oc-258"/>
      </symbol>
      <symbol id="sm-813">
         <name>__TI_frcmpyd_div</name>
         <value>0x1180a3c0</value>
         <object_component_ref idref="oc-482"/>
      </symbol>
      <symbol id="sm-82c">
         <name>__TI_tls_init</name>
         <value>0x11809900</value>
         <object_component_ref idref="oc-140"/>
      </symbol>
      <symbol id="sm-84d">
         <name>C$$EXIT</name>
         <value>0x1180a620</value>
         <object_component_ref idref="oc-a5"/>
      </symbol>
      <symbol id="sm-84e">
         <name>abort</name>
         <value>0x1180a620</value>
         <object_component_ref idref="oc-a5"/>
      </symbol>
      <symbol id="sm-84f">
         <name>exit</name>
         <value>0x11808ec0</value>
         <object_component_ref idref="oc-60"/>
      </symbol>
      <symbol id="sm-850">
         <name>__TI_dtors_ptr</name>
         <value>0x1180b444</value>
         <object_component_ref idref="oc-a2"/>
      </symbol>
      <symbol id="sm-851">
         <name>__TI_cleanup_ptr</name>
         <value>0x1180b440</value>
         <object_component_ref idref="oc-a2"/>
      </symbol>
      <symbol id="sm-852">
         <name>__TI_enable_exit_profile_output</name>
         <value>0x1180b448</value>
         <object_component_ref idref="oc-a2"/>
      </symbol>
      <symbol id="sm-8b8">
         <name>_sys_memory</name>
         <value>0x1180b870</value>
         <object_component_ref idref="oc-33"/>
      </symbol>
      <symbol id="sm-8b9">
         <name>free</name>
         <value>0x11805180</value>
         <object_component_ref idref="oc-31b"/>
      </symbol>
      <symbol id="sm-8ba">
         <name>malloc</name>
         <value>0x11807520</value>
         <object_component_ref idref="oc-386"/>
      </symbol>
      <symbol id="sm-8d0">
         <name>_nop</name>
         <value>0x1180a560</value>
         <object_component_ref idref="oc-213"/>
      </symbol>
      <symbol id="sm-8d1">
         <name>_lock</name>
         <value>0x1180b454</value>
         <object_component_ref idref="oc-171"/>
      </symbol>
      <symbol id="sm-8d2">
         <name>_unlock</name>
         <value>0x1180b458</value>
         <object_component_ref idref="oc-17b"/>
      </symbol>
      <symbol id="sm-8e2">
         <name>__TI_ltoa</name>
         <value>0x11808980</value>
         <object_component_ref idref="oc-3c2"/>
      </symbol>
      <symbol id="sm-8f4">
         <name>_args_main</name>
         <value>0x1180a480</value>
         <object_component_ref idref="oc-5a"/>
      </symbol>
      <symbol id="sm-908">
         <name>atoi</name>
         <value>0x118084e0</value>
         <object_component_ref idref="oc-2ac"/>
      </symbol>
      <symbol id="sm-924">
         <name>close</name>
         <value>0x11808de0</value>
         <object_component_ref idref="oc-321"/>
      </symbol>
      <symbol id="sm-92e">
         <name>_ctypes_</name>
         <value>0x1180bc70</value>
         <object_component_ref idref="oc-3a7"/>
      </symbol>
      <symbol id="sm-93e">
         <name>__TI_tmpnams</name>
         <value>0x1180ad88</value>
      </symbol>
      <symbol id="sm-93f">
         <name>_ftable</name>
         <value>0x1180b148</value>
         <object_component_ref idref="oc-175"/>
      </symbol>
      <symbol id="sm-940">
         <name>__TI_ft_end</name>
         <value>0x1180b45c</value>
         <object_component_ref idref="oc-178"/>
      </symbol>
      <symbol id="sm-951">
         <name>memccpy</name>
         <value>0x1180a2a0</value>
         <object_component_ref idref="oc-2e2"/>
      </symbol>
      <symbol id="sm-973">
         <name>open</name>
         <value>0x11806840</value>
         <object_component_ref idref="oc-22a"/>
      </symbol>
      <symbol id="sm-982">
         <name>read</name>
         <value>0x1180a300</value>
         <object_component_ref idref="oc-1af"/>
      </symbol>
      <symbol id="sm-998">
         <name>unlink</name>
         <value>0x1180a0a0</value>
         <object_component_ref idref="oc-327"/>
      </symbol>
      <symbol id="sm-9b1">
         <name>_stream</name>
         <value>0x1180b328</value>
         <object_component_ref idref="oc-296"/>
      </symbol>
      <symbol id="sm-9b2">
         <name>_device</name>
         <value>0x1180b3c8</value>
         <object_component_ref idref="oc-392"/>
      </symbol>
      <symbol id="sm-9b3">
         <name>write</name>
         <value>0x1180a360</value>
         <object_component_ref idref="oc-1dc"/>
      </symbol>
      <symbol id="sm-9c5">
         <name>__errno</name>
         <value>0x1180b460</value>
         <object_component_ref idref="oc-3f3"/>
      </symbol>
      <symbol id="sm-9c6">
         <name>errno</name>
         <value>0x1180b460</value>
         <object_component_ref idref="oc-3f3"/>
      </symbol>
      <symbol id="sm-9c7">
         <name>__c6xabi_errno_addr</name>
         <value>0x1180a500</value>
         <object_component_ref idref="oc-2ee"/>
      </symbol>
      <symbol id="sm-9df">
         <name>fseek</name>
         <value>0x118085e0</value>
         <object_component_ref idref="oc-30e"/>
      </symbol>
      <symbol id="sm-a04">
         <name>finddevice</name>
         <value>0x11809c40</value>
         <object_component_ref idref="oc-424"/>
      </symbol>
      <symbol id="sm-a05">
         <name>getdevice</name>
         <value>0x118080c0</value>
         <object_component_ref idref="oc-34b"/>
      </symbol>
      <symbol id="sm-a15">
         <name>lseek</name>
         <value>0x1180a240</value>
         <object_component_ref idref="oc-404"/>
      </symbol>
      <symbol id="sm-a25">
         <name>HOSTclose</name>
         <value>0x118099c0</value>
         <object_component_ref idref="oc-449"/>
      </symbol>
      <symbol id="sm-a35">
         <name>HOSTlseek</name>
         <value>0x118086e0</value>
         <object_component_ref idref="oc-45b"/>
      </symbol>
      <symbol id="sm-a49">
         <name>parmbuf</name>
         <value>0x1180af00</value>
      </symbol>
      <symbol id="sm-a4a">
         <name>HOSTopen</name>
         <value>0x118087c0</value>
         <object_component_ref idref="oc-443"/>
      </symbol>
      <symbol id="sm-a5a">
         <name>HOSTread</name>
         <value>0x11809240</value>
         <object_component_ref idref="oc-44f"/>
      </symbol>
      <symbol id="sm-a78">
         <name>HOSTrename</name>
         <value>0x118078a0</value>
         <object_component_ref idref="oc-467"/>
      </symbol>
      <symbol id="sm-a8b">
         <name>HOSTunlink</name>
         <value>0x11809300</value>
         <object_component_ref idref="oc-461"/>
      </symbol>
      <symbol id="sm-a9b">
         <name>HOSTwrite</name>
         <value>0x118088a0</value>
         <object_component_ref idref="oc-455"/>
      </symbol>
      <symbol id="sm-ac1">
         <name>__TI_readmsg</name>
         <value>0x11809e20</value>
         <object_component_ref idref="oc-4d2"/>
      </symbol>
      <symbol id="sm-ac2">
         <name>C$$IO$$</name>
         <value>0x1180a178</value>
         <object_component_ref idref="oc-4cc"/>
      </symbol>
      <symbol id="sm-ac3">
         <name>__CIOBUF_</name>
         <value>0x1180be88</value>
         <object_component_ref idref="oc-50b"/>
      </symbol>
      <symbol id="sm-ac4">
         <name>__TI_writemsg</name>
         <value>0x1180a120</value>
         <object_component_ref idref="oc-4cc"/>
      </symbol>
      <symbol id="sm-ac5">
         <name>__TI_STATIC_BASE</name>
         <value>0x1180bff8</value>
      </symbol>
      <symbol id="sm-ac7">
         <name>__TI_TLS_INIT_Base</name>
         <value>0x0</value>
      </symbol>
      <symbol id="sm-ac8">
         <name>__TI_TLS_INIT_Limit</name>
         <value>0x0</value>
      </symbol>
      <symbol id="sm-ac9">
         <name>remove</name>
         <value>0x1180a0a0</value>
      </symbol>
   </symbol_table>
   <title>Link successful</title>
</link_info>
