<?xml version="1.0" encoding="ISO-8859-1" ?>
<link_info>
   <banner>TMS320C6x Linker PC v8.3.7</banner>
   <copyright>Copyright (c) 1996-2018 Texas Instruments Incorporated</copyright>
   <link_time>0x6098aa02</link_time>
   <link_errors>0x0</link_errors>
   <output_file>modulate.out</output_file>
   <entry_point>
      <name>_c_int00</name>
      <address>0x11809aa0</address>
   </entry_point>
   <input_file_list>
      <input_file id="fl-2">
         <path>.\</path>
         <kind>object</kind>
         <file>ISRs_talkthrough.obj</file>
         <name>ISRs_talkthrough.obj</name>
      </input_file>
      <input_file id="fl-3">
         <path>.\</path>
         <kind>object</kind>
         <file>LCDK_Support_DSP.obj</file>
         <name>LCDK_Support_DSP.obj</name>
      </input_file>
      <input_file id="fl-4">
         <path>.\</path>
         <kind>object</kind>
         <file>main_talkthrough.obj</file>
         <name>main_talkthrough.obj</name>
      </input_file>
      <input_file id="fl-5">
         <path>.\</path>
         <kind>object</kind>
         <file>vectors_EDMA.obj</file>
         <name>vectors_EDMA.obj</name>
      </input_file>
      <input_file id="fl-6">
         <path>.\modem\</path>
         <kind>object</kind>
         <file>modem.obj</file>
         <name>modem.obj</name>
      </input_file>
      <input_file id="fl-b">
         <kind>object</kind>
         <file>&lt;internal&gt;</file>
         <name>&lt;internal&gt;</name>
      </input_file>
      <input_file id="fl-c">
         <path>C:\ti\ccsv7\tools\compiler\ti-cgt-c6000_8.3.7\lib\</path>
         <kind>archive</kind>
         <file>rts6740_elf.lib</file>
         <name>printf.c.obj</name>
      </input_file>
      <input_file id="fl-d">
         <path>C:\ti\ccsv7\tools\compiler\ti-cgt-c6000_8.3.7\lib\</path>
         <kind>archive</kind>
         <file>rts6740_elf.lib</file>
         <name>_printfi.c.obj</name>
      </input_file>
      <input_file id="fl-e">
         <path>C:\ti\ccsv7\tools\compiler\ti-cgt-c6000_8.3.7\lib\</path>
         <kind>archive</kind>
         <file>rts6740_elf.lib</file>
         <name>fclose.c.obj</name>
      </input_file>
      <input_file id="fl-f">
         <path>C:\ti\ccsv7\tools\compiler\ti-cgt-c6000_8.3.7\lib\</path>
         <kind>archive</kind>
         <file>rts6740_elf.lib</file>
         <name>fflush.c.obj</name>
      </input_file>
      <input_file id="fl-10">
         <path>C:\ti\ccsv7\tools\compiler\ti-cgt-c6000_8.3.7\lib\</path>
         <kind>archive</kind>
         <file>rts6740_elf.lib</file>
         <name>fopen.c.obj</name>
      </input_file>
      <input_file id="fl-11">
         <path>C:\ti\ccsv7\tools\compiler\ti-cgt-c6000_8.3.7\lib\</path>
         <kind>archive</kind>
         <file>rts6740_elf.lib</file>
         <name>fputc.c.obj</name>
      </input_file>
      <input_file id="fl-12">
         <path>C:\ti\ccsv7\tools\compiler\ti-cgt-c6000_8.3.7\lib\</path>
         <kind>archive</kind>
         <file>rts6740_elf.lib</file>
         <name>fputs.c.obj</name>
      </input_file>
      <input_file id="fl-13">
         <path>C:\ti\ccsv7\tools\compiler\ti-cgt-c6000_8.3.7\lib\</path>
         <kind>archive</kind>
         <file>rts6740_elf.lib</file>
         <name>_io_perm.c.obj</name>
      </input_file>
      <input_file id="fl-14">
         <path>C:\ti\ccsv7\tools\compiler\ti-cgt-c6000_8.3.7\lib\</path>
         <kind>archive</kind>
         <file>rts6740_elf.lib</file>
         <name>setvbuf.c.obj</name>
      </input_file>
      <input_file id="fl-15">
         <path>C:\ti\ccsv7\tools\compiler\ti-cgt-c6000_8.3.7\lib\</path>
         <kind>archive</kind>
         <file>rts6740_elf.lib</file>
         <name>wcslen.c.obj</name>
      </input_file>
      <input_file id="fl-16">
         <path>C:\ti\ccsv7\tools\compiler\ti-cgt-c6000_8.3.7\lib\</path>
         <kind>archive</kind>
         <file>rts6740_elf.lib</file>
         <name>push.asm.obj</name>
      </input_file>
      <input_file id="fl-17">
         <path>C:\ti\ccsv7\tools\compiler\ti-cgt-c6000_8.3.7\lib\</path>
         <kind>archive</kind>
         <file>rts6740_elf.lib</file>
         <name>divu.asm.obj</name>
      </input_file>
      <input_file id="fl-18">
         <path>C:\ti\ccsv7\tools\compiler\ti-cgt-c6000_8.3.7\lib\</path>
         <kind>archive</kind>
         <file>rts6740_elf.lib</file>
         <name>memcpy64.asm.obj</name>
      </input_file>
      <input_file id="fl-19">
         <path>C:\ti\ccsv7\tools\compiler\ti-cgt-c6000_8.3.7\lib\</path>
         <kind>archive</kind>
         <file>rts6740_elf.lib</file>
         <name>boot.c.obj</name>
      </input_file>
      <input_file id="fl-1a">
         <path>C:\ti\ccsv7\tools\compiler\ti-cgt-c6000_8.3.7\lib\</path>
         <kind>archive</kind>
         <file>rts6740_elf.lib</file>
         <name>imath40.c.obj</name>
      </input_file>
      <input_file id="fl-1b">
         <path>C:\ti\ccsv7\tools\compiler\ti-cgt-c6000_8.3.7\lib\</path>
         <kind>archive</kind>
         <file>rts6740_elf.lib</file>
         <name>imath64.c.obj</name>
      </input_file>
      <input_file id="fl-1c">
         <path>C:\ti\ccsv7\tools\compiler\ti-cgt-c6000_8.3.7\lib\</path>
         <kind>archive</kind>
         <file>rts6740_elf.lib</file>
         <name>llshift.c.obj</name>
      </input_file>
      <input_file id="fl-1d">
         <path>C:\ti\ccsv7\tools\compiler\ti-cgt-c6000_8.3.7\lib\</path>
         <kind>archive</kind>
         <file>rts6740_elf.lib</file>
         <name>memset.c.obj</name>
      </input_file>
      <input_file id="fl-1e">
         <path>C:\ti\ccsv7\tools\compiler\ti-cgt-c6000_8.3.7\lib\</path>
         <kind>archive</kind>
         <file>rts6740_elf.lib</file>
         <name>autoinit.c.obj</name>
      </input_file>
      <input_file id="fl-1f">
         <path>C:\ti\ccsv7\tools\compiler\ti-cgt-c6000_8.3.7\lib\</path>
         <kind>archive</kind>
         <file>rts6740_elf.lib</file>
         <name>pre_init.c.obj</name>
      </input_file>
      <input_file id="fl-20">
         <path>C:\ti\ccsv7\tools\compiler\ti-cgt-c6000_8.3.7\lib\</path>
         <kind>archive</kind>
         <file>rts6740_elf.lib</file>
         <name>startup.c.obj</name>
      </input_file>
      <input_file id="fl-21">
         <path>C:\ti\ccsv7\tools\compiler\ti-cgt-c6000_8.3.7\lib\</path>
         <kind>archive</kind>
         <file>rts6740_elf.lib</file>
         <name>cpy_tbl.c.obj</name>
      </input_file>
      <input_file id="fl-22">
         <path>C:\ti\ccsv7\tools\compiler\ti-cgt-c6000_8.3.7\lib\</path>
         <kind>archive</kind>
         <file>rts6740_elf.lib</file>
         <name>copy_zero_init.c.obj</name>
      </input_file>
      <input_file id="fl-23">
         <path>C:\ti\ccsv7\tools\compiler\ti-cgt-c6000_8.3.7\lib\</path>
         <kind>archive</kind>
         <file>rts6740_elf.lib</file>
         <name>copy_decompress_none.c.obj</name>
      </input_file>
      <input_file id="fl-24">
         <path>C:\ti\ccsv7\tools\compiler\ti-cgt-c6000_8.3.7\lib\</path>
         <kind>archive</kind>
         <file>rts6740_elf.lib</file>
         <name>copy_decompress_rle.c.obj</name>
      </input_file>
      <input_file id="fl-25">
         <path>C:\ti\ccsv7\tools\compiler\ti-cgt-c6000_8.3.7\lib\</path>
         <kind>archive</kind>
         <file>rts6740_elf.lib</file>
         <name>sinf.c.obj</name>
      </input_file>
      <input_file id="fl-26">
         <path>C:\ti\ccsv7\tools\compiler\ti-cgt-c6000_8.3.7\lib\</path>
         <kind>archive</kind>
         <file>rts6740_elf.lib</file>
         <name>truncf.c.obj</name>
      </input_file>
      <input_file id="fl-27">
         <path>C:\ti\ccsv7\tools\compiler\ti-cgt-c6000_8.3.7\lib\</path>
         <kind>archive</kind>
         <file>rts6740_elf.lib</file>
         <name>frexp.c.obj</name>
      </input_file>
      <input_file id="fl-28">
         <path>C:\ti\ccsv7\tools\compiler\ti-cgt-c6000_8.3.7\lib\</path>
         <kind>archive</kind>
         <file>rts6740_elf.lib</file>
         <name>isinf.c.obj</name>
      </input_file>
      <input_file id="fl-29">
         <path>C:\ti\ccsv7\tools\compiler\ti-cgt-c6000_8.3.7\lib\</path>
         <kind>archive</kind>
         <file>rts6740_elf.lib</file>
         <name>ldexp.c.obj</name>
      </input_file>
      <input_file id="fl-2a">
         <path>C:\ti\ccsv7\tools\compiler\ti-cgt-c6000_8.3.7\lib\</path>
         <kind>archive</kind>
         <file>rts6740_elf.lib</file>
         <name>sqrt.c.obj</name>
      </input_file>
      <input_file id="fl-2b">
         <path>C:\ti\ccsv7\tools\compiler\ti-cgt-c6000_8.3.7\lib\</path>
         <kind>archive</kind>
         <file>rts6740_elf.lib</file>
         <name>signbit.c.obj</name>
      </input_file>
      <input_file id="fl-2c">
         <path>C:\ti\ccsv7\tools\compiler\ti-cgt-c6000_8.3.7\lib\</path>
         <kind>archive</kind>
         <file>rts6740_elf.lib</file>
         <name>divf.c.obj</name>
      </input_file>
      <input_file id="fl-2d">
         <path>C:\ti\ccsv7\tools\compiler\ti-cgt-c6000_8.3.7\lib\</path>
         <kind>archive</kind>
         <file>rts6740_elf.lib</file>
         <name>fixflli.c.obj</name>
      </input_file>
      <input_file id="fl-2e">
         <path>C:\ti\ccsv7\tools\compiler\ti-cgt-c6000_8.3.7\lib\</path>
         <kind>archive</kind>
         <file>rts6740_elf.lib</file>
         <name>fltllif.c.obj</name>
      </input_file>
      <input_file id="fl-2f">
         <path>C:\ti\ccsv7\tools\compiler\ti-cgt-c6000_8.3.7\lib\</path>
         <kind>archive</kind>
         <file>rts6740_elf.lib</file>
         <name>divd.c.obj</name>
      </input_file>
      <input_file id="fl-30">
         <path>C:\ti\ccsv7\tools\compiler\ti-cgt-c6000_8.3.7\lib\</path>
         <kind>archive</kind>
         <file>rts6740_elf.lib</file>
         <name>fixdlli.c.obj</name>
      </input_file>
      <input_file id="fl-31">
         <path>C:\ti\ccsv7\tools\compiler\ti-cgt-c6000_8.3.7\lib\</path>
         <kind>archive</kind>
         <file>rts6740_elf.lib</file>
         <name>fltllid.c.obj</name>
      </input_file>
      <input_file id="fl-32">
         <path>C:\ti\ccsv7\tools\compiler\ti-cgt-c6000_8.3.7\lib\</path>
         <kind>archive</kind>
         <file>rts6740_elf.lib</file>
         <name>frcmpyd_div.c.obj</name>
      </input_file>
      <input_file id="fl-33">
         <path>C:\ti\ccsv7\tools\compiler\ti-cgt-c6000_8.3.7\lib\</path>
         <kind>archive</kind>
         <file>rts6740_elf.lib</file>
         <name>tls.c.obj</name>
      </input_file>
      <input_file id="fl-34">
         <path>C:\ti\ccsv7\tools\compiler\ti-cgt-c6000_8.3.7\lib\</path>
         <kind>archive</kind>
         <file>rts6740_elf.lib</file>
         <name>exit.c.obj</name>
      </input_file>
      <input_file id="fl-35">
         <path>C:\ti\ccsv7\tools\compiler\ti-cgt-c6000_8.3.7\lib\</path>
         <kind>archive</kind>
         <file>rts6740_elf.lib</file>
         <name>memory.c.obj</name>
      </input_file>
      <input_file id="fl-36">
         <path>C:\ti\ccsv7\tools\compiler\ti-cgt-c6000_8.3.7\lib\</path>
         <kind>archive</kind>
         <file>rts6740_elf.lib</file>
         <name>_lock.c.obj</name>
      </input_file>
      <input_file id="fl-37">
         <path>C:\ti\ccsv7\tools\compiler\ti-cgt-c6000_8.3.7\lib\</path>
         <kind>archive</kind>
         <file>rts6740_elf.lib</file>
         <name>_ltoa.c.obj</name>
      </input_file>
      <input_file id="fl-38">
         <path>C:\ti\ccsv7\tools\compiler\ti-cgt-c6000_8.3.7\lib\</path>
         <kind>archive</kind>
         <file>rts6740_elf.lib</file>
         <name>args_main.c.obj</name>
      </input_file>
      <input_file id="fl-39">
         <path>C:\ti\ccsv7\tools\compiler\ti-cgt-c6000_8.3.7\lib\</path>
         <kind>archive</kind>
         <file>rts6740_elf.lib</file>
         <name>atoi.c.obj</name>
      </input_file>
      <input_file id="fl-3a">
         <path>C:\ti\ccsv7\tools\compiler\ti-cgt-c6000_8.3.7\lib\</path>
         <kind>archive</kind>
         <file>rts6740_elf.lib</file>
         <name>close.c.obj</name>
      </input_file>
      <input_file id="fl-3b">
         <path>C:\ti\ccsv7\tools\compiler\ti-cgt-c6000_8.3.7\lib\</path>
         <kind>archive</kind>
         <file>rts6740_elf.lib</file>
         <name>ctype.c.obj</name>
      </input_file>
      <input_file id="fl-3c">
         <path>C:\ti\ccsv7\tools\compiler\ti-cgt-c6000_8.3.7\lib\</path>
         <kind>archive</kind>
         <file>rts6740_elf.lib</file>
         <name>defs.c.obj</name>
      </input_file>
      <input_file id="fl-3d">
         <path>C:\ti\ccsv7\tools\compiler\ti-cgt-c6000_8.3.7\lib\</path>
         <kind>archive</kind>
         <file>rts6740_elf.lib</file>
         <name>memccpy.c.obj</name>
      </input_file>
      <input_file id="fl-3e">
         <path>C:\ti\ccsv7\tools\compiler\ti-cgt-c6000_8.3.7\lib\</path>
         <kind>archive</kind>
         <file>rts6740_elf.lib</file>
         <name>open.c.obj</name>
      </input_file>
      <input_file id="fl-3f">
         <path>C:\ti\ccsv7\tools\compiler\ti-cgt-c6000_8.3.7\lib\</path>
         <kind>archive</kind>
         <file>rts6740_elf.lib</file>
         <name>remove.c.obj</name>
      </input_file>
      <input_file id="fl-40">
         <path>C:\ti\ccsv7\tools\compiler\ti-cgt-c6000_8.3.7\lib\</path>
         <kind>archive</kind>
         <file>rts6740_elf.lib</file>
         <name>unlink.c.obj</name>
      </input_file>
      <input_file id="fl-41">
         <path>C:\ti\ccsv7\tools\compiler\ti-cgt-c6000_8.3.7\lib\</path>
         <kind>archive</kind>
         <file>rts6740_elf.lib</file>
         <name>write.c.obj</name>
      </input_file>
      <input_file id="fl-42">
         <path>C:\ti\ccsv7\tools\compiler\ti-cgt-c6000_8.3.7\lib\</path>
         <kind>archive</kind>
         <file>rts6740_elf.lib</file>
         <name>llabs.c.obj</name>
      </input_file>
      <input_file id="fl-43">
         <path>C:\ti\ccsv7\tools\compiler\ti-cgt-c6000_8.3.7\lib\</path>
         <kind>archive</kind>
         <file>rts6740_elf.lib</file>
         <name>errno.c.obj</name>
      </input_file>
      <input_file id="fl-44">
         <path>C:\ti\ccsv7\tools\compiler\ti-cgt-c6000_8.3.7\lib\</path>
         <kind>archive</kind>
         <file>rts6740_elf.lib</file>
         <name>fseek.c.obj</name>
      </input_file>
      <input_file id="fl-45">
         <path>C:\ti\ccsv7\tools\compiler\ti-cgt-c6000_8.3.7\lib\</path>
         <kind>archive</kind>
         <file>rts6740_elf.lib</file>
         <name>getdevice.c.obj</name>
      </input_file>
      <input_file id="fl-46">
         <path>C:\ti\ccsv7\tools\compiler\ti-cgt-c6000_8.3.7\lib\</path>
         <kind>archive</kind>
         <file>rts6740_elf.lib</file>
         <name>tls_get_tp.asm.obj</name>
      </input_file>
      <input_file id="fl-47">
         <path>C:\ti\ccsv7\tools\compiler\ti-cgt-c6000_8.3.7\lib\</path>
         <kind>archive</kind>
         <file>rts6740_elf.lib</file>
         <name>modff.c.obj</name>
      </input_file>
      <input_file id="fl-48">
         <path>C:\ti\ccsv7\tools\compiler\ti-cgt-c6000_8.3.7\lib\</path>
         <kind>archive</kind>
         <file>rts6740_elf.lib</file>
         <name>roundf.c.obj</name>
      </input_file>
      <input_file id="fl-49">
         <path>C:\ti\ccsv7\tools\compiler\ti-cgt-c6000_8.3.7\lib\</path>
         <kind>archive</kind>
         <file>rts6740_elf.lib</file>
         <name>lseek.c.obj</name>
      </input_file>
      <input_file id="fl-4a">
         <path>C:\ti\ccsv7\tools\compiler\ti-cgt-c6000_8.3.7\lib\</path>
         <kind>archive</kind>
         <file>rts6740_elf.lib</file>
         <name>hostclose.c.obj</name>
      </input_file>
      <input_file id="fl-4b">
         <path>C:\ti\ccsv7\tools\compiler\ti-cgt-c6000_8.3.7\lib\</path>
         <kind>archive</kind>
         <file>rts6740_elf.lib</file>
         <name>hostlseek.c.obj</name>
      </input_file>
      <input_file id="fl-4c">
         <path>C:\ti\ccsv7\tools\compiler\ti-cgt-c6000_8.3.7\lib\</path>
         <kind>archive</kind>
         <file>rts6740_elf.lib</file>
         <name>hostopen.c.obj</name>
      </input_file>
      <input_file id="fl-4d">
         <path>C:\ti\ccsv7\tools\compiler\ti-cgt-c6000_8.3.7\lib\</path>
         <kind>archive</kind>
         <file>rts6740_elf.lib</file>
         <name>hostread.c.obj</name>
      </input_file>
      <input_file id="fl-4e">
         <path>C:\ti\ccsv7\tools\compiler\ti-cgt-c6000_8.3.7\lib\</path>
         <kind>archive</kind>
         <file>rts6740_elf.lib</file>
         <name>hostrename.c.obj</name>
      </input_file>
      <input_file id="fl-4f">
         <path>C:\ti\ccsv7\tools\compiler\ti-cgt-c6000_8.3.7\lib\</path>
         <kind>archive</kind>
         <file>rts6740_elf.lib</file>
         <name>hostunlink.c.obj</name>
      </input_file>
      <input_file id="fl-50">
         <path>C:\ti\ccsv7\tools\compiler\ti-cgt-c6000_8.3.7\lib\</path>
         <kind>archive</kind>
         <file>rts6740_elf.lib</file>
         <name>hostwrite.c.obj</name>
      </input_file>
      <input_file id="fl-51">
         <path>C:\ti\ccsv7\tools\compiler\ti-cgt-c6000_8.3.7\lib\</path>
         <kind>archive</kind>
         <file>rts6740_elf.lib</file>
         <name>trgmsg.c.obj</name>
      </input_file>
   </input_file_list>
   <object_component_list>
      <object_component id="oc-20">
         <name>vectors</name>
         <load_address>0x11800000</load_address>
         <run_address>0x11800000</run_address>
         <size>0x200</size>
         <input_file_ref idref="fl-5"/>
      </object_component>
      <object_component id="oc-6f">
         <name>.neardata</name>
         <load_address>0x1180dd00</load_address>
         <run_address>0x1180dd00</run_address>
         <size>0x6</size>
         <input_file_ref idref="fl-2"/>
      </object_component>
      <object_component id="oc-18c">
         <name>.neardata</name>
         <load_address>0x1180dd08</load_address>
         <run_address>0x1180dd08</run_address>
         <size>0x4</size>
         <input_file_ref idref="fl-3"/>
      </object_component>
      <object_component id="oc-228">
         <name>.neardata</name>
         <load_address>0x1180dcc8</load_address>
         <run_address>0x1180dcc8</run_address>
         <size>0x38</size>
         <input_file_ref idref="fl-6"/>
      </object_component>
      <object_component id="oc-544">
         <name>.cinit..fardata.load</name>
         <load_address>0x1180dd10</load_address>
         <run_address>0x1180dd10</run_address>
         <size>0x10f3</size>
      </object_component>
      <object_component id="oc-542">
         <name>.cinit..neardata.load</name>
         <load_address>0x1180ee03</load_address>
         <run_address>0x1180ee03</run_address>
         <size>0x12</size>
      </object_component>
      <object_component id="oc-543">
         <name>.cinit..far.load</name>
         <load_address>0x1180ee15</load_address>
         <run_address>0x1180ee15</run_address>
         <size>0xb</size>
      </object_component>
      <object_component id="oc-545">
         <name>.cinit.CE0.load</name>
         <load_address>0x1180ee20</load_address>
         <run_address>0x1180ee20</run_address>
         <size>0xb</size>
      </object_component>
      <object_component id="oc-540">
         <name>__TI_handler_table</name>
         <load_address>0x1180ee2c</load_address>
         <run_address>0x1180ee2c</run_address>
         <size>0x8</size>
      </object_component>
      <object_component id="oc-541">
         <name>__TI_cinit_table</name>
         <load_address>0x1180ee38</load_address>
         <run_address>0x1180ee38</run_address>
         <size>0x20</size>
      </object_component>
      <object_component id="oc-505">
         <name>.cio</name>
         <uninitialized>true</uninitialized>
         <run_address>0x1180db58</run_address>
         <size>0x120</size>
         <input_file_ref idref="fl-51"/>
      </object_component>
      <object_component id="oc-366">
         <name>.const:.string:_ctypes_</name>
         <load_address>0x1180d960</load_address>
         <run_address>0x1180d960</run_address>
         <size>0x101</size>
         <input_file_ref idref="fl-3b"/>
      </object_component>
      <object_component id="oc-fe">
         <name>.const:.string</name>
         <load_address>0x1180da64</load_address>
         <run_address>0x1180da64</run_address>
         <size>0x64</size>
         <input_file_ref idref="fl-4"/>
      </object_component>
      <object_component id="oc-22e">
         <name>.const:wave</name>
         <load_address>0x1180dac8</load_address>
         <run_address>0x1180dac8</run_address>
         <size>0x60</size>
         <input_file_ref idref="fl-6"/>
      </object_component>
      <object_component id="oc-2c3">
         <name>.const:.string</name>
         <load_address>0x1180db28</load_address>
         <run_address>0x1180db28</run_address>
         <size>0x24</size>
         <input_file_ref idref="fl-d"/>
      </object_component>
      <object_component id="oc-22b">
         <name>.const:.string:mask</name>
         <load_address>0x1180db50</load_address>
         <run_address>0x1180db50</run_address>
         <size>0x8</size>
         <input_file_ref idref="fl-6"/>
      </object_component>
      <object_component id="oc-30">
         <name>.stack</name>
         <uninitialized>true</uninitialized>
         <run_address>0x1180d160</run_address>
         <size>0x8</size>
         <input_file_ref idref="fl-19"/>
      </object_component>
      <object_component id="oc-546">
         <name>.stack</name>
         <uninitialized>true</uninitialized>
         <run_address>0x1180d160</run_address>
         <size>0x0</size>
      </object_component>
      <object_component id="oc-33">
         <name>.sysmem</name>
         <uninitialized>true</uninitialized>
         <run_address>0x1180d560</run_address>
         <size>0x8</size>
         <input_file_ref idref="fl-35"/>
      </object_component>
      <object_component id="oc-547">
         <name>.sysmem</name>
         <uninitialized>true</uninitialized>
         <run_address>0x1180d560</run_address>
         <size>0x0</size>
      </object_component>
      <object_component id="oc-1a2">
         <name>.text:__TI_printfi</name>
         <load_address>0x11800200</load_address>
         <run_address>0x11800200</run_address>
         <size>0x2040</size>
         <input_file_ref idref="fl-d"/>
      </object_component>
      <object_component id="oc-17e">
         <name>.text</name>
         <load_address>0x11802240</load_address>
         <run_address>0x11802240</run_address>
         <size>0x1000</size>
         <input_file_ref idref="fl-6"/>
      </object_component>
      <object_component id="oc-10e">
         <name>.text</name>
         <load_address>0x11803240</load_address>
         <run_address>0x11803240</run_address>
         <size>0xf20</size>
         <input_file_ref idref="fl-3"/>
      </object_component>
      <object_component id="oc-2a6">
         <name>.text:_pconv_a</name>
         <load_address>0x11804160</load_address>
         <run_address>0x11804160</run_address>
         <size>0x660</size>
         <input_file_ref idref="fl-d"/>
      </object_component>
      <object_component id="oc-37b">
         <name>.text:__c6xabi_divd</name>
         <load_address>0x118047c0</load_address>
         <run_address>0x118047c0</run_address>
         <size>0x5e0</size>
         <input_file_ref idref="fl-2f"/>
      </object_component>
      <object_component id="oc-294">
         <name>.text:_pconv_g</name>
         <load_address>0x11804da0</load_address>
         <run_address>0x11804da0</run_address>
         <size>0x400</size>
         <input_file_ref idref="fl-d"/>
      </object_component>
      <object_component id="oc-108">
         <name>.text</name>
         <load_address>0x118051a0</load_address>
         <run_address>0x118051a0</run_address>
         <size>0x3c0</size>
         <input_file_ref idref="fl-2"/>
      </object_component>
      <object_component id="oc-2e3">
         <name>.text:free</name>
         <load_address>0x11805560</load_address>
         <run_address>0x11805560</run_address>
         <size>0x3c0</size>
         <input_file_ref idref="fl-35"/>
      </object_component>
      <object_component id="oc-26a">
         <name>.text:fputs</name>
         <load_address>0x11805920</load_address>
         <run_address>0x11805920</run_address>
         <size>0x2e0</size>
         <input_file_ref idref="fl-12"/>
      </object_component>
      <object_component id="oc-2a0">
         <name>.text:_pconv_e</name>
         <load_address>0x11805c00</load_address>
         <run_address>0x11805c00</run_address>
         <size>0x2a0</size>
         <input_file_ref idref="fl-d"/>
      </object_component>
      <object_component id="oc-394">
         <name>.text:fcvt</name>
         <load_address>0x11805ea0</load_address>
         <run_address>0x11805ea0</run_address>
         <size>0x2a0</size>
         <input_file_ref idref="fl-d"/>
      </object_component>
      <object_component id="oc-204">
         <name>.text:__c6xabi_divf</name>
         <load_address>0x11806140</load_address>
         <run_address>0x11806140</run_address>
         <size>0x280</size>
         <input_file_ref idref="fl-2c"/>
      </object_component>
      <object_component id="oc-36b">
         <name>.text:__c6xabi_divull</name>
         <load_address>0x118063c0</load_address>
         <run_address>0x118063c0</run_address>
         <size>0x260</size>
         <input_file_ref idref="fl-1b"/>
      </object_component>
      <object_component id="oc-184">
         <name>.text:sinf</name>
         <load_address>0x11806620</load_address>
         <run_address>0x11806620</run_address>
         <size>0x260</size>
         <input_file_ref idref="fl-25"/>
      </object_component>
      <object_component id="oc-1f0">
         <name>.text:open</name>
         <load_address>0x11806880</load_address>
         <run_address>0x11806880</run_address>
         <size>0x220</size>
         <input_file_ref idref="fl-3e"/>
      </object_component>
      <object_component id="oc-27c">
         <name>.text:_ltostr</name>
         <load_address>0x11806aa0</load_address>
         <run_address>0x11806aa0</run_address>
         <size>0x200</size>
         <input_file_ref idref="fl-d"/>
      </object_component>
      <object_component id="oc-371">
         <name>.text:__c6xabi_divul</name>
         <load_address>0x11806ca0</load_address>
         <run_address>0x11806ca0</run_address>
         <size>0x1c0</size>
         <input_file_ref idref="fl-1a"/>
      </object_component>
      <object_component id="oc-16d">
         <name>.text:_openfile</name>
         <load_address>0x11806e60</load_address>
         <run_address>0x11806e60</run_address>
         <size>0x1c0</size>
         <input_file_ref idref="fl-10"/>
      </object_component>
      <object_component id="oc-263">
         <name>.text:fputc</name>
         <load_address>0x11807020</load_address>
         <run_address>0x11807020</run_address>
         <size>0x1c0</size>
         <input_file_ref idref="fl-11"/>
      </object_component>
      <object_component id="oc-39c">
         <name>.text:frexp</name>
         <load_address>0x118071e0</load_address>
         <run_address>0x118071e0</run_address>
         <size>0x1c0</size>
         <input_file_ref idref="fl-27"/>
      </object_component>
      <object_component id="oc-4a5">
         <name>.text:malloc</name>
         <load_address>0x118073a0</load_address>
         <run_address>0x118073a0</run_address>
         <size>0x1c0</size>
         <input_file_ref idref="fl-35"/>
      </object_component>
      <object_component id="oc-40e">
         <name>.text:setvbuf</name>
         <load_address>0x11807560</load_address>
         <run_address>0x11807560</run_address>
         <size>0x1c0</size>
         <input_file_ref idref="fl-14"/>
      </object_component>
      <object_component id="oc-489">
         <name>.text:HOSTrename</name>
         <load_address>0x11807720</load_address>
         <run_address>0x11807720</run_address>
         <size>0x1a0</size>
         <input_file_ref idref="fl-4e"/>
      </object_component>
      <object_component id="oc-3a2">
         <name>.text:ldexp</name>
         <load_address>0x118078c0</load_address>
         <run_address>0x118078c0</run_address>
         <size>0x180</size>
         <input_file_ref idref="fl-29"/>
      </object_component>
      <object_component id="oc-21c">
         <name>.text:sqrt</name>
         <load_address>0x11807a40</load_address>
         <run_address>0x11807a40</run_address>
         <size>0x160</size>
         <input_file_ref idref="fl-2a"/>
      </object_component>
      <object_component id="oc-29a">
         <name>.text:_pconv_f</name>
         <load_address>0x11807ba0</load_address>
         <run_address>0x11807ba0</run_address>
         <size>0x120</size>
         <input_file_ref idref="fl-d"/>
      </object_component>
      <object_component id="oc-102">
         <name>.text:fopen</name>
         <load_address>0x11807cc0</load_address>
         <run_address>0x11807cc0</run_address>
         <size>0x120</size>
         <input_file_ref idref="fl-10"/>
      </object_component>
      <object_component id="oc-316">
         <name>.text:getdevice</name>
         <load_address>0x11807de0</load_address>
         <run_address>0x11807de0</run_address>
         <size>0x120</size>
         <input_file_ref idref="fl-45"/>
      </object_component>
      <object_component id="oc-1aa">
         <name>.text:__TI_closefile</name>
         <load_address>0x11807f00</load_address>
         <run_address>0x11807f00</run_address>
         <size>0x100</size>
         <input_file_ref idref="fl-e"/>
      </object_component>
      <object_component id="oc-42">
         <name>.text:__TI_decompress_rle_core</name>
         <load_address>0x11808000</load_address>
         <run_address>0x11808000</run_address>
         <size>0x100</size>
         <input_file_ref idref="fl-24"/>
      </object_component>
      <object_component id="oc-38d">
         <name>.text:_mcpy</name>
         <load_address>0x11808100</load_address>
         <run_address>0x11808100</run_address>
         <size>0x100</size>
         <input_file_ref idref="fl-d"/>
      </object_component>
      <object_component id="oc-276">
         <name>.text:atoi</name>
         <load_address>0x11808200</load_address>
         <run_address>0x11808200</run_address>
         <size>0x100</size>
         <input_file_ref idref="fl-39"/>
      </object_component>
      <object_component id="oc-408">
         <name>.text:fseek</name>
         <load_address>0x11808300</load_address>
         <run_address>0x11808300</run_address>
         <size>0x100</size>
         <input_file_ref idref="fl-44"/>
      </object_component>
      <object_component id="oc-9a">
         <name>.text</name>
         <load_address>0x11808400</load_address>
         <run_address>0x11808400</run_address>
         <size>0x100</size>
         <input_file_ref idref="fl-4"/>
      </object_component>
      <object_component id="oc-47d">
         <name>.text:HOSTlseek</name>
         <load_address>0x11808500</load_address>
         <run_address>0x11808500</run_address>
         <size>0xe0</size>
         <input_file_ref idref="fl-4b"/>
      </object_component>
      <object_component id="oc-465">
         <name>.text:HOSTopen</name>
         <load_address>0x118085e0</load_address>
         <run_address>0x118085e0</run_address>
         <size>0xe0</size>
         <input_file_ref idref="fl-4c"/>
      </object_component>
      <object_component id="oc-477">
         <name>.text:HOSTwrite</name>
         <load_address>0x118086c0</load_address>
         <run_address>0x118086c0</run_address>
         <size>0xe0</size>
         <input_file_ref idref="fl-50"/>
      </object_component>
      <object_component id="oc-381">
         <name>.text:__TI_ltoa</name>
         <load_address>0x118087a0</load_address>
         <run_address>0x118087a0</run_address>
         <size>0xe0</size>
         <input_file_ref idref="fl-37"/>
      </object_component>
      <object_component id="oc-355">
         <name>.text:__TI_wrt_ok</name>
         <load_address>0x11808880</load_address>
         <run_address>0x11808880</run_address>
         <size>0xe0</size>
         <input_file_ref idref="fl-13"/>
      </object_component>
      <object_component id="oc-222">
         <name>.text:__c6xabi_fixdlli</name>
         <load_address>0x11808960</load_address>
         <run_address>0x11808960</run_address>
         <size>0xe0</size>
         <input_file_ref idref="fl-30"/>
      </object_component>
      <object_component id="oc-210">
         <name>.text:__c6xabi_fixflli</name>
         <load_address>0x11808a40</load_address>
         <run_address>0x11808a40</run_address>
         <size>0xe0</size>
         <input_file_ref idref="fl-2d"/>
      </object_component>
      <object_component id="oc-2e9">
         <name>.text:close</name>
         <load_address>0x11808b20</load_address>
         <run_address>0x11808b20</run_address>
         <size>0xe0</size>
         <input_file_ref idref="fl-3a"/>
      </object_component>
      <object_component id="oc-60">
         <name>.text:exit</name>
         <load_address>0x11808c00</load_address>
         <run_address>0x11808c00</run_address>
         <size>0xe0</size>
         <input_file_ref idref="fl-34"/>
      </object_component>
      <object_component id="oc-86">
         <name>.text:memset</name>
         <load_address>0x11808ce0</load_address>
         <run_address>0x11808ce0</run_address>
         <size>0xe0</size>
         <input_file_ref idref="fl-1d"/>
      </object_component>
      <object_component id="oc-114">
         <name>.text:printf</name>
         <load_address>0x11808dc0</load_address>
         <run_address>0x11808dc0</run_address>
         <size>0xe0</size>
         <input_file_ref idref="fl-c"/>
      </object_component>
      <object_component id="oc-471">
         <name>.text:HOSTread</name>
         <load_address>0x11808ea0</load_address>
         <run_address>0x11808ea0</run_address>
         <size>0xc0</size>
         <input_file_ref idref="fl-4d"/>
      </object_component>
      <object_component id="oc-483">
         <name>.text:HOSTunlink</name>
         <load_address>0x11808f60</load_address>
         <run_address>0x11808f60</run_address>
         <size>0xc0</size>
         <input_file_ref idref="fl-4f"/>
      </object_component>
      <object_component id="oc-ae">
         <name>.text:__TI_auto_init_nobinit_nopinit:__TI_auto_init_nobinit_nopinit</name>
         <load_address>0x11809020</load_address>
         <run_address>0x11809020</run_address>
         <size>0xc0</size>
         <input_file_ref idref="fl-1e"/>
      </object_component>
      <object_component id="oc-2dd">
         <name>.text:__TI_doflush</name>
         <load_address>0x118090e0</load_address>
         <run_address>0x118090e0</run_address>
         <size>0xc0</size>
         <input_file_ref idref="fl-f"/>
      </object_component>
      <object_component id="oc-216">
         <name>.text:__c6xabi_fltllid</name>
         <load_address>0x118091a0</load_address>
         <run_address>0x118091a0</run_address>
         <size>0xc0</size>
         <input_file_ref idref="fl-31"/>
      </object_component>
      <object_component id="oc-20a">
         <name>.text:__c6xabi_fltllif</name>
         <load_address>0x11809260</load_address>
         <run_address>0x11809260</run_address>
         <size>0xc0</size>
         <input_file_ref idref="fl-2e"/>
      </object_component>
      <object_component id="oc-18f">
         <name>.text:__divu</name>
         <load_address>0x11809320</load_address>
         <run_address>0x11809320</run_address>
         <size>0xc0</size>
         <input_file_ref idref="fl-17"/>
      </object_component>
      <object_component id="oc-3cf">
         <name>.text:mremove</name>
         <load_address>0x118093e0</load_address>
         <run_address>0x118093e0</run_address>
         <size>0xc0</size>
         <input_file_ref idref="fl-35"/>
      </object_component>
      <object_component id="oc-134">
         <name>.text:tls:init:__TI_tls_init</name>
         <load_address>0x118094a0</load_address>
         <run_address>0x118094a0</run_address>
         <size>0xc0</size>
         <input_file_ref idref="fl-33"/>
      </object_component>
      <object_component id="oc-46b">
         <name>.text:HOSTclose</name>
         <load_address>0x11809560</load_address>
         <run_address>0x11809560</run_address>
         <size>0xa0</size>
         <input_file_ref idref="fl-4a"/>
      </object_component>
      <object_component id="oc-1ea">
         <name>.text:__TI_cleanup</name>
         <load_address>0x11809600</load_address>
         <run_address>0x11809600</run_address>
         <size>0xa0</size>
         <input_file_ref idref="fl-10"/>
      </object_component>
      <object_component id="oc-387">
         <name>.text:_ecpy</name>
         <load_address>0x118096a0</load_address>
         <run_address>0x118096a0</run_address>
         <size>0xa0</size>
         <input_file_ref idref="fl-d"/>
      </object_component>
      <object_component id="oc-3e0">
         <name>.text:finddevice</name>
         <load_address>0x11809740</load_address>
         <run_address>0x11809740</run_address>
         <size>0xa0</size>
         <input_file_ref idref="fl-45"/>
      </object_component>
      <object_component id="oc-36">
         <name>.text:memcpy</name>
         <load_address>0x118097e0</load_address>
         <run_address>0x118097e0</run_address>
         <size>0xa0</size>
         <input_file_ref idref="fl-18"/>
      </object_component>
      <object_component id="oc-3c9">
         <name>.text:minsert</name>
         <load_address>0x11809880</load_address>
         <run_address>0x11809880</run_address>
         <size>0xa0</size>
         <input_file_ref idref="fl-35"/>
      </object_component>
      <object_component id="oc-4df">
         <name>.text:__TI_readmsg</name>
         <load_address>0x11809920</load_address>
         <run_address>0x11809920</run_address>
         <size>0x80</size>
         <input_file_ref idref="fl-51"/>
      </object_component>
      <object_component id="oc-320">
         <name>.text:__c6xabi_llshl</name>
         <load_address>0x118099a0</load_address>
         <run_address>0x118099a0</run_address>
         <size>0x80</size>
         <input_file_ref idref="fl-1c"/>
      </object_component>
      <object_component id="oc-24b">
         <name>.text:__c6xabi_roundf</name>
         <load_address>0x11809a20</load_address>
         <run_address>0x11809a20</run_address>
         <size>0x80</size>
         <input_file_ref idref="fl-48"/>
      </object_component>
      <object_component id="oc-1f">
         <name>.text:_c_int00</name>
         <load_address>0x11809aa0</load_address>
         <run_address>0x11809aa0</run_address>
         <size>0x80</size>
         <input_file_ref idref="fl-19"/>
      </object_component>
      <object_component id="oc-11a">
         <name>.text:fclose</name>
         <load_address>0x11809b20</load_address>
         <run_address>0x11809b20</run_address>
         <size>0x80</size>
         <input_file_ref idref="fl-e"/>
      </object_component>
      <object_component id="oc-2a">
         <name>.text:retain</name>
         <load_address>0x11809ba0</load_address>
         <run_address>0x11809ba0</run_address>
         <size>0x80</size>
         <input_file_ref idref="fl-2"/>
      </object_component>
      <object_component id="oc-2ef">
         <name>.text:unlink</name>
         <load_address>0x11809c20</load_address>
         <run_address>0x11809c20</run_address>
         <size>0x80</size>
         <input_file_ref idref="fl-40"/>
      </object_component>
      <object_component id="oc-4d9">
         <name>.text:__TI_writemsg</name>
         <load_address>0x11809ca0</load_address>
         <run_address>0x11809ca0</run_address>
         <size>0x60</size>
         <input_file_ref idref="fl-51"/>
      </object_component>
      <object_component id="oc-328">
         <name>.text:__c6xabi_llshru</name>
         <load_address>0x11809d00</load_address>
         <run_address>0x11809d00</run_address>
         <size>0x60</size>
         <input_file_ref idref="fl-1c"/>
      </object_component>
      <object_component id="oc-420">
         <name>.text:_subcull</name>
         <load_address>0x11809d60</load_address>
         <run_address>0x11809d60</run_address>
         <size>0x60</size>
         <input_file_ref idref="fl-1b"/>
      </object_component>
      <object_component id="oc-49d">
         <name>.text:lseek</name>
         <load_address>0x11809dc0</load_address>
         <run_address>0x11809dc0</run_address>
         <size>0x60</size>
         <input_file_ref idref="fl-49"/>
      </object_component>
      <object_component id="oc-2ac">
         <name>.text:memccpy</name>
         <load_address>0x11809e20</load_address>
         <run_address>0x11809e20</run_address>
         <size>0x60</size>
         <input_file_ref idref="fl-3d"/>
      </object_component>
      <object_component id="oc-251">
         <name>.text:modff</name>
         <load_address>0x11809e80</load_address>
         <run_address>0x11809e80</run_address>
         <size>0x60</size>
         <input_file_ref idref="fl-47"/>
      </object_component>
      <object_component id="oc-35b">
         <name>.text:write</name>
         <load_address>0x11809ee0</load_address>
         <run_address>0x11809ee0</run_address>
         <size>0x60</size>
         <input_file_ref idref="fl-41"/>
      </object_component>
      <object_component id="oc-42a">
         <name>.text:__TI_frcmpyd_div</name>
         <load_address>0x11809f40</load_address>
         <run_address>0x11809f40</run_address>
         <size>0x40</size>
         <input_file_ref idref="fl-32"/>
      </object_component>
      <object_component id="oc-288">
         <name>.text:__c6xabi_isinf</name>
         <load_address>0x11809f80</load_address>
         <run_address>0x11809f80</run_address>
         <size>0x40</size>
         <input_file_ref idref="fl-28"/>
      </object_component>
      <object_component id="oc-282">
         <name>.text:__c6xabi_isnan</name>
         <load_address>0x11809fc0</load_address>
         <run_address>0x11809fc0</run_address>
         <size>0x40</size>
         <input_file_ref idref="fl-d"/>
      </object_component>
      <object_component id="oc-5a">
         <name>.text:_args_main</name>
         <load_address>0x1180a000</load_address>
         <run_address>0x1180a000</run_address>
         <size>0x40</size>
         <input_file_ref idref="fl-38"/>
      </object_component>
      <object_component id="oc-2b2">
         <name>.text:wcslen</name>
         <load_address>0x1180a040</load_address>
         <run_address>0x1180a040</run_address>
         <size>0x40</size>
         <input_file_ref idref="fl-15"/>
      </object_component>
      <object_component id="oc-2b8">
         <name>.text:__c6xabi_errno_addr</name>
         <load_address>0x1180a080</load_address>
         <run_address>0x1180a080</run_address>
         <size>0x20</size>
         <input_file_ref idref="fl-43"/>
      </object_component>
      <object_component id="oc-245">
         <name>.text:__c6xabi_truncf</name>
         <load_address>0x1180a0a0</load_address>
         <run_address>0x1180a0a0</run_address>
         <size>0x20</size>
         <input_file_ref idref="fl-26"/>
      </object_component>
      <object_component id="oc-2be">
         <name>.text:__pop_rts</name>
         <load_address>0x1180a0c0</load_address>
         <run_address>0x1180a0c0</run_address>
         <size>0x20</size>
         <input_file_ref idref="fl-16"/>
      </object_component>
      <object_component id="oc-271">
         <name>.text:__push_rts</name>
         <load_address>0x1180a0e0</load_address>
         <run_address>0x1180a0e0</run_address>
         <size>0x20</size>
         <input_file_ref idref="fl-16"/>
      </object_component>
      <object_component id="oc-1d9">
         <name>.text:_nop</name>
         <load_address>0x1180a100</load_address>
         <run_address>0x1180a100</run_address>
         <size>0x20</size>
         <input_file_ref idref="fl-36"/>
      </object_component>
      <object_component id="oc-196">
         <name>.text:_outc</name>
         <load_address>0x1180a120</load_address>
         <run_address>0x1180a120</run_address>
         <size>0x20</size>
         <input_file_ref idref="fl-c"/>
      </object_component>
      <object_component id="oc-19c">
         <name>.text:_outs</name>
         <load_address>0x1180a140</load_address>
         <run_address>0x1180a140</run_address>
         <size>0x20</size>
         <input_file_ref idref="fl-c"/>
      </object_component>
      <object_component id="oc-28e">
         <name>.text:_signbit</name>
         <load_address>0x1180a160</load_address>
         <run_address>0x1180a160</run_address>
         <size>0x20</size>
         <input_file_ref idref="fl-2b"/>
      </object_component>
      <object_component id="oc-12e">
         <name>.text:_system_post_cinit</name>
         <load_address>0x1180a180</load_address>
         <run_address>0x1180a180</run_address>
         <size>0x20</size>
         <input_file_ref idref="fl-20"/>
      </object_component>
      <object_component id="oc-66">
         <name>.text:_system_pre_init</name>
         <load_address>0x1180a1a0</load_address>
         <run_address>0x1180a1a0</run_address>
         <size>0x20</size>
         <input_file_ref idref="fl-1f"/>
      </object_component>
      <object_component id="oc-a5">
         <name>.text:abort</name>
         <load_address>0x1180a1c0</load_address>
         <run_address>0x1180a1c0</run_address>
         <size>0x20</size>
         <input_file_ref idref="fl-34"/>
      </object_component>
      <object_component id="oc-12">
         <name>.text:decompress:none:__TI_decompress_none</name>
         <load_address>0x1180a1e0</load_address>
         <run_address>0x1180a1e0</run_address>
         <size>0x20</size>
         <input_file_ref idref="fl-23"/>
      </object_component>
      <object_component id="oc-18">
         <name>.text:decompress:rle24:__TI_decompress_rle24</name>
         <load_address>0x1180a200</load_address>
         <run_address>0x1180a200</run_address>
         <size>0x20</size>
         <input_file_ref idref="fl-24"/>
      </object_component>
      <object_component id="oc-2c4">
         <name>.switch:__TI_printfi</name>
         <load_address>0x1180dc78</load_address>
         <run_address>0x1180dc78</run_address>
         <size>0x38</size>
         <input_file_ref idref="fl-d"/>
      </object_component>
      <object_component id="oc-18b">
         <name>.switch:SetSampleRate_AIC3106</name>
         <load_address>0x1180dcb0</load_address>
         <run_address>0x1180dcb0</run_address>
         <size>0x18</size>
         <input_file_ref idref="fl-3"/>
      </object_component>
      <object_component id="oc-178">
         <name>.far:table</name>
         <uninitialized>true</uninitialized>
         <run_address>0x1180b300</run_address>
         <size>0x438</size>
         <input_file_ref idref="fl-2"/>
      </object_component>
      <object_component id="oc-175">
         <name>.far:table2</name>
         <uninitialized>true</uninitialized>
         <run_address>0x1180a220</run_address>
         <size>0x10e0</size>
         <input_file_ref idref="fl-2"/>
      </object_component>
      <object_component id="oc-237">
         <name>.far:r</name>
         <uninitialized>true</uninitialized>
         <run_address>0x1180bb48</run_address>
         <size>0x24</size>
         <input_file_ref idref="fl-6"/>
      </object_component>
      <object_component id="oc-231">
         <name>.far:fr</name>
         <uninitialized>true</uninitialized>
         <run_address>0x1180b8a0</run_address>
         <size>0x168</size>
         <input_file_ref idref="fl-6"/>
      </object_component>
      <object_component id="oc-23a">
         <name>.far:fd</name>
         <uninitialized>true</uninitialized>
         <run_address>0x1180b738</run_address>
         <size>0x168</size>
         <input_file_ref idref="fl-6"/>
      </object_component>
      <object_component id="oc-2f5">
         <name>.common:__TI_tmpnams</name>
         <uninitialized>true</uninitialized>
         <run_address>0x1180ba08</run_address>
         <size>0x140</size>
      </object_component>
      <object_component id="oc-4d6">
         <name>.common:parmbuf</name>
         <uninitialized>true</uninitialized>
         <run_address>0x1180bb70</run_address>
         <size>0x8</size>
      </object_component>
      <object_component id="oc-ff">
         <name>.fardata:bufftest</name>
         <load_address>0x1180bb78</load_address>
         <run_address>0x1180bb78</run_address>
         <size>0x1074</size>
         <input_file_ref idref="fl-4"/>
      </object_component>
      <object_component id="oc-234">
         <name>.fardata:ffg</name>
         <load_address>0x1180cbf0</load_address>
         <run_address>0x1180cbf0</run_address>
         <size>0x240</size>
         <input_file_ref idref="fl-6"/>
      </object_component>
      <object_component id="oc-163">
         <name>.fardata</name>
         <load_address>0x1180d158</load_address>
         <run_address>0x1180d158</run_address>
         <size>0x4</size>
         <input_file_ref idref="fl-10"/>
      </object_component>
      <object_component id="oc-244">
         <name>.fardata:R$1</name>
         <load_address>0x1180d128</load_address>
         <run_address>0x1180d128</run_address>
         <size>0x10</size>
         <input_file_ref idref="fl-25"/>
      </object_component>
      <object_component id="oc-a2">
         <name>.fardata</name>
         <load_address>0x1180d138</load_address>
         <run_address>0x1180d138</run_address>
         <size>0xc</size>
         <input_file_ref idref="fl-34"/>
      </object_component>
      <object_component id="oc-3c6">
         <name>.fardata</name>
         <load_address>0x1180d144</load_address>
         <run_address>0x1180d144</run_address>
         <size>0x8</size>
         <input_file_ref idref="fl-35"/>
      </object_component>
      <object_component id="oc-160">
         <name>.fardata:_lock</name>
         <load_address>0x1180cbec</load_address>
         <run_address>0x1180cbec</run_address>
         <size>0x4</size>
         <input_file_ref idref="fl-36"/>
      </object_component>
      <object_component id="oc-16a">
         <name>.fardata:_unlock</name>
         <load_address>0x1180d14c</load_address>
         <run_address>0x1180d14c</run_address>
         <size>0x4</size>
         <input_file_ref idref="fl-36"/>
      </object_component>
      <object_component id="oc-164">
         <name>.fardata:_ftable</name>
         <load_address>0x1180ce30</load_address>
         <run_address>0x1180ce30</run_address>
         <size>0x1e0</size>
         <input_file_ref idref="fl-3c"/>
      </object_component>
      <object_component id="oc-167">
         <name>.fardata</name>
         <load_address>0x1180d150</load_address>
         <run_address>0x1180d150</run_address>
         <size>0x4</size>
         <input_file_ref idref="fl-3c"/>
      </object_component>
      <object_component id="oc-312">
         <name>.fardata</name>
         <load_address>0x1180d15c</load_address>
         <run_address>0x1180d15c</run_address>
         <size>0x4</size>
         <input_file_ref idref="fl-3e"/>
      </object_component>
      <object_component id="oc-3da">
         <name>.fardata:_device</name>
         <load_address>0x1180d0b0</load_address>
         <run_address>0x1180d0b0</run_address>
         <size>0x78</size>
         <input_file_ref idref="fl-41"/>
      </object_component>
      <object_component id="oc-313">
         <name>.fardata:_stream</name>
         <load_address>0x1180d010</load_address>
         <run_address>0x1180d010</run_address>
         <size>0xa0</size>
         <input_file_ref idref="fl-41"/>
      </object_component>
      <object_component id="oc-3b2">
         <name>.fardata</name>
         <load_address>0x1180d154</load_address>
         <run_address>0x1180d154</run_address>
         <size>0x4</size>
         <input_file_ref idref="fl-43"/>
      </object_component>
      <object_component id="oc-17b">
         <name>CE0</name>
         <uninitialized>true</uninitialized>
         <run_address>0xc0000000</run_address>
         <size>0x10e0</size>
         <input_file_ref idref="fl-2"/>
      </object_component>
      <object_component id="oc-e0">
         <name>.debug_info</name>
         <load_address>0x0</load_address>
         <run_address>0x0</run_address>
         <size>0x6af</size>
         <input_file_ref idref="fl-2"/>
      </object_component>
      <object_component id="oc-17c">
         <name>.debug_info</name>
         <load_address>0x6af</load_address>
         <run_address>0x6af</run_address>
         <size>0xbe</size>
         <input_file_ref idref="fl-2"/>
      </object_component>
      <object_component id="oc-70">
         <name>.debug_info</name>
         <load_address>0x76d</load_address>
         <run_address>0x76d</run_address>
         <size>0x112</size>
         <input_file_ref idref="fl-2"/>
      </object_component>
      <object_component id="oc-179">
         <name>.debug_info</name>
         <load_address>0x87f</load_address>
         <run_address>0x87f</run_address>
         <size>0xbb</size>
         <input_file_ref idref="fl-2"/>
      </object_component>
      <object_component id="oc-176">
         <name>.debug_info</name>
         <load_address>0x93a</load_address>
         <run_address>0x93a</run_address>
         <size>0xbd</size>
         <input_file_ref idref="fl-2"/>
      </object_component>
      <object_component id="oc-109">
         <name>.debug_info</name>
         <load_address>0x9f7</load_address>
         <run_address>0x9f7</run_address>
         <size>0x469</size>
         <input_file_ref idref="fl-2"/>
      </object_component>
      <object_component id="oc-2b">
         <name>.debug_info</name>
         <load_address>0xe60</load_address>
         <run_address>0xe60</run_address>
         <size>0x108</size>
         <input_file_ref idref="fl-2"/>
      </object_component>
      <object_component id="oc-25e">
         <name>.debug_info</name>
         <load_address>0xf68</load_address>
         <run_address>0xf68</run_address>
         <size>0x99d</size>
         <input_file_ref idref="fl-2"/>
      </object_component>
      <object_component id="oc-155">
         <name>.debug_info</name>
         <load_address>0x1905</load_address>
         <run_address>0x1905</run_address>
         <size>0x26b</size>
         <input_file_ref idref="fl-2"/>
      </object_component>
      <object_component id="oc-81">
         <name>.debug_info</name>
         <load_address>0x1b70</load_address>
         <run_address>0x1b70</run_address>
         <size>0xc0</size>
         <input_file_ref idref="fl-2"/>
      </object_component>
      <object_component id="oc-150">
         <name>.debug_info</name>
         <load_address>0x1c30</load_address>
         <run_address>0x1c30</run_address>
         <size>0xbb</size>
         <input_file_ref idref="fl-2"/>
      </object_component>
      <object_component id="oc-1d4">
         <name>.debug_info</name>
         <load_address>0x1ceb</load_address>
         <run_address>0x1ceb</run_address>
         <size>0x275</size>
         <input_file_ref idref="fl-2"/>
      </object_component>
      <object_component id="oc-1b4">
         <name>.debug_info</name>
         <load_address>0x1f60</load_address>
         <run_address>0x1f60</run_address>
         <size>0xbb</size>
         <input_file_ref idref="fl-2"/>
      </object_component>
      <object_component id="oc-195">
         <name>.debug_info</name>
         <load_address>0x201b</load_address>
         <run_address>0x201b</run_address>
         <size>0x5fc</size>
         <input_file_ref idref="fl-3"/>
      </object_component>
      <object_component id="oc-18d">
         <name>.debug_info</name>
         <load_address>0x2617</load_address>
         <run_address>0x2617</run_address>
         <size>0xc5</size>
         <input_file_ref idref="fl-3"/>
      </object_component>
      <object_component id="oc-111">
         <name>.debug_info</name>
         <load_address>0x26dc</load_address>
         <run_address>0x26dc</run_address>
         <size>0x1502</size>
         <input_file_ref idref="fl-3"/>
      </object_component>
      <object_component id="oc-121">
         <name>.debug_info</name>
         <load_address>0x3bde</load_address>
         <run_address>0x3bde</run_address>
         <size>0x763</size>
         <input_file_ref idref="fl-4"/>
      </object_component>
      <object_component id="oc-100">
         <name>.debug_info</name>
         <load_address>0x4341</load_address>
         <run_address>0x4341</run_address>
         <size>0xc2</size>
         <input_file_ref idref="fl-4"/>
      </object_component>
      <object_component id="oc-9b">
         <name>.debug_info</name>
         <load_address>0x4403</load_address>
         <run_address>0x4403</run_address>
         <size>0x20f</size>
         <input_file_ref idref="fl-4"/>
      </object_component>
      <object_component id="oc-1b9">
         <name>.debug_info</name>
         <load_address>0x4612</load_address>
         <run_address>0x4612</run_address>
         <size>0xcc</size>
         <input_file_ref idref="fl-4"/>
      </object_component>
      <object_component id="oc-2c7">
         <name>.debug_info</name>
         <load_address>0x46de</load_address>
         <run_address>0x46de</run_address>
         <size>0x2c</size>
         <input_file_ref idref="fl-4"/>
      </object_component>
      <object_component id="oc-21">
         <name>.debug_info</name>
         <load_address>0x470a</load_address>
         <run_address>0x470a</run_address>
         <size>0xcd</size>
         <input_file_ref idref="fl-5"/>
      </object_component>
      <object_component id="oc-23e">
         <name>.debug_info</name>
         <load_address>0x47d7</load_address>
         <run_address>0x47d7</run_address>
         <size>0x64c</size>
         <input_file_ref idref="fl-6"/>
      </object_component>
      <object_component id="oc-238">
         <name>.debug_info</name>
         <load_address>0x4e23</load_address>
         <run_address>0x4e23</run_address>
         <size>0xae</size>
         <input_file_ref idref="fl-6"/>
      </object_component>
      <object_component id="oc-229">
         <name>.debug_info</name>
         <load_address>0x4ed1</load_address>
         <run_address>0x4ed1</run_address>
         <size>0x20a</size>
         <input_file_ref idref="fl-6"/>
      </object_component>
      <object_component id="oc-232">
         <name>.debug_info</name>
         <load_address>0x50db</load_address>
         <run_address>0x50db</run_address>
         <size>0xb0</size>
         <input_file_ref idref="fl-6"/>
      </object_component>
      <object_component id="oc-23b">
         <name>.debug_info</name>
         <load_address>0x518b</load_address>
         <run_address>0x518b</run_address>
         <size>0xb0</size>
         <input_file_ref idref="fl-6"/>
      </object_component>
      <object_component id="oc-235">
         <name>.debug_info</name>
         <load_address>0x523b</load_address>
         <run_address>0x523b</run_address>
         <size>0xb2</size>
         <input_file_ref idref="fl-6"/>
      </object_component>
      <object_component id="oc-22c">
         <name>.debug_info</name>
         <load_address>0x52ed</load_address>
         <run_address>0x52ed</run_address>
         <size>0xb4</size>
         <input_file_ref idref="fl-6"/>
      </object_component>
      <object_component id="oc-22f">
         <name>.debug_info</name>
         <load_address>0x53a1</load_address>
         <run_address>0x53a1</run_address>
         <size>0xb5</size>
         <input_file_ref idref="fl-6"/>
      </object_component>
      <object_component id="oc-17f">
         <name>.debug_info</name>
         <load_address>0x5456</load_address>
         <run_address>0x5456</run_address>
         <size>0x465</size>
         <input_file_ref idref="fl-6"/>
      </object_component>
      <object_component id="oc-34a">
         <name>.debug_info</name>
         <load_address>0x58bb</load_address>
         <run_address>0x58bb</run_address>
         <size>0x110</size>
         <input_file_ref idref="fl-6"/>
      </object_component>
      <object_component id="oc-23f">
         <name>.debug_info</name>
         <load_address>0x59cb</load_address>
         <run_address>0x59cb</run_address>
         <size>0x39</size>
         <input_file_ref idref="fl-6"/>
      </object_component>
      <object_component id="oc-1a9">
         <name>.debug_info</name>
         <load_address>0x5a04</load_address>
         <run_address>0x5a04</run_address>
         <size>0x6af</size>
         <input_file_ref idref="fl-c"/>
      </object_component>
      <object_component id="oc-198">
         <name>.debug_info</name>
         <load_address>0x60b3</load_address>
         <run_address>0x60b3</run_address>
         <size>0x151</size>
         <input_file_ref idref="fl-c"/>
      </object_component>
      <object_component id="oc-19e">
         <name>.debug_info</name>
         <load_address>0x6204</load_address>
         <run_address>0x6204</run_address>
         <size>0x160</size>
         <input_file_ref idref="fl-c"/>
      </object_component>
      <object_component id="oc-116">
         <name>.debug_info</name>
         <load_address>0x6364</load_address>
         <run_address>0x6364</run_address>
         <size>0x198</size>
         <input_file_ref idref="fl-c"/>
      </object_component>
      <object_component id="oc-1f9">
         <name>.debug_info</name>
         <load_address>0x64fc</load_address>
         <run_address>0x64fc</run_address>
         <size>0xb2</size>
         <input_file_ref idref="fl-c"/>
      </object_component>
      <object_component id="oc-2c6">
         <name>.debug_info</name>
         <load_address>0x65ae</load_address>
         <run_address>0x65ae</run_address>
         <size>0x80d</size>
         <input_file_ref idref="fl-d"/>
      </object_component>
      <object_component id="oc-27e">
         <name>.debug_info</name>
         <load_address>0x6dbb</load_address>
         <run_address>0x6dbb</run_address>
         <size>0x26a</size>
         <input_file_ref idref="fl-d"/>
      </object_component>
      <object_component id="oc-284">
         <name>.debug_info</name>
         <load_address>0x7025</load_address>
         <run_address>0x7025</run_address>
         <size>0x221</size>
         <input_file_ref idref="fl-d"/>
      </object_component>
      <object_component id="oc-389">
         <name>.debug_info</name>
         <load_address>0x7246</load_address>
         <run_address>0x7246</run_address>
         <size>0x1a8</size>
         <input_file_ref idref="fl-d"/>
      </object_component>
      <object_component id="oc-38f">
         <name>.debug_info</name>
         <load_address>0x73ee</load_address>
         <run_address>0x73ee</run_address>
         <size>0x219</size>
         <input_file_ref idref="fl-d"/>
      </object_component>
      <object_component id="oc-296">
         <name>.debug_info</name>
         <load_address>0x7607</load_address>
         <run_address>0x7607</run_address>
         <size>0x303</size>
         <input_file_ref idref="fl-d"/>
      </object_component>
      <object_component id="oc-396">
         <name>.debug_info</name>
         <load_address>0x790a</load_address>
         <run_address>0x790a</run_address>
         <size>0x245</size>
         <input_file_ref idref="fl-d"/>
      </object_component>
      <object_component id="oc-29c">
         <name>.debug_info</name>
         <load_address>0x7b4f</load_address>
         <run_address>0x7b4f</run_address>
         <size>0x271</size>
         <input_file_ref idref="fl-d"/>
      </object_component>
      <object_component id="oc-2a2">
         <name>.debug_info</name>
         <load_address>0x7dc0</load_address>
         <run_address>0x7dc0</run_address>
         <size>0x2eb</size>
         <input_file_ref idref="fl-d"/>
      </object_component>
      <object_component id="oc-2a8">
         <name>.debug_info</name>
         <load_address>0x80ab</load_address>
         <run_address>0x80ab</run_address>
         <size>0x4ab</size>
         <input_file_ref idref="fl-d"/>
      </object_component>
      <object_component id="oc-1a4">
         <name>.debug_info</name>
         <load_address>0x8556</load_address>
         <run_address>0x8556</run_address>
         <size>0x6af</size>
         <input_file_ref idref="fl-d"/>
      </object_component>
      <object_component id="oc-2cc">
         <name>.debug_info</name>
         <load_address>0x8c05</load_address>
         <run_address>0x8c05</run_address>
         <size>0x86</size>
         <input_file_ref idref="fl-d"/>
      </object_component>
      <object_component id="oc-3ba">
         <name>.debug_info</name>
         <load_address>0x8c8b</load_address>
         <run_address>0x8c8b</run_address>
         <size>0x39</size>
         <input_file_ref idref="fl-d"/>
      </object_component>
      <object_component id="oc-451">
         <name>.debug_info</name>
         <load_address>0x8cc4</load_address>
         <run_address>0x8cc4</run_address>
         <size>0x94</size>
         <input_file_ref idref="fl-d"/>
      </object_component>
      <object_component id="oc-3bf">
         <name>.debug_info</name>
         <load_address>0x8d58</load_address>
         <run_address>0x8d58</run_address>
         <size>0x46</size>
         <input_file_ref idref="fl-d"/>
      </object_component>
      <object_component id="oc-2d6">
         <name>.debug_info</name>
         <load_address>0x8d9e</load_address>
         <run_address>0x8d9e</run_address>
         <size>0x46</size>
         <input_file_ref idref="fl-d"/>
      </object_component>
      <object_component id="oc-2d1">
         <name>.debug_info</name>
         <load_address>0x8de4</load_address>
         <run_address>0x8de4</run_address>
         <size>0x2c</size>
         <input_file_ref idref="fl-d"/>
      </object_component>
      <object_component id="oc-1b1">
         <name>.debug_info</name>
         <load_address>0x8e10</load_address>
         <run_address>0x8e10</run_address>
         <size>0x66f</size>
         <input_file_ref idref="fl-e"/>
      </object_component>
      <object_component id="oc-1ab">
         <name>.debug_info</name>
         <load_address>0x947f</load_address>
         <run_address>0x947f</run_address>
         <size>0x20c</size>
         <input_file_ref idref="fl-e"/>
      </object_component>
      <object_component id="oc-11b">
         <name>.debug_info</name>
         <load_address>0x968b</load_address>
         <run_address>0x968b</run_address>
         <size>0x192</size>
         <input_file_ref idref="fl-e"/>
      </object_component>
      <object_component id="oc-3c5">
         <name>.debug_info</name>
         <load_address>0x981d</load_address>
         <run_address>0x981d</run_address>
         <size>0x611</size>
         <input_file_ref idref="fl-f"/>
      </object_component>
      <object_component id="oc-2e1">
         <name>.debug_info</name>
         <load_address>0x9e2e</load_address>
         <run_address>0x9e2e</run_address>
         <size>0x179</size>
         <input_file_ref idref="fl-f"/>
      </object_component>
      <object_component id="oc-174">
         <name>.debug_info</name>
         <load_address>0x9fa7</load_address>
         <run_address>0x9fa7</run_address>
         <size>0x6ab</size>
         <input_file_ref idref="fl-10"/>
      </object_component>
      <object_component id="oc-170">
         <name>.debug_info</name>
         <load_address>0xa652</load_address>
         <run_address>0xa652</run_address>
         <size>0x1ec</size>
         <input_file_ref idref="fl-10"/>
      </object_component>
      <object_component id="oc-1ed">
         <name>.debug_info</name>
         <load_address>0xa83e</load_address>
         <run_address>0xa83e</run_address>
         <size>0x16b</size>
         <input_file_ref idref="fl-10"/>
      </object_component>
      <object_component id="oc-103">
         <name>.debug_info</name>
         <load_address>0xa9a9</load_address>
         <run_address>0xa9a9</run_address>
         <size>0x1c2</size>
         <input_file_ref idref="fl-10"/>
      </object_component>
      <object_component id="oc-e5">
         <name>.debug_info</name>
         <load_address>0xab6b</load_address>
         <run_address>0xab6b</run_address>
         <size>0x2c</size>
         <input_file_ref idref="fl-10"/>
      </object_component>
      <object_component id="oc-362">
         <name>.debug_info</name>
         <load_address>0xab97</load_address>
         <run_address>0xab97</run_address>
         <size>0x64d</size>
         <input_file_ref idref="fl-11"/>
      </object_component>
      <object_component id="oc-265">
         <name>.debug_info</name>
         <load_address>0xb1e4</load_address>
         <run_address>0xb1e4</run_address>
         <size>0x212</size>
         <input_file_ref idref="fl-11"/>
      </object_component>
      <object_component id="oc-364">
         <name>.debug_info</name>
         <load_address>0xb3f6</load_address>
         <run_address>0xb3f6</run_address>
         <size>0x65e</size>
         <input_file_ref idref="fl-12"/>
      </object_component>
      <object_component id="oc-26c">
         <name>.debug_info</name>
         <load_address>0xba54</load_address>
         <run_address>0xba54</run_address>
         <size>0x325</size>
         <input_file_ref idref="fl-12"/>
      </object_component>
      <object_component id="oc-f1">
         <name>.debug_info</name>
         <load_address>0xbd79</load_address>
         <run_address>0xbd79</run_address>
         <size>0x2c</size>
         <input_file_ref idref="fl-12"/>
      </object_component>
      <object_component id="oc-415">
         <name>.debug_info</name>
         <load_address>0xbda5</load_address>
         <run_address>0xbda5</run_address>
         <size>0x5c9</size>
         <input_file_ref idref="fl-13"/>
      </object_component>
      <object_component id="oc-357">
         <name>.debug_info</name>
         <load_address>0xc36e</load_address>
         <run_address>0xc36e</run_address>
         <size>0x18b</size>
         <input_file_ref idref="fl-13"/>
      </object_component>
      <object_component id="oc-4ad">
         <name>.debug_info</name>
         <load_address>0xc4f9</load_address>
         <run_address>0xc4f9</run_address>
         <size>0xbf</size>
         <input_file_ref idref="fl-13"/>
      </object_component>
      <object_component id="oc-4ac">
         <name>.debug_info</name>
         <load_address>0xc5b8</load_address>
         <run_address>0xc5b8</run_address>
         <size>0x633</size>
         <input_file_ref idref="fl-14"/>
      </object_component>
      <object_component id="oc-40f">
         <name>.debug_info</name>
         <load_address>0xcbeb</load_address>
         <run_address>0xcbeb</run_address>
         <size>0x22b</size>
         <input_file_ref idref="fl-14"/>
      </object_component>
      <object_component id="oc-3b1">
         <name>.debug_info</name>
         <load_address>0xce16</load_address>
         <run_address>0xce16</run_address>
         <size>0x558</size>
         <input_file_ref idref="fl-15"/>
      </object_component>
      <object_component id="oc-2b6">
         <name>.debug_info</name>
         <load_address>0xd36e</load_address>
         <run_address>0xd36e</run_address>
         <size>0x14f</size>
         <input_file_ref idref="fl-15"/>
      </object_component>
      <object_component id="oc-446">
         <name>.debug_info</name>
         <load_address>0xd4bd</load_address>
         <run_address>0xd4bd</run_address>
         <size>0x46</size>
         <input_file_ref idref="fl-15"/>
      </object_component>
      <object_component id="oc-3ac">
         <name>.debug_info</name>
         <load_address>0xd503</load_address>
         <run_address>0xd503</run_address>
         <size>0x39</size>
         <input_file_ref idref="fl-15"/>
      </object_component>
      <object_component id="oc-274">
         <name>.debug_info</name>
         <load_address>0xd53c</load_address>
         <run_address>0xd53c</run_address>
         <size>0x10e</size>
         <input_file_ref idref="fl-16"/>
      </object_component>
      <object_component id="oc-2bf">
         <name>.debug_info</name>
         <load_address>0xd64a</load_address>
         <run_address>0xd64a</run_address>
         <size>0x10c</size>
         <input_file_ref idref="fl-16"/>
      </object_component>
      <object_component id="oc-192">
         <name>.debug_info</name>
         <load_address>0xd756</load_address>
         <run_address>0xd756</run_address>
         <size>0x114</size>
         <input_file_ref idref="fl-17"/>
      </object_component>
      <object_component id="oc-37">
         <name>.debug_info</name>
         <load_address>0xd86a</load_address>
         <run_address>0xd86a</run_address>
         <size>0x121</size>
         <input_file_ref idref="fl-18"/>
      </object_component>
      <object_component id="oc-75">
         <name>.debug_info</name>
         <load_address>0xd98b</load_address>
         <run_address>0xd98b</run_address>
         <size>0x5de</size>
         <input_file_ref idref="fl-19"/>
      </object_component>
      <object_component id="oc-31">
         <name>.debug_info</name>
         <load_address>0xdf69</load_address>
         <run_address>0xdf69</run_address>
         <size>0xf5</size>
         <input_file_ref idref="fl-19"/>
      </object_component>
      <object_component id="oc-25">
         <name>.debug_info</name>
         <load_address>0xe05e</load_address>
         <run_address>0xe05e</run_address>
         <size>0x182</size>
         <input_file_ref idref="fl-19"/>
      </object_component>
      <object_component id="oc-429">
         <name>.debug_info</name>
         <load_address>0xe1e0</load_address>
         <run_address>0xe1e0</run_address>
         <size>0x553</size>
         <input_file_ref idref="fl-1a"/>
      </object_component>
      <object_component id="oc-372">
         <name>.debug_info</name>
         <load_address>0xe733</load_address>
         <run_address>0xe733</run_address>
         <size>0x1d5</size>
         <input_file_ref idref="fl-1a"/>
      </object_component>
      <object_component id="oc-427">
         <name>.debug_info</name>
         <load_address>0xe908</load_address>
         <run_address>0xe908</run_address>
         <size>0x573</size>
         <input_file_ref idref="fl-1b"/>
      </object_component>
      <object_component id="oc-421">
         <name>.debug_info</name>
         <load_address>0xee7b</load_address>
         <run_address>0xee7b</run_address>
         <size>0x183</size>
         <input_file_ref idref="fl-1b"/>
      </object_component>
      <object_component id="oc-36c">
         <name>.debug_info</name>
         <load_address>0xeffe</load_address>
         <run_address>0xeffe</run_address>
         <size>0x269</size>
         <input_file_ref idref="fl-1b"/>
      </object_component>
      <object_component id="oc-3fc">
         <name>.debug_info</name>
         <load_address>0xf267</load_address>
         <run_address>0xf267</run_address>
         <size>0x553</size>
         <input_file_ref idref="fl-1c"/>
      </object_component>
      <object_component id="oc-32c">
         <name>.debug_info</name>
         <load_address>0xf7ba</load_address>
         <run_address>0xf7ba</run_address>
         <size>0x1a4</size>
         <input_file_ref idref="fl-1c"/>
      </object_component>
      <object_component id="oc-322">
         <name>.debug_info</name>
         <load_address>0xf95e</load_address>
         <run_address>0xf95e</run_address>
         <size>0x18b</size>
         <input_file_ref idref="fl-1c"/>
      </object_component>
      <object_component id="oc-3f7">
         <name>.debug_info</name>
         <load_address>0xfae9</load_address>
         <run_address>0xfae9</run_address>
         <size>0x39</size>
         <input_file_ref idref="fl-1c"/>
      </object_component>
      <object_component id="oc-496">
         <name>.debug_info</name>
         <load_address>0xfb22</load_address>
         <run_address>0xfb22</run_address>
         <size>0x2c</size>
         <input_file_ref idref="fl-1c"/>
      </object_component>
      <object_component id="oc-f0">
         <name>.debug_info</name>
         <load_address>0xfb4e</load_address>
         <run_address>0xfb4e</run_address>
         <size>0x563</size>
         <input_file_ref idref="fl-1d"/>
      </object_component>
      <object_component id="oc-8a">
         <name>.debug_info</name>
         <load_address>0x100b1</load_address>
         <run_address>0x100b1</run_address>
         <size>0x229</size>
         <input_file_ref idref="fl-1d"/>
      </object_component>
      <object_component id="oc-13b">
         <name>.debug_info</name>
         <load_address>0x102da</load_address>
         <run_address>0x102da</run_address>
         <size>0x7c3</size>
         <input_file_ref idref="fl-1e"/>
      </object_component>
      <object_component id="oc-af">
         <name>.debug_info</name>
         <load_address>0x10a9d</load_address>
         <run_address>0x10a9d</run_address>
         <size>0x1af</size>
         <input_file_ref idref="fl-1e"/>
      </object_component>
      <object_component id="oc-1c3">
         <name>.debug_info</name>
         <load_address>0x10c4c</load_address>
         <run_address>0x10c4c</run_address>
         <size>0x39</size>
         <input_file_ref idref="fl-1e"/>
      </object_component>
      <object_component id="oc-1cf">
         <name>.debug_info</name>
         <load_address>0x10c85</load_address>
         <run_address>0x10c85</run_address>
         <size>0x39</size>
         <input_file_ref idref="fl-1e"/>
      </object_component>
      <object_component id="oc-146">
         <name>.debug_info</name>
         <load_address>0x10cbe</load_address>
         <run_address>0x10cbe</run_address>
         <size>0x39</size>
         <input_file_ref idref="fl-1e"/>
      </object_component>
      <object_component id="oc-1c8">
         <name>.debug_info</name>
         <load_address>0x10cf7</load_address>
         <run_address>0x10cf7</run_address>
         <size>0xcd</size>
         <input_file_ref idref="fl-1e"/>
      </object_component>
      <object_component id="oc-67">
         <name>.debug_info</name>
         <load_address>0x10dc4</load_address>
         <run_address>0x10dc4</run_address>
         <size>0x148</size>
         <input_file_ref idref="fl-1f"/>
      </object_component>
      <object_component id="oc-132">
         <name>.debug_info</name>
         <load_address>0x10f0c</load_address>
         <run_address>0x10f0c</run_address>
         <size>0x145</size>
         <input_file_ref idref="fl-20"/>
      </object_component>
      <object_component id="oc-41">
         <name>.debug_info</name>
         <load_address>0x11051</load_address>
         <run_address>0x11051</run_address>
         <size>0x56c</size>
         <input_file_ref idref="fl-23"/>
[...]
      </symbol>
      <symbol id="sm-117">
         <name>IsTxReady_UART2</name>
         <value>0x1180368c</value>
         <object_component_ref idref="oc-10e"/>
      </symbol>
      <symbol id="sm-118">
         <name>Init_Interrupts_EDMA</name>
         <value>0x11803a84</value>
         <object_component_ref idref="oc-10e"/>
      </symbol>
      <symbol id="sm-119">
         <name>WriteDigitalOutputs</name>
         <value>0x11803404</value>
         <object_component_ref idref="oc-10e"/>
      </symbol>
      <symbol id="sm-11a">
         <name>Read_UART2</name>
         <value>0x11803650</value>
         <object_component_ref idref="oc-10e"/>
      </symbol>
      <symbol id="sm-11b">
         <name>WriteCodecData</name>
         <value>0x1180346c</value>
         <object_component_ref idref="oc-10e"/>
      </symbol>
      <symbol id="sm-11c">
         <name>Reset_AIC3106</name>
         <value>0x11803604</value>
         <object_component_ref idref="oc-10e"/>
      </symbol>
      <symbol id="sm-11d">
         <name>WriteLEDs</name>
         <value>0x11803394</value>
         <object_component_ref idref="oc-10e"/>
      </symbol>
      <symbol id="sm-11e">
         <name>Init_Interrupts</name>
         <value>0x11803a94</value>
         <object_component_ref idref="oc-10e"/>
      </symbol>
      <symbol id="sm-11f">
         <name>wait</name>
         <value>0x11803240</value>
         <object_component_ref idref="oc-10e"/>
      </symbol>
      <symbol id="sm-120">
         <name>Init_McASP0</name>
         <value>0x118037a8</value>
         <object_component_ref idref="oc-10e"/>
      </symbol>
      <symbol id="sm-121">
         <name>AIC3106_write_reg</name>
         <value>0x1180347c</value>
         <object_component_ref idref="oc-10e"/>
      </symbol>
      <symbol id="sm-122">
         <name>Init_UART2</name>
         <value>0x11803734</value>
         <object_component_ref idref="oc-10e"/>
      </symbol>
      <symbol id="sm-123">
         <name>Init_I2C</name>
         <value>0x11803ab8</value>
         <object_component_ref idref="oc-10e"/>
      </symbol>
      <symbol id="sm-124">
         <name>EnableInterrupts</name>
         <value>0x11803fac</value>
         <object_component_ref idref="oc-10e"/>
      </symbol>
      <symbol id="sm-125">
         <name>Puts_UART2</name>
         <value>0x118036a8</value>
         <object_component_ref idref="oc-10e"/>
      </symbol>
      <symbol id="sm-126">
         <name>Init_AIC3106</name>
         <value>0x11803aec</value>
         <object_component_ref idref="oc-10e"/>
      </symbol>
      <symbol id="sm-127">
         <name>Write_I2C</name>
         <value>0x118032b8</value>
         <object_component_ref idref="oc-10e"/>
      </symbol>
      <symbol id="sm-128">
         <name>SetSampleRate_AIC3106</name>
         <value>0x118034a8</value>
         <object_component_ref idref="oc-10e"/>
      </symbol>
      <symbol id="sm-158">
         <name>main</name>
         <value>0x11808400</value>
         <object_component_ref idref="oc-9a"/>
      </symbol>
      <symbol id="sm-159">
         <name>bufftest</name>
         <value>0x1180bb78</value>
         <object_component_ref idref="oc-ff"/>
      </symbol>
      <symbol id="sm-1f4">
         <name>wave</name>
         <value>0x1180dac8</value>
         <object_component_ref idref="oc-22e"/>
      </symbol>
      <symbol id="sm-1f5">
         <name>Demodulate</name>
         <value>0x11802404</value>
         <object_component_ref idref="oc-17e"/>
      </symbol>
      <symbol id="sm-1f6">
         <name>Modulate</name>
         <value>0x11802240</value>
         <object_component_ref idref="oc-17e"/>
      </symbol>
      <symbol id="sm-21e">
         <name>printf</name>
         <value>0x11808dc0</value>
         <object_component_ref idref="oc-114"/>
      </symbol>
      <symbol id="sm-434">
         <name>__TI_printfi</name>
         <value>0x11800200</value>
         <object_component_ref idref="oc-1a2"/>
      </symbol>
      <symbol id="sm-459">
         <name>__TI_closefile</name>
         <value>0x11807f00</value>
         <object_component_ref idref="oc-1aa"/>
      </symbol>
      <symbol id="sm-45a">
         <name>fclose</name>
         <value>0x11809b20</value>
         <object_component_ref idref="oc-11a"/>
      </symbol>
      <symbol id="sm-469">
         <name>__TI_doflush</name>
         <value>0x118090e0</value>
         <object_component_ref idref="oc-2dd"/>
      </symbol>
      <symbol id="sm-4a3">
         <name>__TI_cleanup</name>
         <value>0x11809600</value>
         <object_component_ref idref="oc-1ea"/>
      </symbol>
      <symbol id="sm-4a4">
         <name>fopen</name>
         <value>0x11807cc0</value>
         <object_component_ref idref="oc-102"/>
      </symbol>
      <symbol id="sm-4c3">
         <name>putc</name>
         <value>0x11807020</value>
         <object_component_ref idref="oc-263"/>
      </symbol>
      <symbol id="sm-4c4">
         <name>fputc</name>
         <value>0x11807020</value>
         <object_component_ref idref="oc-263"/>
      </symbol>
      <symbol id="sm-4f8">
         <name>fputs</name>
         <value>0x11805920</value>
         <object_component_ref idref="oc-26a"/>
      </symbol>
      <symbol id="sm-50e">
         <name>__TI_wrt_ok</name>
         <value>0x11808880</value>
         <object_component_ref idref="oc-355"/>
      </symbol>
      <symbol id="sm-52a">
         <name>setvbuf</name>
         <value>0x11807560</value>
         <object_component_ref idref="oc-40e"/>
      </symbol>
      <symbol id="sm-544">
         <name>wcslen</name>
         <value>0x1180a040</value>
         <object_component_ref idref="oc-2b2"/>
      </symbol>
      <symbol id="sm-552">
         <name>__c6xabi_push_rts</name>
         <value>0x1180a0e0</value>
         <object_component_ref idref="oc-271"/>
      </symbol>
      <symbol id="sm-553">
         <name>__pop_rts</name>
         <value>0x1180a0c0</value>
         <object_component_ref idref="oc-2be"/>
      </symbol>
      <symbol id="sm-554">
         <name>__c6xabi_pop_rts</name>
         <value>0x1180a0c0</value>
         <object_component_ref idref="oc-2be"/>
      </symbol>
      <symbol id="sm-555">
         <name>__push_rts</name>
         <value>0x1180a0e0</value>
         <object_component_ref idref="oc-271"/>
      </symbol>
      <symbol id="sm-55e">
         <name>__c6xabi_divu</name>
         <value>0x11809320</value>
         <object_component_ref idref="oc-18f"/>
      </symbol>
      <symbol id="sm-55f">
         <name>__divu</name>
         <value>0x11809320</value>
         <object_component_ref idref="oc-18f"/>
      </symbol>
      <symbol id="sm-568">
         <name>memcpy</name>
         <value>0x118097e0</value>
         <object_component_ref idref="oc-36"/>
      </symbol>
      <symbol id="sm-57e">
         <name>_c_int00</name>
         <value>0x11809aa0</value>
         <object_component_ref idref="oc-1f"/>
      </symbol>
      <symbol id="sm-57f">
         <name>_stack</name>
         <value>0x1180d160</value>
         <object_component_ref idref="oc-30"/>
      </symbol>
      <symbol id="sm-590">
         <name>__c6xabi_divul</name>
         <value>0x11806ca0</value>
         <object_component_ref idref="oc-371"/>
      </symbol>
      <symbol id="sm-5ac">
         <name>_subcull</name>
         <value>0x11809d60</value>
         <object_component_ref idref="oc-420"/>
      </symbol>
      <symbol id="sm-5ad">
         <name>__c6xabi_divull</name>
         <value>0x118063c0</value>
         <object_component_ref idref="oc-36b"/>
      </symbol>
      <symbol id="sm-5cd">
         <name>__c6xabi_llshru</name>
         <value>0x11809d00</value>
         <object_component_ref idref="oc-328"/>
      </symbol>
      <symbol id="sm-5ce">
         <name>__c6xabi_llshl</name>
         <value>0x118099a0</value>
         <object_component_ref idref="oc-320"/>
      </symbol>
      <symbol id="sm-5de">
         <name>memset</name>
         <value>0x11808ce0</value>
         <object_component_ref idref="oc-86"/>
      </symbol>
      <symbol id="sm-603">
         <name>__TI_auto_init_nobinit_nopinit</name>
         <value>0x11809020</value>
         <object_component_ref idref="oc-ae"/>
      </symbol>
      <symbol id="sm-60c">
         <name>_system_pre_init</name>
         <value>0x1180a1a0</value>
         <object_component_ref idref="oc-66"/>
      </symbol>
      <symbol id="sm-615">
         <name>_system_post_cinit</name>
         <value>0x1180a180</value>
         <object_component_ref idref="oc-12e"/>
      </symbol>
      <symbol id="sm-62e">
         <name>__TI_decompress_none</name>
         <value>0x1180a1e0</value>
         <object_component_ref idref="oc-12"/>
      </symbol>
      <symbol id="sm-659">
         <name>__TI_decompress_rle24</name>
         <value>0x1180a200</value>
         <object_component_ref idref="oc-18"/>
      </symbol>
      <symbol id="sm-670">
         <name>sinf</name>
         <value>0x11806620</value>
         <object_component_ref idref="oc-184"/>
      </symbol>
      <symbol id="sm-67a">
         <name>__c6xabi_truncf</name>
         <value>0x1180a0a0</value>
         <object_component_ref idref="oc-245"/>
      </symbol>
      <symbol id="sm-68e">
         <name>frexpl</name>
         <value>0x118071e0</value>
         <object_component_ref idref="oc-39c"/>
      </symbol>
      <symbol id="sm-68f">
         <name>frexp</name>
         <value>0x118071e0</value>
         <object_component_ref idref="oc-39c"/>
      </symbol>
      <symbol id="sm-6ac">
         <name>__c6xabi_isinf</name>
         <value>0x11809f80</value>
         <object_component_ref idref="oc-288"/>
      </symbol>
      <symbol id="sm-6bf">
         <name>scalbn</name>
         <value>0x118078c0</value>
         <object_component_ref idref="oc-3a2"/>
      </symbol>
      <symbol id="sm-6c0">
         <name>scalbnl</name>
         <value>0x118078c0</value>
         <object_component_ref idref="oc-3a2"/>
      </symbol>
      <symbol id="sm-6c1">
         <name>ldexpl</name>
         <value>0x118078c0</value>
         <object_component_ref idref="oc-3a2"/>
      </symbol>
      <symbol id="sm-6c2">
         <name>ldexp</name>
         <value>0x118078c0</value>
         <object_component_ref idref="oc-3a2"/>
      </symbol>
      <symbol id="sm-6d4">
         <name>sqrtl</name>
         <value>0x11807a40</value>
         <object_component_ref idref="oc-21c"/>
      </symbol>
      <symbol id="sm-6d5">
         <name>sqrt</name>
         <value>0x11807a40</value>
         <object_component_ref idref="oc-21c"/>
      </symbol>
      <symbol id="sm-6de">
         <name>_signbit</name>
         <value>0x1180a160</value>
         <object_component_ref idref="oc-28e"/>
      </symbol>
      <symbol id="sm-6f0">
         <name>__c6xabi_divf</name>
         <value>0x11806140</value>
         <object_component_ref idref="oc-204"/>
      </symbol>
      <symbol id="sm-700">
         <name>__c6xabi_fixflli</name>
         <value>0x11808a40</value>
         <object_component_ref idref="oc-210"/>
      </symbol>
      <symbol id="sm-70e">
         <name>__c6xabi_fltllif</name>
         <value>0x11809260</value>
         <object_component_ref idref="oc-20a"/>
      </symbol>
      <symbol id="sm-72d">
         <name>__c6xabi_divd</name>
         <value>0x118047c0</value>
         <object_component_ref idref="oc-37b"/>
      </symbol>
      <symbol id="sm-73f">
         <name>__c6xabi_fixdlli</name>
         <value>0x11808960</value>
         <object_component_ref idref="oc-222"/>
      </symbol>
      <symbol id="sm-74d">
         <name>__c6xabi_fltllid</name>
         <value>0x118091a0</value>
         <object_component_ref idref="oc-216"/>
      </symbol>
      <symbol id="sm-760">
         <name>__TI_frcmpyd_div</name>
         <value>0x11809f40</value>
         <object_component_ref idref="oc-42a"/>
      </symbol>
      <symbol id="sm-779">
         <name>__TI_tls_init</name>
         <value>0x118094a0</value>
         <object_component_ref idref="oc-134"/>
      </symbol>
      <symbol id="sm-79a">
         <name>C$$EXIT</name>
         <value>0x1180a1c0</value>
         <object_component_ref idref="oc-a5"/>
      </symbol>
      <symbol id="sm-79b">
         <name>abort</name>
         <value>0x1180a1c0</value>
         <object_component_ref idref="oc-a5"/>
      </symbol>
      <symbol id="sm-79c">
         <name>exit</name>
         <value>0x11808c00</value>
         <object_component_ref idref="oc-60"/>
      </symbol>
      <symbol id="sm-79d">
         <name>__TI_dtors_ptr</name>
         <value>0x1180d13c</value>
         <object_component_ref idref="oc-a2"/>
      </symbol>
      <symbol id="sm-79e">
         <name>__TI_cleanup_ptr</name>
         <value>0x1180d138</value>
         <object_component_ref idref="oc-a2"/>
      </symbol>
      <symbol id="sm-79f">
         <name>__TI_enable_exit_profile_output</name>
         <value>0x1180d140</value>
         <object_component_ref idref="oc-a2"/>
      </symbol>
      <symbol id="sm-805">
         <name>_sys_memory</name>
         <value>0x1180d560</value>
         <object_component_ref idref="oc-33"/>
      </symbol>
      <symbol id="sm-806">
         <name>free</name>
         <value>0x11805560</value>
         <object_component_ref idref="oc-2e3"/>
      </symbol>
      <symbol id="sm-807">
         <name>malloc</name>
         <value>0x118073a0</value>
         <object_component_ref idref="oc-4a5"/>
      </symbol>
      <symbol id="sm-81d">
         <name>_nop</name>
         <value>0x1180a100</value>
         <object_component_ref idref="oc-1d9"/>
      </symbol>
      <symbol id="sm-81e">
         <name>_lock</name>
         <value>0x1180cbec</value>
         <object_component_ref idref="oc-160"/>
      </symbol>
      <symbol id="sm-81f">
         <name>_unlock</name>
         <value>0x1180d14c</value>
         <object_component_ref idref="oc-16a"/>
      </symbol>
      <symbol id="sm-82f">
         <name>__TI_ltoa</name>
         <value>0x118087a0</value>
         <object_component_ref idref="oc-381"/>
      </symbol>
      <symbol id="sm-841">
         <name>_args_main</name>
         <value>0x1180a000</value>
         <object_component_ref idref="oc-5a"/>
      </symbol>
      <symbol id="sm-855">
         <name>atoi</name>
         <value>0x11808200</value>
         <object_component_ref idref="oc-276"/>
      </symbol>
      <symbol id="sm-871">
         <name>close</name>
         <value>0x11808b20</value>
         <object_component_ref idref="oc-2e9"/>
      </symbol>
      <symbol id="sm-87b">
         <name>_ctypes_</name>
         <value>0x1180d960</value>
         <object_component_ref idref="oc-366"/>
      </symbol>
      <symbol id="sm-88b">
         <name>__TI_tmpnams</name>
         <value>0x1180ba08</value>
      </symbol>
      <symbol id="sm-88c">
         <name>_ftable</name>
         <value>0x1180ce30</value>
         <object_component_ref idref="oc-164"/>
      </symbol>
      <symbol id="sm-88d">
         <name>__TI_ft_end</name>
         <value>0x1180d150</value>
         <object_component_ref idref="oc-167"/>
      </symbol>
      <symbol id="sm-89e">
         <name>memccpy</name>
         <value>0x11809e20</value>
         <object_component_ref idref="oc-2ac"/>
      </symbol>
      <symbol id="sm-8c0">
         <name>open</name>
         <value>0x11806880</value>
         <object_component_ref idref="oc-1f0"/>
      </symbol>
      <symbol id="sm-8d6">
         <name>unlink</name>
         <value>0x11809c20</value>
         <object_component_ref idref="oc-2ef"/>
      </symbol>
      <symbol id="sm-8ef">
         <name>_stream</name>
         <value>0x1180d010</value>
         <object_component_ref idref="oc-313"/>
      </symbol>
      <symbol id="sm-8f0">
         <name>_device</name>
         <value>0x1180d0b0</value>
         <object_component_ref idref="oc-3da"/>
      </symbol>
      <symbol id="sm-8f1">
         <name>write</name>
         <value>0x11809ee0</value>
         <object_component_ref idref="oc-35b"/>
      </symbol>
      <symbol id="sm-903">
         <name>__errno</name>
         <value>0x1180d154</value>
         <object_component_ref idref="oc-3b2"/>
      </symbol>
      <symbol id="sm-904">
         <name>errno</name>
         <value>0x1180d154</value>
         <object_component_ref idref="oc-3b2"/>
      </symbol>
      <symbol id="sm-905">
         <name>__c6xabi_errno_addr</name>
         <value>0x1180a080</value>
         <object_component_ref idref="oc-2b8"/>
      </symbol>
      <symbol id="sm-91d">
         <name>fseek</name>
         <value>0x11808300</value>
         <object_component_ref idref="oc-408"/>
      </symbol>
      <symbol id="sm-942">
         <name>finddevice</name>
         <value>0x11809740</value>
         <object_component_ref idref="oc-3e0"/>
      </symbol>
      <symbol id="sm-943">
         <name>getdevice</name>
         <value>0x11807de0</value>
         <object_component_ref idref="oc-316"/>
      </symbol>
      <symbol id="sm-951">
         <name>modff</name>
         <value>0x11809e80</value>
         <object_component_ref idref="oc-251"/>
      </symbol>
      <symbol id="sm-95b">
         <name>__c6xabi_roundf</name>
         <value>0x11809a20</value>
         <object_component_ref idref="oc-24b"/>
      </symbol>
      <symbol id="sm-96a">
         <name>lseek</name>
         <value>0x11809dc0</value>
         <object_component_ref idref="oc-49d"/>
      </symbol>
      <symbol id="sm-97a">
         <name>HOSTclose</name>
         <value>0x11809560</value>
         <object_component_ref idref="oc-46b"/>
      </symbol>
      <symbol id="sm-98a">
         <name>HOSTlseek</name>
         <value>0x11808500</value>
         <object_component_ref idref="oc-47d"/>
      </symbol>
      <symbol id="sm-99e">
         <name>parmbuf</name>
         <value>0x1180bb70</value>
      </symbol>
      <symbol id="sm-99f">
         <name>HOSTopen</name>
         <value>0x118085e0</value>
         <object_component_ref idref="oc-465"/>
      </symbol>
      <symbol id="sm-9af">
         <name>HOSTread</name>
         <value>0x11808ea0</value>
         <object_component_ref idref="oc-471"/>
      </symbol>
      <symbol id="sm-9cd">
         <name>HOSTrename</name>
         <value>0x11807720</value>
         <object_component_ref idref="oc-489"/>
      </symbol>
      <symbol id="sm-9e0">
         <name>HOSTunlink</name>
         <value>0x11808f60</value>
         <object_component_ref idref="oc-483"/>
      </symbol>
      <symbol id="sm-9f0">
         <name>HOSTwrite</name>
         <value>0x118086c0</value>
         <object_component_ref idref="oc-477"/>
      </symbol>
      <symbol id="sm-a16">
         <name>__TI_readmsg</name>
         <value>0x11809920</value>
         <object_component_ref idref="oc-4df"/>
      </symbol>
      <symbol id="sm-a17">
         <name>C$$IO$$</name>
         <value>0x11809cf8</value>
         <object_component_ref idref="oc-4d9"/>
      </symbol>
      <symbol id="sm-a18">
         <name>__CIOBUF_</name>
         <value>0x1180db58</value>
         <object_component_ref idref="oc-505"/>
      </symbol>
      <symbol id="sm-a19">
         <name>__TI_writemsg</name>
         <value>0x11809ca0</value>
         <object_component_ref idref="oc-4d9"/>
      </symbol>
      <symbol id="sm-a1a">
         <name>__TI_STATIC_BASE</name>
         <value>0x1180dcc8</value>
      </symbol>
      <symbol id="sm-a1c">
         <name>__TI_TLS_INIT_Base</name>
         <value>0x0</value>
      </symbol>
      <symbol id="sm-a1d">
         <name>__TI_TLS_INIT_Limit</name>
         <value>0x0</value>
      </symbol>
      <symbol id="sm-a1e">
         <name>remove</name>
         <value>0x11809c20</value>
      </symbol>
   </symbol_table>
   <title>Link successful</title>
</link_info>
