******************************************************************************
               TMS320C6x Linker PC v8.3.7                      
******************************************************************************
>> Linked Mon May 10 17:55:02 2021

OUTPUT FILE NAME:   <demodulate.out>
ENTRY POINT SYMBOL: "_c_int00"  address: 11809720


MEMORY CONFIGURATION

         name            origin    length      used     unused   attr    fill
----------------------  --------  ---------  --------  --------  ----  --------
  VECTORS               11800000   00000200  00000200  00000000  RWIX
  DSPRAM                11800200   0003fe00  0000c598  00033868  RWIX
  SHAREDRAM             80000000   00020000  00000000  00020000  RWIX
  SDRAM                 c0000000   08000000  000002d0  07fffd30  RWIX


SEGMENT ALLOCATION MAP

run origin  load origin   length   init length attrs members
----------  ----------- ---------- ----------- ----- -------
11800000    11800000    00009da0   00009da0    r-x
  11800000    11800000    00000200   00000200    r-x vectors
  11800200    11800200    00009ba0   00009ba0    r-x .text
11809da0    11809da0    00002568   00000000    rw-
  11809da0    11809da0    00001800   00000000    rw- .far
  1180b5a0    1180b5a0    00000564   00000000    rw- .fardata
  1180bb08    1180bb08    00000400   00000000    rw- .stack
  1180bf08    1180bf08    00000400   00000000    rw- .sysmem
1180c308    1180c308    00000210   00000210    r--
  1180c308    1180c308    00000210   00000210    r-- .const
1180c518    1180c518    00000120   00000000    rw-
  1180c518    1180c518    00000120   00000000    rw- .cio
1180c638    1180c638    00000050   00000050    r--
  1180c638    1180c638    00000050   00000050    r-- .switch
1180c688    1180c688    0000004c   00000000    rw-
  1180c688    1180c688    0000004c   00000000    rw- .neardata
1180c6d8    1180c6d8    000000c8   000000c8    r--
  1180c6d8    1180c6d8    000000c8   000000c8    r-- .cinit
c0000000    c0000000    000002d0   00000000    rw-
  c0000000    c0000000    000002d0   00000000    rw- CE0


SECTION ALLOCATION MAP

 output                                  attributes/
section   page    origin      length       input sections
--------  ----  ----------  ----------   ----------------
vectors    0    11800000    00000200     
                  11800000    00000200     vectors_EDMA.obj (vectors)

.text      0    11800200    00009ba0     
                  11800200    00002040     rts6740_elf.lib : _printfi.c.obj (.text:__TI_printfi)
                  11802240    00001000     modem.obj (.text)
                  11803240    00000f20     LCDK_Support_DSP.obj (.text)
                  11804160    00000660     rts6740_elf.lib : _printfi.c.obj (.text:_pconv_a)
                  118047c0    000005e0                     : divd.c.obj (.text:__c6xabi_divd)
                  11804da0    00000400                     : _printfi.c.obj (.text:_pconv_g)
                  118051a0    000003c0                     : memory.c.obj (.text:free)
                  11805560    00000320     ISRs_talkthrough.obj (.text)
                  11805880    000002e0     rts6740_elf.lib : fputs.c.obj (.text:fputs)
                  11805b60    000002a0                     : _printfi.c.obj (.text:_pconv_e)
                  11805e00    000002a0                     : _printfi.c.obj (.text:fcvt)
                  118060a0    00000280                     : divf.c.obj (.text:__c6xabi_divf)
                  11806320    00000260                     : imath64.c.obj (.text:__c6xabi_divull)
                  11806580    00000220                     : open.c.obj (.text:open)
                  118067a0    00000200                     : _printfi.c.obj (.text:_ltostr)
                  118069a0    000001c0                     : imath40.c.obj (.text:__c6xabi_divul)
                  11806b60    000001c0                     : fopen.c.obj (.text:_openfile)
                  11806d20    000001c0                     : fputc.c.obj (.text:fputc)
                  11806ee0    000001c0                     : frexp.c.obj (.text:frexp)
                  118070a0    000001c0                     : memory.c.obj (.text:malloc)
                  11807260    000001c0                     : setvbuf.c.obj (.text:setvbuf)
                  11807420    000001a0                     : hostrename.c.obj (.text:HOSTrename)
                  118075c0    00000180                     : ldexp.c.obj (.text:ldexp)
                  11807740    00000160                     : sqrt.c.obj (.text:sqrt)
                  118078a0    00000120                     : _printfi.c.obj (.text:_pconv_f)
                  118079c0    00000120                     : fopen.c.obj (.text:fopen)
                  11807ae0    00000120                     : getdevice.c.obj (.text:getdevice)
                  11807c00    00000100                     : fclose.c.obj (.text:__TI_closefile)
                  11807d00    00000100                     : copy_decompress_rle.c.obj (.text:__TI_decompress_rle_core)
                  11807e00    00000100                     : _printfi.c.obj (.text:_mcpy)
                  11807f00    00000100                     : atoi.c.obj (.text:atoi)
                  11808000    00000100                     : fseek.c.obj (.text:fseek)
                  11808100    00000100     main_talkthrough.obj (.text)
                  11808200    000000e0     rts6740_elf.lib : hostlseek.c.obj (.text:HOSTlseek)
                  118082e0    000000e0                     : hostopen.c.obj (.text:HOSTopen)
                  118083c0    000000e0                     : hostwrite.c.obj (.text:HOSTwrite)
                  118084a0    000000e0                     : _ltoa.c.obj (.text:__TI_ltoa)
                  11808580    000000e0                     : _io_perm.c.obj (.text:__TI_wrt_ok)
                  11808660    000000e0                     : fixdlli.c.obj (.text:__c6xabi_fixdlli)
                  11808740    000000e0                     : fixflli.c.obj (.text:__c6xabi_fixflli)
                  11808820    000000e0                     : close.c.obj (.text:close)
                  11808900    000000e0                     : exit.c.obj (.text:exit)
                  118089e0    000000e0                     : memset.c.obj (.text:memset)
                  11808ac0    000000e0                     : printf.c.obj (.text:printf)
                  11808ba0    000000c0                     : hostread.c.obj (.text:HOSTread)
                  11808c60    000000c0                     : hostunlink.c.obj (.text:HOSTunlink)
                  11808d20    000000c0                     : autoinit.c.obj (.text:__TI_auto_init_nobinit_nopinit:__TI_auto_init_nobinit_nopinit)
                  11808de0    000000c0                     : fflush.c.obj (.text:__TI_doflush)
                  11808ea0    000000c0                     : fltllid.c.obj (.text:__c6xabi_fltllid)
                  11808f60    000000c0                     : fltllif.c.obj (.text:__c6xabi_fltllif)
                  11809020    000000c0                     : divu.asm.obj (.text:__divu)
                  118090e0    000000c0                     : memory.c.obj (.text:mremove)
                  118091a0    000000c0                     : tls.c.obj (.text:tls:init:__TI_tls_init)
                  11809260    000000a0                     : hostclose.c.obj (.text:HOSTclose)
                  11809300    000000a0                     : fopen.c.obj (.text:__TI_cleanup)
                  118093a0    000000a0                     : _printfi.c.obj (.text:_ecpy)
                  11809440    000000a0                     : getdevice.c.obj (.text:finddevice)
                  118094e0    000000a0                     : memcpy64.asm.obj (.text:memcpy)
                  11809580    000000a0                     : memory.c.obj (.text:minsert)
                  11809620    00000080                     : trgmsg.c.obj (.text:__TI_readmsg)
                  118096a0    00000080                     : llshift.c.obj (.text:__c6xabi_llshl)
                  11809720    00000080                     : boot.c.obj (.text:_c_int00)
                  118097a0    00000080     ISRs_talkthrough.obj (.text:retain)
                  11809820    00000080     rts6740_elf.lib : unlink.c.obj (.text:unlink)
                  118098a0    00000060                     : trgmsg.c.obj (.text:__TI_writemsg)
                  11809900    00000060                     : llshift.c.obj (.text:__c6xabi_llshru)
                  11809960    00000060                     : imath64.c.obj (.text:_subcull)
                  118099c0    00000060                     : lseek.c.obj (.text:lseek)
                  11809a20    00000060                     : memccpy.c.obj (.text:memccpy)
                  11809a80    00000060                     : write.c.obj (.text:write)
                  11809ae0    00000040                     : frcmpyd_div.c.obj (.text:__TI_frcmpyd_div)
                  11809b20    00000040                     : isinf.c.obj (.text:__c6xabi_isinf)
                  11809b60    00000040                     : _printfi.c.obj (.text:__c6xabi_isnan)
                  11809ba0    00000040                     : args_main.c.obj (.text:_args_main)
                  11809be0    00000040                     : wcslen.c.obj (.text:wcslen)
                  11809c20    00000020                     : errno.c.obj (.text:__c6xabi_errno_addr)
                  11809c40    00000020                     : push.asm.obj (.text:__pop_rts)
                  11809c60    00000020                     : push.asm.obj (.text:__push_rts)
                  11809c80    00000020                     : _lock.c.obj (.text:_nop)
                  11809ca0    00000020                     : printf.c.obj (.text:_outc)
                  11809cc0    00000020                     : printf.c.obj (.text:_outs)
                  11809ce0    00000020                     : signbit.c.obj (.text:_signbit)
                  11809d00    00000020                     : startup.c.obj (.text:_system_post_cinit)
                  11809d20    00000020                     : pre_init.c.obj (.text:_system_pre_init)
                  11809d40    00000020                     : exit.c.obj (.text:abort)
                  11809d60    00000020                     : copy_decompress_none.c.obj (.text:decompress:none:__TI_decompress_none)
                  11809d80    00000020                     : copy_decompress_rle.c.obj (.text:decompress:rle24:__TI_decompress_rle24)

.far       0    11809da0    00001800     UNINITIALIZED
                  11809da0    000010e0     ISRs_talkthrough.obj (.far:speech)
                  1180ae80    00000168     ISRs_talkthrough.obj (.far:Left$1)
                  1180afe8    00000168     ISRs_talkthrough.obj (.far:Right$2)
                  1180b150    00000168     modem.obj (.far:fd)
                  1180b2b8    00000168     modem.obj (.far:fr)
                  1180b420    00000140     (.common:__TI_tmpnams)
                  1180b560    00000024     modem.obj (.far:r)
                  1180b584    00000004     --HOLE--
                  1180b588    0000000c     ISRs_talkthrough.obj (.far:data)
                  1180b594    00000004     --HOLE--
                  1180b598    00000008     (.common:parmbuf)

.fardata   0    1180b5a0    00000564     UNINITIALIZED
                  1180b5a0    00000240     modem.obj (.fardata:ffg)
                  1180b7e0    000001e0     rts6740_elf.lib : defs.c.obj (.fardata:_ftable)
                  1180b9c0    000000a0                     : write.c.obj (.fardata:_stream)
                  1180ba60    00000078                     : write.c.obj (.fardata:_device)
                  1180bad8    0000000c                     : exit.c.obj (.fardata)
                  1180bae4    00000008                     : memory.c.obj (.fardata)
                  1180baec    00000004                     : _lock.c.obj (.fardata:_lock)
                  1180baf0    00000004                     : _lock.c.obj (.fardata:_unlock)
                  1180baf4    00000004                     : defs.c.obj (.fardata)
                  1180baf8    00000004                     : errno.c.obj (.fardata)
                  1180bafc    00000004                     : fopen.c.obj (.fardata)
                  1180bb00    00000004                     : open.c.obj (.fardata)

.stack     0    1180bb08    00000400     UNINITIALIZED
                  1180bb08    00000008     rts6740_elf.lib : boot.c.obj (.stack)
                  1180bb10    000003f8     --HOLE--

.sysmem    0    1180bf08    00000400     UNINITIALIZED
                  1180bf08    00000008     rts6740_elf.lib : memory.c.obj (.sysmem)
                  1180bf10    000003f8     --HOLE--

.const     0    1180c308    00000210     
                  1180c308    00000101     rts6740_elf.lib : ctype.c.obj (.const:.string:_ctypes_)
                  1180c409    00000003     --HOLE-- [fill = 0]
                  1180c40c    00000064     main_talkthrough.obj (.const:.string)
                  1180c470    00000060     modem.obj (.const:wave)
                  1180c4d0    00000024     rts6740_elf.lib : _printfi.c.obj (.const:.string)
                  1180c4f4    00000018     ISRs_talkthrough.obj (.const:.string)
                  1180c50c    00000004     --HOLE-- [fill = 0]
                  1180c510    00000008     modem.obj (.const:.string:mask)

.cio       0    1180c518    00000120     UNINITIALIZED
                  1180c518    00000120     rts6740_elf.lib : trgmsg.c.obj (.cio)

.switch    0    1180c638    00000050     
                  1180c638    00000038     rts6740_elf.lib : _printfi.c.obj (.switch:__TI_printfi)
                  1180c670    00000018     LCDK_Support_DSP.obj (.switch:SetSampleRate_AIC3106)

.neardata 
*          0    1180c688    0000004c     UNINITIALIZED
                  1180c688    00000038     modem.obj (.neardata)
                  1180c6c0    00000010     ISRs_talkthrough.obj (.neardata)
                  1180c6d0    00000004     LCDK_Support_DSP.obj (.neardata)

.cinit     0    1180c6d8    000000c8     
                  1180c6d8    00000071     (.cinit..fardata.load) [load image, compression = rle]
                  1180c749    00000019     (.cinit..neardata.load) [load image, compression = rle]
                  1180c762    0000000b     (.cinit..far.load) [load image, compression = rle]
                  1180c76d    0000000b     (.cinit.CE0.load) [load image, compression = rle]
                  1180c778    00000008     (__TI_handler_table)
                  1180c780    00000020     (__TI_cinit_table)

CE0        0    c0000000    000002d0     UNINITIALIZED
                  c0000000    000002d0     ISRs_talkthrough.obj (CE0)

MODULE SUMMARY

       Module                       code    ro data   rw data
       ------                       ----    -------   -------
    .\
       ISRs_talkthrough.obj         928     24        5788   
       LCDK_Support_DSP.obj         3872    24        4      
       vectors_EDMA.obj             512     0         0      
       main_talkthrough.obj         256     100       0      
    +--+----------------------------+-------+---------+---------+
       Total:                       5568    148       5792   
                                                             
    .\modem\
       modem.obj                    4096    104       1388   
    +--+----------------------------+-------+---------+---------+
       Total:                       4096    104       1388   
                                                             
    C:/ti/ccsv7/tools/compiler/ti-cgt-c6000_8.3.7/lib/rts6740_elf.lib
       _printfi.c.obj               13536   92        0      
       memory.c.obj                 1760    0         8      
       divd.c.obj                   1504    0         0      
       fopen.c.obj                  896     0         4      
       defs.c.obj                   0       0         804    
       fputs.c.obj                  736     0         0      
       imath64.c.obj                704     0         0      
       divf.c.obj                   640     0         0      
       open.c.obj                   544     0         4      
       trgmsg.c.obj                 224     0         288    
       fputc.c.obj                  448     0         0      
       frexp.c.obj                  448     0         0      
       getdevice.c.obj              448     0         0      
       imath40.c.obj                448     0         0      
       setvbuf.c.obj                448     0         0      
       hostrename.c.obj             416     0         0      
       ldexp.c.obj                  384     0         0      
       write.c.obj                  96      0         280    
       sqrt.c.obj                   352     0         0      
       copy_decompress_rle.c.obj    288     0         0      
       printf.c.obj                 288     0         0      
       exit.c.obj                   256     0         12     
       ctype.c.obj                  0       257       0      
       atoi.c.obj                   256     0         0      
       fclose.c.obj                 256     0         0      
       fseek.c.obj                  256     0         0      
       hostopen.c.obj               224     0         8      
       _io_perm.c.obj               224     0         0      
       _ltoa.c.obj                  224     0         0      
       close.c.obj                  224     0         0      
       fixdlli.c.obj                224     0         0      
       fixflli.c.obj                224     0         0      
       hostlseek.c.obj              224     0         0      
       hostwrite.c.obj              224     0         0      
       llshift.c.obj                224     0         0      
       memset.c.obj                 224     0         0      
       autoinit.c.obj               192     0         0      
       divu.asm.obj                 192     0         0      
       fflush.c.obj                 192     0         0      
       fltllid.c.obj                192     0         0      
       fltllif.c.obj                192     0         0      
       hostread.c.obj               192     0         0      
       hostunlink.c.obj             192     0         0      
       tls.c.obj                    192     0         0      
       hostclose.c.obj              160     0         0      
       memcpy64.asm.obj             160     0         0      
       boot.c.obj                   128     0         0      
       unlink.c.obj                 128     0         0      
       lseek.c.obj                  96      0         0      
       memccpy.c.obj                96      0         0      
       args_main.c.obj              64      0         0      
       frcmpyd_div.c.obj            64      0         0      
       isinf.c.obj                  64      0         0      
       push.asm.obj                 64      0         0      
       wcslen.c.obj                 64      0         0      
       _lock.c.obj                  32      0         8      
       errno.c.obj                  32      0         4      
       copy_decompress_none.c.obj   32      0         0      
       pre_init.c.obj               32      0         0      
       signbit.c.obj                32      0         0      
       startup.c.obj                32      0         0      
    +--+----------------------------+-------+---------+---------+
       Total:                       30688   349       1420   
                                                             
       Heap:                        0       0         1024   
       Stack:                       0       0         1024   
       Linker Generated:            0       200       0      
    +--+----------------------------+-------+---------+---------+
       Grand Total:                 40352   801       10648  


LINKER GENERATED COPY TABLES

__TI_cinit_table @ 1180c780 records: 4, size/record: 8, table size: 32
	.fardata: load addr=1180c6d8, load size=00000071 bytes, run addr=1180b5a0, run size=00000564 bytes, compression=rle
	.neardata: load addr=1180c749, load size=00000019 bytes, run addr=1180c688, run size=0000004c bytes, compression=rle
	.far: load addr=1180c762, load size=0000000b bytes, run addr=11809da0, run size=00001800 bytes, compression=rle
	CE0: load addr=1180c76d, load size=0000000b bytes, run addr=c0000000, run size=000002d0 bytes, compression=rle


LINKER GENERATED HANDLER TABLE

__TI_handler_table @ 1180c778 records: 2, size/record: 4, table size: 8
	index: 0, handler: __TI_decompress_rle24
	index: 1, handler: __TI_decompress_none


GLOBAL SYMBOLS: SORTED ALPHABETICALLY BY Name 

address   name                           
-------   ----                           
1180347c  AIC3106_write_reg              
11809d40  C$$EXIT                        
118098f8  C$$IO$$                        
11804120  CheckForOverrun                
11804074  DSP_Init                       
11803fe0  DSP_Init_EDMA                  
11802404  Demodulate                     
118097a0  EDMA_ISR                       
11805794  EDMA_Init                      
11803fac  EnableInterrupts               
11803f74  EnableInterrupts_EDMA          
11803f6c  GetSampleFreq                  
11809260  HOSTclose                      
11808200  HOSTlseek                      
118082e0  HOSTopen                       
11808ba0  HOSTread                       
11807420  HOSTrename                     
11808c60  HOSTunlink                     
118083c0  HOSTwrite                      
11803f38  InitDigitalOutputs             
11803ed0  InitLEDs                       
11803aec  Init_AIC3106                   
11803ab8  Init_I2C                       
11803a94  Init_Interrupts                
11803a84  Init_Interrupts_EDMA           
118037a8  Init_McASP0                    
11803734  Init_UART2                     
1180578c  IsBufferReady                  
11803720  IsDataReady_UART2              
11805784  IsOverRun                      
1180368c  IsTxReady_UART2                
11802240  Modulate                       
11805718  ProcessBuffer                  
118036a8  Puts_UART2                     
11803678  ReadCodecData                  
11803664  ReadSwitches                   
11803650  Read_UART2                     
11803604  Reset_AIC3106                  
118032a8  Reset_I2C                      
118034a8  SetSampleRate_AIC3106          
1180346c  WriteCodecData                 
11803404  WriteDigitalOutputs            
11803394  WriteLEDs                      
118032b8  Write_I2C                      
11803294  Write_UART2                    
118056b4  ZeroBuffers                    
1180c518  __CIOBUF_                      
1180c780  __TI_CINIT_Base                
1180c7a0  __TI_CINIT_Limit               
1180c778  __TI_Handler_Table_Base        
1180c780  __TI_Handler_Table_Limit       
1180bf08  __TI_STACK_END                 
00000400  __TI_STACK_SIZE                
1180c688  __TI_STATIC_BASE               
00000400  __TI_SYSMEM_SIZE               
UNDEFED   __TI_TLS_INIT_Base             
UNDEFED   __TI_TLS_INIT_Limit            
11808d20  __TI_auto_init_nobinit_nopinit 
11809300  __TI_cleanup                   
1180bad8  __TI_cleanup_ptr               
11807c00  __TI_closefile                 
11809d60  __TI_decompress_none           
11809d80  __TI_decompress_rle24          
11808de0  __TI_doflush                   
1180badc  __TI_dtors_ptr                 
1180bae0  __TI_enable_exit_profile_output
11809ae0  __TI_frcmpyd_div               
1180baf4  __TI_ft_end                    
118084a0  __TI_ltoa                      
ffffffff  __TI_pprof_out_hndl            
11800200  __TI_printfi                   
ffffffff  __TI_prof_data_size            
ffffffff  __TI_prof_data_start           
11809620  __TI_readmsg                   
118091a0  __TI_tls_init                  
1180b420  __TI_tmpnams                   
118098a0  __TI_writemsg                  
11808580  __TI_wrt_ok                    
ffffffff  __binit__                      
118047c0  __c6xabi_divd                  
118060a0  __c6xabi_divf                  
11809020  __c6xabi_divu                  
118069a0  __c6xabi_divul                 
11806320  __c6xabi_divull                
11809c20  __c6xabi_errno_addr            
11808660  __c6xabi_fixdlli               
11808740  __c6xabi_fixflli               
11808ea0  __c6xabi_fltllid               
11808f60  __c6xabi_fltllif               
11809b20  __c6xabi_isinf                 
118096a0  __c6xabi_llshl                 
11809900  __c6xabi_llshru                
11809c40  __c6xabi_pop_rts               
11809c60  __c6xabi_push_rts              
ffffffff  __c_args__                     
11809020  __divu                         
1180baf8  __errno                        
11809c40  __pop_rts                      
11809c60  __push_rts                     
11809ba0  _args_main                     
11809720  _c_int00                       
1180c308  _ctypes_                       
1180ba60  _device                        
1180b7e0  _ftable                        
1180baec  _lock                          
11809c80  _nop                           
11809ce0  _signbit                       
1180bb08  _stack                         
1180b9c0  _stream                        
11809960  _subcull                       
1180bf08  _sys_memory                    
11809d00  _system_post_cinit             
11809d20  _system_pre_init               
1180baf0  _unlock                        
11809d40  abort                          
11807f00  atoi                           
ffffffff  binit                          
1180c6c0  buffer_ready                   
11808820  close                          
1180baf8  errno                          
11808900  exit                           
11809440  finddevice                     
118079c0  fopen                          
11806d20  fputc                          
11805880  fputs                          
118051a0  free                           
11806ee0  frexp                          
11806ee0  frexpl                         
11808000  fseek                          
11807ae0  getdevice                      
118075c0  ldexp                          
118075c0  ldexpl                         
118099c0  lseek                          
11808100  main                           
118070a0  malloc                         
11809a20  memccpy                        
118094e0  memcpy                         
118089e0  memset                         
11806580  open                           
1180c6c2  over_run                       
1180b598  parmbuf                        
11808ac0  printf                         
11806d20  putc                           
1180c6c4  ready_index                    
11809820  remove                         
118075c0  scalbn                         
118075c0  scalbnl                        
11807260  setvbuf                        
11807740  sqrt                           
11807740  sqrtl                          
11809820  unlink                         
11805560  updateData                     
11803240  wait                           
1180c470  wave                           
11809be0  wcslen                         
11809a80  write                          


GLOBAL SYMBOLS: SORTED BY Symbol Address 

address   name                           
-------   ----                           
00000400  __TI_STACK_SIZE                
00000400  __TI_SYSMEM_SIZE               
11800200  __TI_printfi                   
11802240  Modulate                       
11802404  Demodulate                     
11803240  wait                           
11803294  Write_UART2                    
118032a8  Reset_I2C                      
118032b8  Write_I2C                      
11803394  WriteLEDs                      
11803404  WriteDigitalOutputs            
1180346c  WriteCodecData                 
1180347c  AIC3106_write_reg              
118034a8  SetSampleRate_AIC3106          
11803604  Reset_AIC3106                  
11803650  Read_UART2                     
11803664  ReadSwitches                   
11803678  ReadCodecData                  
1180368c  IsTxReady_UART2                
118036a8  Puts_UART2                     
11803720  IsDataReady_UART2              
11803734  Init_UART2                     
118037a8  Init_McASP0                    
11803a84  Init_Interrupts_EDMA           
11803a94  Init_Interrupts                
11803ab8  Init_I2C                       
11803aec  Init_AIC3106                   
11803ed0  InitLEDs                       
11803f38  InitDigitalOutputs             
11803f6c  GetSampleFreq                  
11803f74  EnableInterrupts_EDMA          
11803fac  EnableInterrupts               
11803fe0  DSP_Init_EDMA                  
11804074  DSP_Init                       
11804120  CheckForOverrun                
118047c0  __c6xabi_divd                  
118051a0  free                           
11805560  updateData                     
118056b4  ZeroBuffers                    
11805718  ProcessBuffer                  
11805784  IsOverRun                      
1180578c  IsBufferReady                  
11805794  EDMA_Init                      
11805880  fputs                          
118060a0  __c6xabi_divf                  
11806320  __c6xabi_divull                
11806580  open                           
118069a0  __c6xabi_divul                 
11806d20  fputc                          
11806d20  putc                           
11806ee0  frexp                          
11806ee0  frexpl                         
118070a0  malloc                         
11807260  setvbuf                        
11807420  HOSTrename                     
118075c0  ldexp                          
118075c0  ldexpl                         
118075c0  scalbn                         
118075c0  scalbnl                        
11807740  sqrt                           
11807740  sqrtl                          
118079c0  fopen                          
11807ae0  getdevice                      
11807c00  __TI_closefile                 
11807f00  atoi                           
11808000  fseek                          
11808100  main                           
11808200  HOSTlseek                      
118082e0  HOSTopen                       
118083c0  HOSTwrite                      
118084a0  __TI_ltoa                      
11808580  __TI_wrt_ok                    
11808660  __c6xabi_fixdlli               
11808740  __c6xabi_fixflli               
11808820  close                          
11808900  exit                           
118089e0  memset                         
11808ac0  printf                         
11808ba0  HOSTread                       
11808c60  HOSTunlink                     
11808d20  __TI_auto_init_nobinit_nopinit 
11808de0  __TI_doflush                   
11808ea0  __c6xabi_fltllid               
11808f60  __c6xabi_fltllif               
11809020  __c6xabi_divu                  
11809020  __divu                         
118091a0  __TI_tls_init                  
11809260  HOSTclose                      
11809300  __TI_cleanup                   
11809440  finddevice                     
118094e0  memcpy                         
11809620  __TI_readmsg                   
118096a0  __c6xabi_llshl                 
11809720  _c_int00                       
118097a0  EDMA_ISR                       
11809820  remove                         
11809820  unlink                         
118098a0  __TI_writemsg                  
118098f8  C$$IO$$                        
11809900  __c6xabi_llshru                
11809960  _subcull                       
118099c0  lseek                          
11809a20  memccpy                        
11809a80  write                          
11809ae0  __TI_frcmpyd_div               
11809b20  __c6xabi_isinf                 
11809ba0  _args_main                     
11809be0  wcslen                         
11809c20  __c6xabi_errno_addr            
11809c40  __c6xabi_pop_rts               
11809c40  __pop_rts                      
11809c60  __c6xabi_push_rts              
11809c60  __push_rts                     
11809c80  _nop                           
11809ce0  _signbit                       
11809d00  _system_post_cinit             
11809d20  _system_pre_init               
11809d40  C$$EXIT                        
11809d40  abort                          
11809d60  __TI_decompress_none           
11809d80  __TI_decompress_rle24          
1180b420  __TI_tmpnams                   
1180b598  parmbuf                        
1180b7e0  _ftable                        
1180b9c0  _stream                        
1180ba60  _device                        
1180bad8  __TI_cleanup_ptr               
1180badc  __TI_dtors_ptr                 
1180bae0  __TI_enable_exit_profile_output
1180baec  _lock                          
1180baf0  _unlock                        
1180baf4  __TI_ft_end                    
1180baf8  __errno                        
1180baf8  errno                          
1180bb08  _stack                         
1180bf08  __TI_STACK_END                 
1180bf08  _sys_memory                    
1180c308  _ctypes_                       
1180c470  wave                           
1180c518  __CIOBUF_                      
1180c688  __TI_STATIC_BASE               
1180c6c0  buffer_ready                   
1180c6c2  over_run                       
1180c6c4  ready_index                    
1180c778  __TI_Handler_Table_Base        
1180c780  __TI_CINIT_Base                
1180c780  __TI_Handler_Table_Limit       
1180c7a0  __TI_CINIT_Limit               
ffffffff  __TI_pprof_out_hndl            
ffffffff  __TI_prof_data_size            
ffffffff  __TI_prof_data_start           
ffffffff  __binit__                      
ffffffff  __c_args__                     
ffffffff  binit                          
UNDEFED   __TI_TLS_INIT_Base             
UNDEFED   __TI_TLS_INIT_Limit            

[156 symbols]
