<?xml version="1.0" encoding="ISO-8859-1" ?>
<link_info>
   <banner>TMS320C6x Linker PC v8.3.7</banner>
   <copyright>Copyright (c) 1996-2018 Texas Instruments Incorporated</copyright>
   <link_time>0x60991106</link_time>
   <link_errors>0x0</link_errors>
   <output_file>demodulate.out</output_file>
   <entry_point>
      <name>_c_int00</name>
      <address>0x11809720</address>
   </entry_point>
   <input_file_list>
      <input_file id="fl-2">
         <path>.\</path>
         <kind>object</kind>
         <file>ISRs_talkthrough.obj</file>
         <name>ISRs_talkthrough.obj</name>
      </input_file>
      <input_file id="fl-3">
         <path>.\</path>
         <kind>object</kind>
         <file>LCDK_Support_DSP.obj</file>
         <name>LCDK_Support_DSP.obj</name>
      </input_file>
      <input_file id="fl-4">
         <path>.\</path>
         <kind>object</kind>
         <file>main_talkthrough.obj</file>
         <name>main_talkthrough.obj</name>
      </input_file>
      <input_file id="fl-5">
         <path>.\</path>
         <kind>object</kind>
         <file>vectors_EDMA.obj</file>
         <name>vectors_EDMA.obj</name>
      </input_file>
      <input_file id="fl-6">
         <path>.\modem\</path>
         <kind>object</kind>
         <file>modem.obj</file>
         <name>modem.obj</name>
      </input_file>
      <input_file id="fl-b">
         <kind>object</kind>
         <file>&lt;internal&gt;</file>
         <name>&lt;internal&gt;</name>
      </input_file>
      <input_file id="fl-c">
         <path>C:\ti\ccsv7\tools\compiler\ti-cgt-c6000_8.3.7\lib\</path>
         <kind>archive</kind>
         <file>rts6740_elf.lib</file>
         <name>printf.c.obj</name>
      </input_file>
      <input_file id="fl-d">
         <path>C:\ti\ccsv7\tools\compiler\ti-cgt-c6000_8.3.7\lib\</path>
         <kind>archive</kind>
         <file>rts6740_elf.lib</file>
         <name>_printfi.c.obj</name>
      </input_file>
      <input_file id="fl-e">
         <path>C:\ti\ccsv7\tools\compiler\ti-cgt-c6000_8.3.7\lib\</path>
         <kind>archive</kind>
         <file>rts6740_elf.lib</file>
         <name>fopen.c.obj</name>
      </input_file>
      <input_file id="fl-f">
         <path>C:\ti\ccsv7\tools\compiler\ti-cgt-c6000_8.3.7\lib\</path>
         <kind>archive</kind>
         <file>rts6740_elf.lib</file>
         <name>fputc.c.obj</name>
      </input_file>
      <input_file id="fl-10">
         <path>C:\ti\ccsv7\tools\compiler\ti-cgt-c6000_8.3.7\lib\</path>
         <kind>archive</kind>
         <file>rts6740_elf.lib</file>
         <name>fputs.c.obj</name>
      </input_file>
      <input_file id="fl-11">
         <path>C:\ti\ccsv7\tools\compiler\ti-cgt-c6000_8.3.7\lib\</path>
         <kind>archive</kind>
         <file>rts6740_elf.lib</file>
         <name>_io_perm.c.obj</name>
      </input_file>
      <input_file id="fl-12">
         <path>C:\ti\ccsv7\tools\compiler\ti-cgt-c6000_8.3.7\lib\</path>
         <kind>archive</kind>
         <file>rts6740_elf.lib</file>
         <name>setvbuf.c.obj</name>
      </input_file>
      <input_file id="fl-13">
         <path>C:\ti\ccsv7\tools\compiler\ti-cgt-c6000_8.3.7\lib\</path>
         <kind>archive</kind>
         <file>rts6740_elf.lib</file>
         <name>wcslen.c.obj</name>
      </input_file>
      <input_file id="fl-14">
         <path>C:\ti\ccsv7\tools\compiler\ti-cgt-c6000_8.3.7\lib\</path>
         <kind>archive</kind>
         <file>rts6740_elf.lib</file>
         <name>push.asm.obj</name>
      </input_file>
      <input_file id="fl-15">
         <path>C:\ti\ccsv7\tools\compiler\ti-cgt-c6000_8.3.7\lib\</path>
         <kind>archive</kind>
         <file>rts6740_elf.lib</file>
         <name>divu.asm.obj</name>
      </input_file>
      <input_file id="fl-16">
         <path>C:\ti\ccsv7\tools\compiler\ti-cgt-c6000_8.3.7\lib\</path>
         <kind>archive</kind>
         <file>rts6740_elf.lib</file>
         <name>memcpy64.asm.obj</name>
      </input_file>
      <input_file id="fl-17">
         <path>C:\ti\ccsv7\tools\compiler\ti-cgt-c6000_8.3.7\lib\</path>
         <kind>archive</kind>
         <file>rts6740_elf.lib</file>
         <name>boot.c.obj</name>
      </input_file>
      <input_file id="fl-18">
         <path>C:\ti\ccsv7\tools\compiler\ti-cgt-c6000_8.3.7\lib\</path>
         <kind>archive</kind>
         <file>rts6740_elf.lib</file>
         <name>imath40.c.obj</name>
      </input_file>
      <input_file id="fl-19">
         <path>C:\ti\ccsv7\tools\compiler\ti-cgt-c6000_8.3.7\lib\</path>
         <kind>archive</kind>
         <file>rts6740_elf.lib</file>
         <name>imath64.c.obj</name>
      </input_file>
      <input_file id="fl-1a">
         <path>C:\ti\ccsv7\tools\compiler\ti-cgt-c6000_8.3.7\lib\</path>
         <kind>archive</kind>
         <file>rts6740_elf.lib</file>
         <name>llshift.c.obj</name>
      </input_file>
      <input_file id="fl-1b">
         <path>C:\ti\ccsv7\tools\compiler\ti-cgt-c6000_8.3.7\lib\</path>
         <kind>archive</kind>
         <file>rts6740_elf.lib</file>
         <name>memset.c.obj</name>
      </input_file>
      <input_file id="fl-1c">
         <path>C:\ti\ccsv7\tools\compiler\ti-cgt-c6000_8.3.7\lib\</path>
         <kind>archive</kind>
         <file>rts6740_elf.lib</file>
         <name>autoinit.c.obj</name>
      </input_file>
      <input_file id="fl-1d">
         <path>C:\ti\ccsv7\tools\compiler\ti-cgt-c6000_8.3.7\lib\</path>
         <kind>archive</kind>
         <file>rts6740_elf.lib</file>
         <name>pre_init.c.obj</name>
      </input_file>
      <input_file id="fl-1e">
         <path>C:\ti\ccsv7\tools\compiler\ti-cgt-c6000_8.3.7\lib\</path>
         <kind>archive</kind>
         <file>rts6740_elf.lib</file>
         <name>startup.c.obj</name>
      </input_file>
      <input_file id="fl-1f">
         <path>C:\ti\ccsv7\tools\compiler\ti-cgt-c6000_8.3.7\lib\</path>
         <kind>archive</kind>
         <file>rts6740_elf.lib</file>
         <name>cpy_tbl.c.obj</name>
      </input_file>
      <input_file id="fl-20">
         <path>C:\ti\ccsv7\tools\compiler\ti-cgt-c6000_8.3.7\lib\</path>
         <kind>archive</kind>
         <file>rts6740_elf.lib</file>
         <name>copy_zero_init.c.obj</name>
      </input_file>
      <input_file id="fl-21">
         <path>C:\ti\ccsv7\tools\compiler\ti-cgt-c6000_8.3.7\lib\</path>
         <kind>archive</kind>
         <file>rts6740_elf.lib</file>
         <name>copy_decompress_none.c.obj</name>
      </input_file>
      <input_file id="fl-22">
         <path>C:\ti\ccsv7\tools\compiler\ti-cgt-c6000_8.3.7\lib\</path>
         <kind>archive</kind>
         <file>rts6740_elf.lib</file>
         <name>copy_decompress_rle.c.obj</name>
      </input_file>
      <input_file id="fl-23">
         <path>C:\ti\ccsv7\tools\compiler\ti-cgt-c6000_8.3.7\lib\</path>
         <kind>archive</kind>
         <file>rts6740_elf.lib</file>
         <name>frexp.c.obj</name>
      </input_file>
      <input_file id="fl-24">
         <path>C:\ti\ccsv7\tools\compiler\ti-cgt-c6000_8.3.7\lib\</path>
         <kind>archive</kind>
         <file>rts6740_elf.lib</file>
         <name>isinf.c.obj</name>
      </input_file>
      <input_file id="fl-25">
         <path>C:\ti\ccsv7\tools\compiler\ti-cgt-c6000_8.3.7\lib\</path>
         <kind>archive</kind>
         <file>rts6740_elf.lib</file>
         <name>ldexp.c.obj</name>
      </input_file>
      <input_file id="fl-26">
         <path>C:\ti\ccsv7\tools\compiler\ti-cgt-c6000_8.3.7\lib\</path>
         <kind>archive</kind>
         <file>rts6740_elf.lib</file>
         <name>sqrt.c.obj</name>
      </input_file>
      <input_file id="fl-27">
         <path>C:\ti\ccsv7\tools\compiler\ti-cgt-c6000_8.3.7\lib\</path>
         <kind>archive</kind>
         <file>rts6740_elf.lib</file>
         <name>signbit.c.obj</name>
      </input_file>
      <input_file id="fl-28">
         <path>C:\ti\ccsv7\tools\compiler\ti-cgt-c6000_8.3.7\lib\</path>
         <kind>archive</kind>
         <file>rts6740_elf.lib</file>
         <name>divf.c.obj</name>
      </input_file>
      <input_file id="fl-29">
         <path>C:\ti\ccsv7\tools\compiler\ti-cgt-c6000_8.3.7\lib\</path>
         <kind>archive</kind>
         <file>rts6740_elf.lib</file>
         <name>fixflli.c.obj</name>
      </input_file>
      <input_file id="fl-2a">
         <path>C:\ti\ccsv7\tools\compiler\ti-cgt-c6000_8.3.7\lib\</path>
         <kind>archive</kind>
         <file>rts6740_elf.lib</file>
         <name>fltllif.c.obj</name>
      </input_file>
      <input_file id="fl-2b">
         <path>C:\ti\ccsv7\tools\compiler\ti-cgt-c6000_8.3.7\lib\</path>
         <kind>archive</kind>
         <file>rts6740_elf.lib</file>
         <name>divd.c.obj</name>
      </input_file>
      <input_file id="fl-2c">
         <path>C:\ti\ccsv7\tools\compiler\ti-cgt-c6000_8.3.7\lib\</path>
         <kind>archive</kind>
         <file>rts6740_elf.lib</file>
         <name>fixdlli.c.obj</name>
      </input_file>
      <input_file id="fl-2d">
         <path>C:\ti\ccsv7\tools\compiler\ti-cgt-c6000_8.3.7\lib\</path>
         <kind>archive</kind>
         <file>rts6740_elf.lib</file>
         <name>fltllid.c.obj</name>
      </input_file>
      <input_file id="fl-2e">
         <path>C:\ti\ccsv7\tools\compiler\ti-cgt-c6000_8.3.7\lib\</path>
         <kind>archive</kind>
         <file>rts6740_elf.lib</file>
         <name>frcmpyd_div.c.obj</name>
      </input_file>
      <input_file id="fl-2f">
         <path>C:\ti\ccsv7\tools\compiler\ti-cgt-c6000_8.3.7\lib\</path>
         <kind>archive</kind>
         <file>rts6740_elf.lib</file>
         <name>tls.c.obj</name>
      </input_file>
      <input_file id="fl-30">
         <path>C:\ti\ccsv7\tools\compiler\ti-cgt-c6000_8.3.7\lib\</path>
         <kind>archive</kind>
         <file>rts6740_elf.lib</file>
         <name>exit.c.obj</name>
      </input_file>
      <input_file id="fl-31">
         <path>C:\ti\ccsv7\tools\compiler\ti-cgt-c6000_8.3.7\lib\</path>
         <kind>archive</kind>
         <file>rts6740_elf.lib</file>
         <name>memory.c.obj</name>
      </input_file>
      <input_file id="fl-32">
         <path>C:\ti\ccsv7\tools\compiler\ti-cgt-c6000_8.3.7\lib\</path>
         <kind>archive</kind>
         <file>rts6740_elf.lib</file>
         <name>_lock.c.obj</name>
      </input_file>
      <input_file id="fl-33">
         <path>C:\ti\ccsv7\tools\compiler\ti-cgt-c6000_8.3.7\lib\</path>
         <kind>archive</kind>
         <file>rts6740_elf.lib</file>
         <name>_ltoa.c.obj</name>
      </input_file>
      <input_file id="fl-34">
         <path>C:\ti\ccsv7\tools\compiler\ti-cgt-c6000_8.3.7\lib\</path>
         <kind>archive</kind>
         <file>rts6740_elf.lib</file>
         <name>args_main.c.obj</name>
      </input_file>
      <input_file id="fl-35">
         <path>C:\ti\ccsv7\tools\compiler\ti-cgt-c6000_8.3.7\lib\</path>
         <kind>archive</kind>
         <file>rts6740_elf.lib</file>
         <name>atoi.c.obj</name>
      </input_file>
      <input_file id="fl-36">
         <path>C:\ti\ccsv7\tools\compiler\ti-cgt-c6000_8.3.7\lib\</path>
         <kind>archive</kind>
         <file>rts6740_elf.lib</file>
         <name>ctype.c.obj</name>
      </input_file>
      <input_file id="fl-37">
         <path>C:\ti\ccsv7\tools\compiler\ti-cgt-c6000_8.3.7\lib\</path>
         <kind>archive</kind>
         <file>rts6740_elf.lib</file>
         <name>defs.c.obj</name>
      </input_file>
      <input_file id="fl-38">
         <path>C:\ti\ccsv7\tools\compiler\ti-cgt-c6000_8.3.7\lib\</path>
         <kind>archive</kind>
         <file>rts6740_elf.lib</file>
         <name>memccpy.c.obj</name>
      </input_file>
      <input_file id="fl-39">
         <path>C:\ti\ccsv7\tools\compiler\ti-cgt-c6000_8.3.7\lib\</path>
         <kind>archive</kind>
         <file>rts6740_elf.lib</file>
         <name>open.c.obj</name>
      </input_file>
      <input_file id="fl-3a">
         <path>C:\ti\ccsv7\tools\compiler\ti-cgt-c6000_8.3.7\lib\</path>
         <kind>archive</kind>
         <file>rts6740_elf.lib</file>
         <name>write.c.obj</name>
      </input_file>
      <input_file id="fl-3b">
         <path>C:\ti\ccsv7\tools\compiler\ti-cgt-c6000_8.3.7\lib\</path>
         <kind>archive</kind>
         <file>rts6740_elf.lib</file>
         <name>llabs.c.obj</name>
      </input_file>
      <input_file id="fl-3c">
         <path>C:\ti\ccsv7\tools\compiler\ti-cgt-c6000_8.3.7\lib\</path>
         <kind>archive</kind>
         <file>rts6740_elf.lib</file>
         <name>errno.c.obj</name>
      </input_file>
      <input_file id="fl-3d">
         <path>C:\ti\ccsv7\tools\compiler\ti-cgt-c6000_8.3.7\lib\</path>
         <kind>archive</kind>
         <file>rts6740_elf.lib</file>
         <name>fclose.c.obj</name>
      </input_file>
      <input_file id="fl-3e">
         <path>C:\ti\ccsv7\tools\compiler\ti-cgt-c6000_8.3.7\lib\</path>
         <kind>archive</kind>
         <file>rts6740_elf.lib</file>
         <name>fflush.c.obj</name>
      </input_file>
      <input_file id="fl-3f">
         <path>C:\ti\ccsv7\tools\compiler\ti-cgt-c6000_8.3.7\lib\</path>
         <kind>archive</kind>
         <file>rts6740_elf.lib</file>
         <name>fseek.c.obj</name>
      </input_file>
      <input_file id="fl-40">
         <path>C:\ti\ccsv7\tools\compiler\ti-cgt-c6000_8.3.7\lib\</path>
         <kind>archive</kind>
         <file>rts6740_elf.lib</file>
         <name>getdevice.c.obj</name>
      </input_file>
      <input_file id="fl-41">
         <path>C:\ti\ccsv7\tools\compiler\ti-cgt-c6000_8.3.7\lib\</path>
         <kind>archive</kind>
         <file>rts6740_elf.lib</file>
         <name>tls_get_tp.asm.obj</name>
      </input_file>
      <input_file id="fl-42">
         <path>C:\ti\ccsv7\tools\compiler\ti-cgt-c6000_8.3.7\lib\</path>
         <kind>archive</kind>
         <file>rts6740_elf.lib</file>
         <name>close.c.obj</name>
      </input_file>
      <input_file id="fl-43">
         <path>C:\ti\ccsv7\tools\compiler\ti-cgt-c6000_8.3.7\lib\</path>
         <kind>archive</kind>
         <file>rts6740_elf.lib</file>
         <name>lseek.c.obj</name>
      </input_file>
      <input_file id="fl-44">
         <path>C:\ti\ccsv7\tools\compiler\ti-cgt-c6000_8.3.7\lib\</path>
         <kind>archive</kind>
         <file>rts6740_elf.lib</file>
         <name>remove.c.obj</name>
      </input_file>
      <input_file id="fl-45">
         <path>C:\ti\ccsv7\tools\compiler\ti-cgt-c6000_8.3.7\lib\</path>
         <kind>archive</kind>
         <file>rts6740_elf.lib</file>
         <name>hostclose.c.obj</name>
      </input_file>
      <input_file id="fl-46">
         <path>C:\ti\ccsv7\tools\compiler\ti-cgt-c6000_8.3.7\lib\</path>
         <kind>archive</kind>
         <file>rts6740_elf.lib</file>
         <name>hostlseek.c.obj</name>
      </input_file>
      <input_file id="fl-47">
         <path>C:\ti\ccsv7\tools\compiler\ti-cgt-c6000_8.3.7\lib\</path>
         <kind>archive</kind>
         <file>rts6740_elf.lib</file>
         <name>hostopen.c.obj</name>
      </input_file>
      <input_file id="fl-48">
         <path>C:\ti\ccsv7\tools\compiler\ti-cgt-c6000_8.3.7\lib\</path>
         <kind>archive</kind>
         <file>rts6740_elf.lib</file>
         <name>hostread.c.obj</name>
      </input_file>
      <input_file id="fl-49">
         <path>C:\ti\ccsv7\tools\compiler\ti-cgt-c6000_8.3.7\lib\</path>
         <kind>archive</kind>
         <file>rts6740_elf.lib</file>
         <name>hostrename.c.obj</name>
      </input_file>
      <input_file id="fl-4a">
         <path>C:\ti\ccsv7\tools\compiler\ti-cgt-c6000_8.3.7\lib\</path>
         <kind>archive</kind>
         <file>rts6740_elf.lib</file>
         <name>hostunlink.c.obj</name>
      </input_file>
      <input_file id="fl-4b">
         <path>C:\ti\ccsv7\tools\compiler\ti-cgt-c6000_8.3.7\lib\</path>
         <kind>archive</kind>
         <file>rts6740_elf.lib</file>
         <name>hostwrite.c.obj</name>
      </input_file>
      <input_file id="fl-4c">
         <path>C:\ti\ccsv7\tools\compiler\ti-cgt-c6000_8.3.7\lib\</path>
         <kind>archive</kind>
         <file>rts6740_elf.lib</file>
         <name>trgmsg.c.obj</name>
      </input_file>
      <input_file id="fl-4d">
         <path>C:\ti\ccsv7\tools\compiler\ti-cgt-c6000_8.3.7\lib\</path>
         <kind>archive</kind>
         <file>rts6740_elf.lib</file>
         <name>unlink.c.obj</name>
      </input_file>
   </input_file_list>
   <object_component_list>
      <object_component id="oc-20">
         <name>vectors</name>
         <load_address>0x11800000</load_address>
         <run_address>0x11800000</run_address>
         <size>0x200</size>
         <input_file_ref idref="fl-5"/>
      </object_component>
      <object_component id="oc-6f">
         <name>.neardata</name>
         <load_address>0x1180c6c0</load_address>
         <run_address>0x1180c6c0</run_address>
         <size>0x10</size>
         <input_file_ref idref="fl-2"/>
      </object_component>
      <object_component id="oc-185">
         <name>.neardata</name>
         <load_address>0x1180c6d0</load_address>
         <run_address>0x1180c6d0</run_address>
         <size>0x4</size>
         <input_file_ref idref="fl-3"/>
      </object_component>
      <object_component id="oc-212">
         <name>.neardata</name>
         <load_address>0x1180c688</load_address>
         <run_address>0x1180c688</run_address>
         <size>0x38</size>
         <input_file_ref idref="fl-6"/>
      </object_component>
      <object_component id="oc-518">
         <name>.cinit..fardata.load</name>
         <load_address>0x1180c6d8</load_address>
         <run_address>0x1180c6d8</run_address>
         <size>0x71</size>
      </object_component>
      <object_component id="oc-516">
         <name>.cinit..neardata.load</name>
         <load_address>0x1180c749</load_address>
         <run_address>0x1180c749</run_address>
         <size>0x19</size>
      </object_component>
      <object_component id="oc-517">
         <name>.cinit..far.load</name>
         <load_address>0x1180c762</load_address>
         <run_address>0x1180c762</run_address>
         <size>0xb</size>
      </object_component>
      <object_component id="oc-519">
         <name>.cinit.CE0.load</name>
         <load_address>0x1180c76d</load_address>
         <run_address>0x1180c76d</run_address>
         <size>0xb</size>
      </object_component>
      <object_component id="oc-514">
         <name>__TI_handler_table</name>
         <load_address>0x1180c778</load_address>
         <run_address>0x1180c778</run_address>
         <size>0x8</size>
      </object_component>
      <object_component id="oc-515">
         <name>__TI_cinit_table</name>
         <load_address>0x1180c780</load_address>
         <run_address>0x1180c780</run_address>
         <size>0x20</size>
      </object_component>
      <object_component id="oc-4d9">
         <name>.cio</name>
         <uninitialized>true</uninitialized>
         <run_address>0x1180c518</run_address>
         <size>0x120</size>
         <input_file_ref idref="fl-4c"/>
      </object_component>
      <object_component id="oc-325">
         <name>.const:.string:_ctypes_</name>
         <load_address>0x1180c308</load_address>
         <run_address>0x1180c308</run_address>
         <size>0x101</size>
         <input_file_ref idref="fl-36"/>
      </object_component>
      <object_component id="oc-101">
         <name>.const:.string</name>
         <load_address>0x1180c40c</load_address>
         <run_address>0x1180c40c</run_address>
         <size>0x64</size>
         <input_file_ref idref="fl-4"/>
      </object_component>
      <object_component id="oc-218">
         <name>.const:wave</name>
         <load_address>0x1180c470</load_address>
         <run_address>0x1180c470</run_address>
         <size>0x60</size>
         <input_file_ref idref="fl-6"/>
      </object_component>
      <object_component id="oc-298">
         <name>.const:.string</name>
         <load_address>0x1180c4d0</load_address>
         <run_address>0x1180c4d0</run_address>
         <size>0x24</size>
         <input_file_ref idref="fl-d"/>
      </object_component>
      <object_component id="oc-174">
         <name>.const:.string</name>
         <load_address>0x1180c4f4</load_address>
         <run_address>0x1180c4f4</run_address>
         <size>0x18</size>
         <input_file_ref idref="fl-2"/>
      </object_component>
      <object_component id="oc-215">
         <name>.const:.string:mask</name>
         <load_address>0x1180c510</load_address>
         <run_address>0x1180c510</run_address>
         <size>0x8</size>
         <input_file_ref idref="fl-6"/>
      </object_component>
      <object_component id="oc-30">
         <name>.stack</name>
         <uninitialized>true</uninitialized>
         <run_address>0x1180bb08</run_address>
         <size>0x8</size>
         <input_file_ref idref="fl-17"/>
      </object_component>
      <object_component id="oc-51a">
         <name>.stack</name>
         <uninitialized>true</uninitialized>
         <run_address>0x1180bb08</run_address>
         <size>0x0</size>
      </object_component>
      <object_component id="oc-33">
         <name>.sysmem</name>
         <uninitialized>true</uninitialized>
         <run_address>0x1180bf08</run_address>
         <size>0x8</size>
         <input_file_ref idref="fl-31"/>
      </object_component>
      <object_component id="oc-51b">
         <name>.sysmem</name>
         <uninitialized>true</uninitialized>
         <run_address>0x1180bf08</run_address>
         <size>0x0</size>
      </object_component>
      <object_component id="oc-19b">
         <name>.text:__TI_printfi</name>
         <load_address>0x11800200</load_address>
         <run_address>0x11800200</run_address>
         <size>0x2040</size>
         <input_file_ref idref="fl-d"/>
      </object_component>
      <object_component id="oc-17d">
         <name>.text</name>
         <load_address>0x11802240</load_address>
         <run_address>0x11802240</run_address>
         <size>0x1000</size>
         <input_file_ref idref="fl-6"/>
      </object_component>
      <object_component id="oc-10e">
         <name>.text</name>
         <load_address>0x11803240</load_address>
         <run_address>0x11803240</run_address>
         <size>0xf20</size>
         <input_file_ref idref="fl-3"/>
      </object_component>
      <object_component id="oc-27b">
         <name>.text:_pconv_a</name>
         <load_address>0x11804160</load_address>
         <run_address>0x11804160</run_address>
         <size>0x660</size>
         <input_file_ref idref="fl-d"/>
      </object_component>
      <object_component id="oc-33a">
         <name>.text:__c6xabi_divd</name>
         <load_address>0x118047c0</load_address>
         <run_address>0x118047c0</run_address>
         <size>0x5e0</size>
         <input_file_ref idref="fl-2b"/>
      </object_component>
      <object_component id="oc-269">
         <name>.text:_pconv_g</name>
         <load_address>0x11804da0</load_address>
         <run_address>0x11804da0</run_address>
         <size>0x400</size>
         <input_file_ref idref="fl-d"/>
      </object_component>
      <object_component id="oc-383">
         <name>.text:free</name>
         <load_address>0x118051a0</load_address>
         <run_address>0x118051a0</run_address>
         <size>0x3c0</size>
         <input_file_ref idref="fl-31"/>
      </object_component>
      <object_component id="oc-108">
         <name>.text</name>
         <load_address>0x11805560</load_address>
         <run_address>0x11805560</run_address>
         <size>0x320</size>
         <input_file_ref idref="fl-2"/>
      </object_component>
      <object_component id="oc-23f">
         <name>.text:fputs</name>
         <load_address>0x11805880</load_address>
         <run_address>0x11805880</run_address>
         <size>0x2e0</size>
         <input_file_ref idref="fl-10"/>
      </object_component>
      <object_component id="oc-275">
         <name>.text:_pconv_e</name>
         <load_address>0x11805b60</load_address>
         <run_address>0x11805b60</run_address>
         <size>0x2a0</size>
         <input_file_ref idref="fl-d"/>
      </object_component>
      <object_component id="oc-353">
         <name>.text:fcvt</name>
         <load_address>0x11805e00</load_address>
         <run_address>0x11805e00</run_address>
         <size>0x2a0</size>
         <input_file_ref idref="fl-d"/>
      </object_component>
      <object_component id="oc-1ee">
         <name>.text:__c6xabi_divf</name>
         <load_address>0x118060a0</load_address>
         <run_address>0x118060a0</run_address>
         <size>0x280</size>
         <input_file_ref idref="fl-28"/>
      </object_component>
      <object_component id="oc-32a">
         <name>.text:__c6xabi_divull</name>
         <load_address>0x11806320</load_address>
         <run_address>0x11806320</run_address>
         <size>0x260</size>
         <input_file_ref idref="fl-19"/>
      </object_component>
      <object_component id="oc-1dc">
         <name>.text:open</name>
         <load_address>0x11806580</load_address>
         <run_address>0x11806580</run_address>
         <size>0x220</size>
         <input_file_ref idref="fl-39"/>
      </object_component>
      <object_component id="oc-251">
         <name>.text:_ltostr</name>
         <load_address>0x118067a0</load_address>
         <run_address>0x118067a0</run_address>
         <size>0x200</size>
         <input_file_ref idref="fl-d"/>
      </object_component>
      <object_component id="oc-330">
         <name>.text:__c6xabi_divul</name>
         <load_address>0x118069a0</load_address>
         <run_address>0x118069a0</run_address>
         <size>0x1c0</size>
         <input_file_ref idref="fl-18"/>
      </object_component>
      <object_component id="oc-16c">
         <name>.text:_openfile</name>
         <load_address>0x11806b60</load_address>
         <run_address>0x11806b60</run_address>
         <size>0x1c0</size>
         <input_file_ref idref="fl-e"/>
      </object_component>
      <object_component id="oc-238">
         <name>.text:fputc</name>
         <load_address>0x11806d20</load_address>
         <run_address>0x11806d20</run_address>
         <size>0x1c0</size>
         <input_file_ref idref="fl-f"/>
      </object_component>
      <object_component id="oc-35b">
         <name>.text:frexp</name>
         <load_address>0x11806ee0</load_address>
         <run_address>0x11806ee0</run_address>
         <size>0x1c0</size>
         <input_file_ref idref="fl-23"/>
      </object_component>
      <object_component id="oc-46f">
         <name>.text:malloc</name>
         <load_address>0x118070a0</load_address>
         <run_address>0x118070a0</run_address>
         <size>0x1c0</size>
         <input_file_ref idref="fl-31"/>
      </object_component>
      <object_component id="oc-3ca">
         <name>.text:setvbuf</name>
         <load_address>0x11807260</load_address>
         <run_address>0x11807260</run_address>
         <size>0x1c0</size>
         <input_file_ref idref="fl-12"/>
      </object_component>
      <object_component id="oc-44e">
         <name>.text:HOSTrename</name>
         <load_address>0x11807420</load_address>
         <run_address>0x11807420</run_address>
         <size>0x1a0</size>
         <input_file_ref idref="fl-49"/>
      </object_component>
      <object_component id="oc-361">
         <name>.text:ldexp</name>
         <load_address>0x118075c0</load_address>
         <run_address>0x118075c0</run_address>
         <size>0x180</size>
         <input_file_ref idref="fl-25"/>
      </object_component>
      <object_component id="oc-206">
         <name>.text:sqrt</name>
         <load_address>0x11807740</load_address>
         <run_address>0x11807740</run_address>
         <size>0x160</size>
         <input_file_ref idref="fl-26"/>
      </object_component>
      <object_component id="oc-26f">
         <name>.text:_pconv_f</name>
         <load_address>0x118078a0</load_address>
         <run_address>0x118078a0</run_address>
         <size>0x120</size>
         <input_file_ref idref="fl-d"/>
      </object_component>
      <object_component id="oc-102">
         <name>.text:fopen</name>
         <load_address>0x118079c0</load_address>
         <run_address>0x118079c0</run_address>
         <size>0x120</size>
         <input_file_ref idref="fl-e"/>
      </object_component>
      <object_component id="oc-2d5">
         <name>.text:getdevice</name>
         <load_address>0x11807ae0</load_address>
         <run_address>0x11807ae0</run_address>
         <size>0x120</size>
         <input_file_ref idref="fl-40"/>
      </object_component>
      <object_component id="oc-2ca">
         <name>.text:__TI_closefile</name>
         <load_address>0x11807c00</load_address>
         <run_address>0x11807c00</run_address>
         <size>0x100</size>
         <input_file_ref idref="fl-3d"/>
      </object_component>
      <object_component id="oc-42">
         <name>.text:__TI_decompress_rle_core</name>
         <load_address>0x11807d00</load_address>
         <run_address>0x11807d00</run_address>
         <size>0x100</size>
         <input_file_ref idref="fl-22"/>
      </object_component>
      <object_component id="oc-34c">
         <name>.text:_mcpy</name>
         <load_address>0x11807e00</load_address>
         <run_address>0x11807e00</run_address>
         <size>0x100</size>
         <input_file_ref idref="fl-d"/>
      </object_component>
      <object_component id="oc-24b">
         <name>.text:atoi</name>
         <load_address>0x11807f00</load_address>
         <run_address>0x11807f00</run_address>
         <size>0x100</size>
         <input_file_ref idref="fl-35"/>
      </object_component>
      <object_component id="oc-3c4">
         <name>.text:fseek</name>
         <load_address>0x11808000</load_address>
         <run_address>0x11808000</run_address>
         <size>0x100</size>
         <input_file_ref idref="fl-3f"/>
      </object_component>
      <object_component id="oc-9a">
         <name>.text</name>
         <load_address>0x11808100</load_address>
         <run_address>0x11808100</run_address>
         <size>0x100</size>
         <input_file_ref idref="fl-4"/>
      </object_component>
      <object_component id="oc-442">
         <name>.text:HOSTlseek</name>
         <load_address>0x11808200</load_address>
         <run_address>0x11808200</run_address>
         <size>0xe0</size>
         <input_file_ref idref="fl-46"/>
      </object_component>
      <object_component id="oc-42a">
         <name>.text:HOSTopen</name>
         <load_address>0x118082e0</load_address>
         <run_address>0x118082e0</run_address>
         <size>0xe0</size>
         <input_file_ref idref="fl-47"/>
      </object_component>
      <object_component id="oc-43c">
         <name>.text:HOSTwrite</name>
         <load_address>0x118083c0</load_address>
         <run_address>0x118083c0</run_address>
         <size>0xe0</size>
         <input_file_ref idref="fl-4b"/>
      </object_component>
      <object_component id="oc-340">
         <name>.text:__TI_ltoa</name>
         <load_address>0x118084a0</load_address>
         <run_address>0x118084a0</run_address>
         <size>0xe0</size>
         <input_file_ref idref="fl-33"/>
      </object_component>
      <object_component id="oc-30e">
         <name>.text:__TI_wrt_ok</name>
         <load_address>0x11808580</load_address>
         <run_address>0x11808580</run_address>
         <size>0xe0</size>
         <input_file_ref idref="fl-11"/>
      </object_component>
      <object_component id="oc-20c">
         <name>.text:__c6xabi_fixdlli</name>
         <load_address>0x11808660</load_address>
         <run_address>0x11808660</run_address>
         <size>0xe0</size>
         <input_file_ref idref="fl-2c"/>
      </object_component>
      <object_component id="oc-1fa">
         <name>.text:__c6xabi_fixflli</name>
         <load_address>0x11808740</load_address>
         <run_address>0x11808740</run_address>
         <size>0xe0</size>
         <input_file_ref idref="fl-29"/>
      </object_component>
      <object_component id="oc-389">
         <name>.text:close</name>
         <load_address>0x11808820</load_address>
         <run_address>0x11808820</run_address>
         <size>0xe0</size>
         <input_file_ref idref="fl-42"/>
      </object_component>
      <object_component id="oc-60">
         <name>.text:exit</name>
         <load_address>0x11808900</load_address>
         <run_address>0x11808900</run_address>
         <size>0xe0</size>
         <input_file_ref idref="fl-30"/>
      </object_component>
      <object_component id="oc-86">
         <name>.text:memset</name>
         <load_address>0x118089e0</load_address>
         <run_address>0x118089e0</run_address>
         <size>0xe0</size>
         <input_file_ref idref="fl-1b"/>
      </object_component>
      <object_component id="oc-114">
         <name>.text:printf</name>
         <load_address>0x11808ac0</load_address>
         <run_address>0x11808ac0</run_address>
         <size>0xe0</size>
         <input_file_ref idref="fl-c"/>
      </object_component>
      <object_component id="oc-436">
         <name>.text:HOSTread</name>
         <load_address>0x11808ba0</load_address>
         <run_address>0x11808ba0</run_address>
         <size>0xc0</size>
         <input_file_ref idref="fl-48"/>
      </object_component>
      <object_component id="oc-448">
         <name>.text:HOSTunlink</name>
         <load_address>0x11808c60</load_address>
         <run_address>0x11808c60</run_address>
         <size>0xc0</size>
         <input_file_ref idref="fl-4a"/>
      </object_component>
      <object_component id="oc-ae">
         <name>.text:__TI_auto_init_nobinit_nopinit:__TI_auto_init_nobinit_nopinit</name>
         <load_address>0x11808d20</load_address>
         <run_address>0x11808d20</run_address>
         <size>0xc0</size>
         <input_file_ref idref="fl-1c"/>
      </object_component>
      <object_component id="oc-314">
         <name>.text:__TI_doflush</name>
         <load_address>0x11808de0</load_address>
         <run_address>0x11808de0</run_address>
         <size>0xc0</size>
         <input_file_ref idref="fl-3e"/>
      </object_component>
      <object_component id="oc-200">
         <name>.text:__c6xabi_fltllid</name>
         <load_address>0x11808ea0</load_address>
         <run_address>0x11808ea0</run_address>
         <size>0xc0</size>
         <input_file_ref idref="fl-2d"/>
      </object_component>
      <object_component id="oc-1f4">
         <name>.text:__c6xabi_fltllif</name>
         <load_address>0x11808f60</load_address>
         <run_address>0x11808f60</run_address>
         <size>0xc0</size>
         <input_file_ref idref="fl-2a"/>
      </object_component>
      <object_component id="oc-188">
         <name>.text:__divu</name>
         <load_address>0x11809020</load_address>
         <run_address>0x11809020</run_address>
         <size>0xc0</size>
         <input_file_ref idref="fl-15"/>
      </object_component>
      <object_component id="oc-41d">
         <name>.text:mremove</name>
         <load_address>0x118090e0</load_address>
         <run_address>0x118090e0</run_address>
         <size>0xc0</size>
         <input_file_ref idref="fl-31"/>
      </object_component>
      <object_component id="oc-133">
         <name>.text:tls:init:__TI_tls_init</name>
         <load_address>0x118091a0</load_address>
         <run_address>0x118091a0</run_address>
         <size>0xc0</size>
         <input_file_ref idref="fl-2f"/>
      </object_component>
      <object_component id="oc-430">
         <name>.text:HOSTclose</name>
         <load_address>0x11809260</load_address>
         <run_address>0x11809260</run_address>
         <size>0xa0</size>
         <input_file_ref idref="fl-45"/>
      </object_component>
      <object_component id="oc-1d6">
         <name>.text:__TI_cleanup</name>
         <load_address>0x11809300</load_address>
         <run_address>0x11809300</run_address>
         <size>0xa0</size>
         <input_file_ref idref="fl-e"/>
      </object_component>
      <object_component id="oc-346">
         <name>.text:_ecpy</name>
         <load_address>0x118093a0</load_address>
         <run_address>0x118093a0</run_address>
         <size>0xa0</size>
         <input_file_ref idref="fl-d"/>
      </object_component>
      <object_component id="oc-39e">
         <name>.text:finddevice</name>
         <load_address>0x11809440</load_address>
         <run_address>0x11809440</run_address>
         <size>0xa0</size>
         <input_file_ref idref="fl-40"/>
      </object_component>
      <object_component id="oc-36">
         <name>.text:memcpy</name>
         <load_address>0x118094e0</load_address>
         <run_address>0x118094e0</run_address>
         <size>0xa0</size>
         <input_file_ref idref="fl-16"/>
      </object_component>
      <object_component id="oc-417">
         <name>.text:minsert</name>
         <load_address>0x11809580</load_address>
         <run_address>0x11809580</run_address>
         <size>0xa0</size>
         <input_file_ref idref="fl-31"/>
      </object_component>
      <object_component id="oc-4b3">
         <name>.text:__TI_readmsg</name>
         <load_address>0x11809620</load_address>
         <run_address>0x11809620</run_address>
         <size>0x80</size>
         <input_file_ref idref="fl-4c"/>
      </object_component>
      <object_component id="oc-2df">
         <name>.text:__c6xabi_llshl</name>
         <load_address>0x118096a0</load_address>
         <run_address>0x118096a0</run_address>
         <size>0x80</size>
         <input_file_ref idref="fl-1a"/>
      </object_component>
      <object_component id="oc-1f">
         <name>.text:_c_int00</name>
         <load_address>0x11809720</load_address>
         <run_address>0x11809720</run_address>
         <size>0x80</size>
         <input_file_ref idref="fl-17"/>
      </object_component>
      <object_component id="oc-2a">
         <name>.text:retain</name>
         <load_address>0x118097a0</load_address>
         <run_address>0x118097a0</run_address>
         <size>0x80</size>
         <input_file_ref idref="fl-2"/>
      </object_component>
      <object_component id="oc-38f">
         <name>.text:unlink</name>
         <load_address>0x11809820</load_address>
         <run_address>0x11809820</run_address>
         <size>0x80</size>
         <input_file_ref idref="fl-4d"/>
      </object_component>
      <object_component id="oc-4ad">
         <name>.text:__TI_writemsg</name>
         <load_address>0x118098a0</load_address>
         <run_address>0x118098a0</run_address>
         <size>0x60</size>
         <input_file_ref idref="fl-4c"/>
      </object_component>
      <object_component id="oc-2e7">
         <name>.text:__c6xabi_llshru</name>
         <load_address>0x11809900</load_address>
         <run_address>0x11809900</run_address>
         <size>0x60</size>
         <input_file_ref idref="fl-1a"/>
      </object_component>
      <object_component id="oc-3de">
         <name>.text:_subcull</name>
         <load_address>0x11809960</load_address>
         <run_address>0x11809960</run_address>
         <size>0x60</size>
         <input_file_ref idref="fl-19"/>
      </object_component>
      <object_component id="oc-467">
         <name>.text:lseek</name>
         <load_address>0x118099c0</load_address>
         <run_address>0x118099c0</run_address>
         <size>0x60</size>
         <input_file_ref idref="fl-43"/>
      </object_component>
      <object_component id="oc-281">
         <name>.text:memccpy</name>
         <load_address>0x11809a20</load_address>
         <run_address>0x11809a20</run_address>
         <size>0x60</size>
         <input_file_ref idref="fl-38"/>
      </object_component>
      <object_component id="oc-31a">
         <name>.text:write</name>
         <load_address>0x11809a80</load_address>
         <run_address>0x11809a80</run_address>
         <size>0x60</size>
         <input_file_ref idref="fl-3a"/>
      </object_component>
      <object_component id="oc-3e8">
         <name>.text:__TI_frcmpyd_div</name>
         <load_address>0x11809ae0</load_address>
         <run_address>0x11809ae0</run_address>
         <size>0x40</size>
         <input_file_ref idref="fl-2e"/>
      </object_component>
      <object_component id="oc-25d">
         <name>.text:__c6xabi_isinf</name>
         <load_address>0x11809b20</load_address>
         <run_address>0x11809b20</run_address>
         <size>0x40</size>
         <input_file_ref idref="fl-24"/>
      </object_component>
      <object_component id="oc-257">
         <name>.text:__c6xabi_isnan</name>
         <load_address>0x11809b60</load_address>
         <run_address>0x11809b60</run_address>
         <size>0x40</size>
         <input_file_ref idref="fl-d"/>
      </object_component>
      <object_component id="oc-5a">
         <name>.text:_args_main</name>
         <load_address>0x11809ba0</load_address>
         <run_address>0x11809ba0</run_address>
         <size>0x40</size>
         <input_file_ref idref="fl-34"/>
      </object_component>
      <object_component id="oc-287">
         <name>.text:wcslen</name>
         <load_address>0x11809be0</load_address>
         <run_address>0x11809be0</run_address>
         <size>0x40</size>
         <input_file_ref idref="fl-13"/>
      </object_component>
      <object_component id="oc-28d">
         <name>.text:__c6xabi_errno_addr</name>
         <load_address>0x11809c20</load_address>
         <run_address>0x11809c20</run_address>
         <size>0x20</size>
         <input_file_ref idref="fl-3c"/>
      </object_component>
      <object_component id="oc-293">
         <name>.text:__pop_rts</name>
         <load_address>0x11809c40</load_address>
         <run_address>0x11809c40</run_address>
         <size>0x20</size>
         <input_file_ref idref="fl-14"/>
      </object_component>
      <object_component id="oc-246">
         <name>.text:__push_rts</name>
         <load_address>0x11809c60</load_address>
         <run_address>0x11809c60</run_address>
         <size>0x20</size>
         <input_file_ref idref="fl-14"/>
      </object_component>
      <object_component id="oc-1c5">
         <name>.text:_nop</name>
         <load_address>0x11809c80</load_address>
         <run_address>0x11809c80</run_address>
         <size>0x20</size>
         <input_file_ref idref="fl-32"/>
      </object_component>
      <object_component id="oc-18f">
         <name>.text:_outc</name>
         <load_address>0x11809ca0</load_address>
         <run_address>0x11809ca0</run_address>
         <size>0x20</size>
         <input_file_ref idref="fl-c"/>
      </object_component>
      <object_component id="oc-195">
         <name>.text:_outs</name>
         <load_address>0x11809cc0</load_address>
         <run_address>0x11809cc0</run_address>
         <size>0x20</size>
         <input_file_ref idref="fl-c"/>
      </object_component>
      <object_component id="oc-263">
         <name>.text:_signbit</name>
         <load_address>0x11809ce0</load_address>
         <run_address>0x11809ce0</run_address>
         <size>0x20</size>
         <input_file_ref idref="fl-27"/>
      </object_component>
      <object_component id="oc-12d">
         <name>.text:_system_post_cinit</name>
         <load_address>0x11809d00</load_address>
         <run_address>0x11809d00</run_address>
         <size>0x20</size>
         <input_file_ref idref="fl-1e"/>
      </object_component>
      <object_component id="oc-66">
         <name>.text:_system_pre_init</name>
         <load_address>0x11809d20</load_address>
         <run_address>0x11809d20</run_address>
         <size>0x20</size>
         <input_file_ref idref="fl-1d"/>
      </object_component>
      <object_component id="oc-a5">
         <name>.text:abort</name>
         <load_address>0x11809d40</load_address>
         <run_address>0x11809d40</run_address>
         <size>0x20</size>
         <input_file_ref idref="fl-30"/>
      </object_component>
      <object_component id="oc-12">
         <name>.text:decompress:none:__TI_decompress_none</name>
         <load_address>0x11809d60</load_address>
         <run_address>0x11809d60</run_address>
         <size>0x20</size>
         <input_file_ref idref="fl-21"/>
      </object_component>
      <object_component id="oc-18">
         <name>.text:decompress:rle24:__TI_decompress_rle24</name>
         <load_address>0x11809d80</load_address>
         <run_address>0x11809d80</run_address>
         <size>0x20</size>
         <input_file_ref idref="fl-22"/>
      </object_component>
      <object_component id="oc-299">
         <name>.switch:__TI_printfi</name>
         <load_address>0x1180c638</load_address>
         <run_address>0x1180c638</run_address>
         <size>0x38</size>
         <input_file_ref idref="fl-d"/>
      </object_component>
      <object_component id="oc-184">
         <name>.switch:SetSampleRate_AIC3106</name>
         <load_address>0x1180c670</load_address>
         <run_address>0x1180c670</run_address>
         <size>0x18</size>
         <input_file_ref idref="fl-3"/>
      </object_component>
      <object_component id="oc-175">
         <name>.far:data</name>
         <uninitialized>true</uninitialized>
         <run_address>0x1180b588</run_address>
         <size>0xc</size>
         <input_file_ref idref="fl-2"/>
      </object_component>
      <object_component id="oc-de">
         <name>.far:speech</name>
         <uninitialized>true</uninitialized>
         <run_address>0x11809da0</run_address>
         <size>0x10e0</size>
         <input_file_ref idref="fl-2"/>
      </object_component>
      <object_component id="oc-17b">
         <name>.far:Left$1</name>
         <uninitialized>true</uninitialized>
         <run_address>0x1180ae80</run_address>
         <size>0x168</size>
         <input_file_ref idref="fl-2"/>
      </object_component>
      <object_component id="oc-17c">
         <name>.far:Right$2</name>
         <uninitialized>true</uninitialized>
         <run_address>0x1180afe8</run_address>
         <size>0x168</size>
         <input_file_ref idref="fl-2"/>
      </object_component>
      <object_component id="oc-221">
         <name>.far:r</name>
         <uninitialized>true</uninitialized>
         <run_address>0x1180b560</run_address>
         <size>0x24</size>
         <input_file_ref idref="fl-6"/>
      </object_component>
      <object_component id="oc-21b">
         <name>.far:fr</name>
         <uninitialized>true</uninitialized>
         <run_address>0x1180b2b8</run_address>
         <size>0x168</size>
         <input_file_ref idref="fl-6"/>
      </object_component>
      <object_component id="oc-224">
         <name>.far:fd</name>
         <uninitialized>true</uninitialized>
         <run_address>0x1180b150</run_address>
         <size>0x168</size>
         <input_file_ref idref="fl-6"/>
      </object_component>
      <object_component id="oc-395">
         <name>.common:__TI_tmpnams</name>
         <uninitialized>true</uninitialized>
         <run_address>0x1180b420</run_address>
         <size>0x140</size>
      </object_component>
      <object_component id="oc-4aa">
         <name>.common:parmbuf</name>
         <uninitialized>true</uninitialized>
         <run_address>0x1180b598</run_address>
         <size>0x8</size>
      </object_component>
      <object_component id="oc-21e">
         <name>.fardata:ffg</name>
         <load_address>0x1180b5a0</load_address>
         <run_address>0x1180b5a0</run_address>
         <size>0x240</size>
         <input_file_ref idref="fl-6"/>
      </object_component>
      <object_component id="oc-162">
         <name>.fardata</name>
         <load_address>0x1180bafc</load_address>
         <run_address>0x1180bafc</run_address>
         <size>0x4</size>
         <input_file_ref idref="fl-e"/>
      </object_component>
      <object_component id="oc-a2">
         <name>.fardata</name>
         <load_address>0x1180bad8</load_address>
         <run_address>0x1180bad8</run_address>
         <size>0xc</size>
         <input_file_ref idref="fl-30"/>
      </object_component>
      <object_component id="oc-414">
         <name>.fardata</name>
         <load_address>0x1180bae4</load_address>
         <run_address>0x1180bae4</run_address>
         <size>0x8</size>
         <input_file_ref idref="fl-31"/>
      </object_component>
      <object_component id="oc-15f">
         <name>.fardata:_lock</name>
         <load_address>0x1180baec</load_address>
         <run_address>0x1180baec</run_address>
         <size>0x4</size>
         <input_file_ref idref="fl-32"/>
      </object_component>
      <object_component id="oc-169">
         <name>.fardata:_unlock</name>
         <load_address>0x1180baf0</load_address>
         <run_address>0x1180baf0</run_address>
         <size>0x4</size>
         <input_file_ref idref="fl-32"/>
      </object_component>
      <object_component id="oc-163">
         <name>.fardata:_ftable</name>
         <load_address>0x1180b7e0</load_address>
         <run_address>0x1180b7e0</run_address>
         <size>0x1e0</size>
         <input_file_ref idref="fl-37"/>
      </object_component>
      <object_component id="oc-166">
         <name>.fardata</name>
         <load_address>0x1180baf4</load_address>
         <run_address>0x1180baf4</run_address>
         <size>0x4</size>
         <input_file_ref idref="fl-37"/>
      </object_component>
      <object_component id="oc-2d1">
         <name>.fardata</name>
         <load_address>0x1180bb00</load_address>
         <run_address>0x1180bb00</run_address>
         <size>0x4</size>
         <input_file_ref idref="fl-39"/>
      </object_component>
      <object_component id="oc-398">
         <name>.fardata:_device</name>
         <load_address>0x1180ba60</load_address>
         <run_address>0x1180ba60</run_address>
         <size>0x78</size>
         <input_file_ref idref="fl-3a"/>
      </object_component>
      <object_component id="oc-2d2">
         <name>.fardata:_stream</name>
         <load_address>0x1180b9c0</load_address>
         <run_address>0x1180b9c0</run_address>
         <size>0xa0</size>
         <input_file_ref idref="fl-3a"/>
      </object_component>
      <object_component id="oc-371">
         <name>.fardata</name>
         <load_address>0x1180baf8</load_address>
         <run_address>0x1180baf8</run_address>
         <size>0x4</size>
         <input_file_ref idref="fl-3c"/>
      </object_component>
      <object_component id="oc-178">
         <name>CE0</name>
         <uninitialized>true</uninitialized>
         <run_address>0xc0000000</run_address>
         <size>0x2d0</size>
         <input_file_ref idref="fl-2"/>
      </object_component>
      <object_component id="oc-e3">
         <name>.debug_info</name>
         <load_address>0x0</load_address>
         <run_address>0x0</run_address>
         <size>0x681</size>
         <input_file_ref idref="fl-2"/>
      </object_component>
      <object_component id="oc-179">
         <name>.debug_info</name>
         <load_address>0x681</load_address>
         <run_address>0x681</run_address>
         <size>0xbf</size>
         <input_file_ref idref="fl-2"/>
      </object_component>
      <object_component id="oc-70">
         <name>.debug_info</name>
         <load_address>0x740</load_address>
         <run_address>0x740</run_address>
         <size>0x148</size>
         <input_file_ref idref="fl-2"/>
      </object_component>
      <object_component id="oc-176">
         <name>.debug_info</name>
         <load_address>0x888</load_address>
         <run_address>0x888</run_address>
         <size>0xbb</size>
         <input_file_ref idref="fl-2"/>
      </object_component>
      <object_component id="oc-df">
         <name>.debug_info</name>
         <load_address>0x943</load_address>
         <run_address>0x943</run_address>
         <size>0xbf</size>
         <input_file_ref idref="fl-2"/>
      </object_component>
      <object_component id="oc-109">
         <name>.debug_info</name>
         <load_address>0xa02</load_address>
         <run_address>0xa02</run_address>
         <size>0x3da</size>
         <input_file_ref idref="fl-2"/>
      </object_component>
      <object_component id="oc-2b">
         <name>.debug_info</name>
         <load_address>0xddc</load_address>
         <run_address>0xddc</run_address>
         <size>0x10a</size>
         <input_file_ref idref="fl-2"/>
      </object_component>
      <object_component id="oc-233">
         <name>.debug_info</name>
         <load_address>0xee6</load_address>
         <run_address>0xee6</run_address>
         <size>0x99d</size>
         <input_file_ref idref="fl-2"/>
      </object_component>
      <object_component id="oc-156">
         <name>.debug_info</name>
         <load_address>0x1883</load_address>
         <run_address>0x1883</run_address>
         <size>0x26b</size>
         <input_file_ref idref="fl-2"/>
      </object_component>
      <object_component id="oc-81">
         <name>.debug_info</name>
         <load_address>0x1aee</load_address>
         <run_address>0x1aee</run_address>
         <size>0xc0</size>
         <input_file_ref idref="fl-2"/>
      </object_component>
      <object_component id="oc-151">
         <name>.debug_info</name>
         <load_address>0x1bae</load_address>
         <run_address>0x1bae</run_address>
         <size>0xbb</size>
         <input_file_ref idref="fl-2"/>
      </object_component>
      <object_component id="oc-1a3">
         <name>.debug_info</name>
         <load_address>0x1c69</load_address>
         <run_address>0x1c69</run_address>
         <size>0x275</size>
         <input_file_ref idref="fl-2"/>
      </object_component>
      <object_component id="oc-11b">
         <name>.debug_info</name>
         <load_address>0x1ede</load_address>
         <run_address>0x1ede</run_address>
         <size>0xbb</size>
         <input_file_ref idref="fl-2"/>
      </object_component>
      <object_component id="oc-f4">
         <name>.debug_info</name>
         <load_address>0x1f99</load_address>
         <run_address>0x1f99</run_address>
         <size>0x2c</size>
         <input_file_ref idref="fl-2"/>
      </object_component>
      <object_component id="oc-29c">
         <name>.debug_info</name>
         <load_address>0x1fc5</load_address>
         <run_address>0x1fc5</run_address>
         <size>0x2c</size>
         <input_file_ref idref="fl-2"/>
      </object_component>
      <object_component id="oc-18e">
         <name>.debug_info</name>
         <load_address>0x1ff1</load_address>
         <run_address>0x1ff1</run_address>
         <size>0x5fe</size>
         <input_file_ref idref="fl-3"/>
      </object_component>
      <object_component id="oc-186">
         <name>.debug_info</name>
         <load_address>0x25ef</load_address>
         <run_address>0x25ef</run_address>
         <size>0xc7</size>
         <input_file_ref idref="fl-3"/>
      </object_component>
      <object_component id="oc-10f">
         <name>.debug_info</name>
         <load_address>0x26b6</load_address>
         <run_address>0x26b6</run_address>
         <size>0x1504</size>
         <input_file_ref idref="fl-3"/>
      </object_component>
      <object_component id="oc-120">
         <name>.debug_info</name>
         <load_address>0x3bba</load_address>
         <run_address>0x3bba</run_address>
         <size>0x707</size>
         <input_file_ref idref="fl-4"/>
      </object_component>
      <object_component id="oc-9b">
         <name>.debug_info</name>
         <load_address>0x42c1</load_address>
         <run_address>0x42c1</run_address>
         <size>0x1e5</size>
         <input_file_ref idref="fl-4"/>
      </object_component>
      <object_component id="oc-1aa">
         <name>.debug_info</name>
         <load_address>0x44a6</load_address>
         <run_address>0x44a6</run_address>
         <size>0xcc</size>
         <input_file_ref idref="fl-4"/>
      </object_component>
      <object_component id="oc-22">
         <name>.debug_info</name>
         <load_address>0x4572</load_address>
         <run_address>0x4572</run_address>
         <size>0xcf</size>
         <input_file_ref idref="fl-5"/>
      </object_component>
      <object_component id="oc-228">
         <name>.debug_info</name>
         <load_address>0x4641</load_address>
         <run_address>0x4641</run_address>
         <size>0x64e</size>
         <input_file_ref idref="fl-6"/>
      </object_component>
      <object_component id="oc-222">
         <name>.debug_info</name>
         <load_address>0x4c8f</load_address>
         <run_address>0x4c8f</run_address>
         <size>0xb0</size>
         <input_file_ref idref="fl-6"/>
      </object_component>
      <object_component id="oc-213">
         <name>.debug_info</name>
         <load_address>0x4d3f</load_address>
         <run_address>0x4d3f</run_address>
         <size>0x20c</size>
         <input_file_ref idref="fl-6"/>
      </object_component>
      <object_component id="oc-21c">
         <name>.debug_info</name>
         <load_address>0x4f4b</load_address>
         <run_address>0x4f4b</run_address>
         <size>0xb2</size>
         <input_file_ref idref="fl-6"/>
      </object_component>
      <object_component id="oc-225">
         <name>.debug_info</name>
         <load_address>0x4ffd</load_address>
         <run_address>0x4ffd</run_address>
         <size>0xb2</size>
         <input_file_ref idref="fl-6"/>
      </object_component>
      <object_component id="oc-21f">
         <name>.debug_info</name>
         <load_address>0x50af</load_address>
         <run_address>0x50af</run_address>
         <size>0xb4</size>
         <input_file_ref idref="fl-6"/>
      </object_component>
      <object_component id="oc-216">
         <name>.debug_info</name>
         <load_address>0x5163</load_address>
         <run_address>0x5163</run_address>
         <size>0xb6</size>
         <input_file_ref idref="fl-6"/>
      </object_component>
      <object_component id="oc-219">
         <name>.debug_info</name>
         <load_address>0x5219</load_address>
         <run_address>0x5219</run_address>
         <size>0xb7</size>
         <input_file_ref idref="fl-6"/>
      </object_component>
      <object_component id="oc-17e">
         <name>.debug_info</name>
         <load_address>0x52d0</load_address>
         <run_address>0x52d0</run_address>
         <size>0x467</size>
         <input_file_ref idref="fl-6"/>
      </object_component>
      <object_component id="oc-309">
         <name>.debug_info</name>
         <load_address>0x5737</load_address>
         <run_address>0x5737</run_address>
         <size>0x110</size>
         <input_file_ref idref="fl-6"/>
      </object_component>
      <object_component id="oc-229">
         <name>.debug_info</name>
         <load_address>0x5847</load_address>
         <run_address>0x5847</run_address>
         <size>0x39</size>
         <input_file_ref idref="fl-6"/>
      </object_component>
      <object_component id="oc-1a2">
         <name>.debug_info</name>
         <load_address>0x5880</load_address>
         <run_address>0x5880</run_address>
         <size>0x6af</size>
         <input_file_ref idref="fl-c"/>
      </object_component>
      <object_component id="oc-190">
         <name>.debug_info</name>
         <load_address>0x5f2f</load_address>
         <run_address>0x5f2f</run_address>
         <size>0x151</size>
         <input_file_ref idref="fl-c"/>
      </object_component>
      <object_component id="oc-196">
         <name>.debug_info</name>
         <load_address>0x6080</load_address>
         <run_address>0x6080</run_address>
         <size>0x160</size>
         <input_file_ref idref="fl-c"/>
      </object_component>
      <object_component id="oc-115">
         <name>.debug_info</name>
         <load_address>0x61e0</load_address>
         <run_address>0x61e0</run_address>
         <size>0x198</size>
         <input_file_ref idref="fl-c"/>
      </object_component>
      <object_component id="oc-1e5">
         <name>.debug_info</name>
         <load_address>0x6378</load_address>
         <run_address>0x6378</run_address>
         <size>0xb2</size>
         <input_file_ref idref="fl-c"/>
      </object_component>
      <object_component id="oc-29b">
         <name>.debug_info</name>
         <load_address>0x642a</load_address>
         <run_address>0x642a</run_address>
         <size>0x80d</size>
         <input_file_ref idref="fl-d"/>
      </object_component>
      <object_component id="oc-253">
         <name>.debug_info</name>
         <load_address>0x6c37</load_address>
         <run_address>0x6c37</run_address>
         <size>0x26a</size>
         <input_file_ref idref="fl-d"/>
      </object_component>
      <object_component id="oc-259">
         <name>.debug_info</name>
         <load_address>0x6ea1</load_address>
         <run_address>0x6ea1</run_address>
         <size>0x221</size>
         <input_file_ref idref="fl-d"/>
      </object_component>
      <object_component id="oc-348">
         <name>.debug_info</name>
         <load_address>0x70c2</load_address>
         <run_address>0x70c2</run_address>
         <size>0x1a8</size>
         <input_file_ref idref="fl-d"/>
      </object_component>
      <object_component id="oc-34e">
         <name>.debug_info</name>
         <load_address>0x726a</load_address>
         <run_address>0x726a</run_address>
         <size>0x219</size>
         <input_file_ref idref="fl-d"/>
      </object_component>
      <object_component id="oc-26b">
         <name>.debug_info</name>
         <load_address>0x7483</load_address>
         <run_address>0x7483</run_address>
         <size>0x303</size>
         <input_file_ref idref="fl-d"/>
      </object_component>
      <object_component id="oc-355">
         <name>.debug_info</name>
         <load_address>0x7786</load_address>
         <run_address>0x7786</run_address>
         <size>0x245</size>
         <input_file_ref idref="fl-d"/>
      </object_component>
      <object_component id="oc-271">
         <name>.debug_info</name>
         <load_address>0x79cb</load_address>
         <run_address>0x79cb</run_address>
         <size>0x271</size>
         <input_file_ref idref="fl-d"/>
      </object_component>
      <object_component id="oc-277">
         <name>.debug_info</name>
         <load_address>0x7c3c</load_address>
         <run_address>0x7c3c</run_address>
         <size>0x2eb</size>
         <input_file_ref idref="fl-d"/>
      </object_component>
      <object_component id="oc-27d">
         <name>.debug_info</name>
         <load_address>0x7f27</load_address>
         <run_address>0x7f27</run_address>
         <size>0x4ab</size>
         <input_file_ref idref="fl-d"/>
      </object_component>
      <object_component id="oc-19d">
         <name>.debug_info</name>
         <load_address>0x83d2</load_address>
         <run_address>0x83d2</run_address>
         <size>0x6af</size>
         <input_file_ref idref="fl-d"/>
      </object_component>
      <object_component id="oc-2a1">
         <name>.debug_info</name>
         <load_address>0x8a81</load_address>
         <run_address>0x8a81</run_address>
         <size>0x86</size>
         <input_file_ref idref="fl-d"/>
      </object_component>
      <object_component id="oc-379">
         <name>.debug_info</name>
         <load_address>0x8b07</load_address>
         <run_address>0x8b07</run_address>
         <size>0x39</size>
         <input_file_ref idref="fl-d"/>
      </object_component>
      <object_component id="oc-40f">
         <name>.debug_info</name>
         <load_address>0x8b40</load_address>
         <run_address>0x8b40</run_address>
         <size>0x94</size>
         <input_file_ref idref="fl-d"/>
      </object_component>
      <object_component id="oc-37e">
         <name>.debug_info</name>
         <load_address>0x8bd4</load_address>
         <run_address>0x8bd4</run_address>
         <size>0x46</size>
         <input_file_ref idref="fl-d"/>
      </object_component>
      <object_component id="oc-2ab">
         <name>.debug_info</name>
         <load_address>0x8c1a</load_address>
         <run_address>0x8c1a</run_address>
         <size>0x46</size>
         <input_file_ref idref="fl-d"/>
      </object_component>
      <object_component id="oc-2a6">
         <name>.debug_info</name>
         <load_address>0x8c60</load_address>
         <run_address>0x8c60</run_address>
         <size>0x2c</size>
         <input_file_ref idref="fl-d"/>
      </object_component>
      <object_component id="oc-173">
         <name>.debug_info</name>
         <load_address>0x8c8c</load_address>
         <run_address>0x8c8c</run_address>
         <size>0x6ab</size>
         <input_file_ref idref="fl-e"/>
      </object_component>
      <object_component id="oc-16d">
         <name>.debug_info</name>
         <load_address>0x9337</load_address>
         <run_address>0x9337</run_address>
         <size>0x1ec</size>
         <input_file_ref idref="fl-e"/>
      </object_component>
      <object_component id="oc-1d7">
         <name>.debug_info</name>
         <load_address>0x9523</load_address>
         <run_address>0x9523</run_address>
         <size>0x16b</size>
         <input_file_ref idref="fl-e"/>
      </object_component>
      <object_component id="oc-103">
         <name>.debug_info</name>
         <load_address>0x968e</load_address>
         <run_address>0x968e</run_address>
         <size>0x1c2</size>
         <input_file_ref idref="fl-e"/>
      </object_component>
      <object_component id="oc-e8">
         <name>.debug_info</name>
         <load_address>0x9850</load_address>
         <run_address>0x9850</run_address>
         <size>0x2c</size>
         <input_file_ref idref="fl-e"/>
      </object_component>
      <object_component id="oc-321">
         <name>.debug_info</name>
         <load_address>0x987c</load_address>
         <run_address>0x987c</run_address>
         <size>0x64d</size>
         <input_file_ref idref="fl-f"/>
      </object_component>
      <object_component id="oc-23a">
         <name>.debug_info</name>
         <load_address>0x9ec9</load_address>
         <run_address>0x9ec9</run_address>
         <size>0x212</size>
         <input_file_ref idref="fl-f"/>
      </object_component>
      <object_component id="oc-323">
         <name>.debug_info</name>
         <load_address>0xa0db</load_address>
         <run_address>0xa0db</run_address>
         <size>0x65e</size>
         <input_file_ref idref="fl-10"/>
      </object_component>
      <object_component id="oc-243">
         <name>.debug_info</name>
         <load_address>0xa739</load_address>
         <run_address>0xa739</run_address>
         <size>0x325</size>
         <input_file_ref idref="fl-10"/>
      </object_component>
      <object_component id="oc-3d1">
         <name>.debug_info</name>
         <load_address>0xaa5e</load_address>
         <run_address>0xaa5e</run_address>
         <size>0x5c9</size>
         <input_file_ref idref="fl-11"/>
      </object_component>
      <object_component id="oc-30f">
         <name>.debug_info</name>
         <load_address>0xb027</load_address>
         <run_address>0xb027</run_address>
         <size>0x18b</size>
         <input_file_ref idref="fl-11"/>
      </object_component>
      <object_component id="oc-477">
         <name>.debug_info</name>
         <load_address>0xb1b2</load_address>
         <run_address>0xb1b2</run_address>
         <size>0xbf</size>
         <input_file_ref idref="fl-11"/>
      </object_component>
      <object_component id="oc-476">
         <name>.debug_info</name>
         <load_address>0xb271</load_address>
         <run_address>0xb271</run_address>
         <size>0x633</size>
         <input_file_ref idref="fl-12"/>
      </object_component>
      <object_component id="oc-3cc">
         <name>.debug_info</name>
         <load_address>0xb8a4</load_address>
         <run_address>0xb8a4</run_address>
         <size>0x22b</size>
         <input_file_ref idref="fl-12"/>
      </object_component>
      <object_component id="oc-370">
         <name>.debug_info</name>
         <load_address>0xbacf</load_address>
         <run_address>0xbacf</run_address>
         <size>0x558</size>
         <input_file_ref idref="fl-13"/>
      </object_component>
      <object_component id="oc-288">
         <name>.debug_info</name>
         <load_address>0xc027</load_address>
         <run_address>0xc027</run_address>
         <size>0x14f</size>
         <input_file_ref idref="fl-13"/>
      </object_component>
      <object_component id="oc-404">
         <name>.debug_info</name>
         <load_address>0xc176</load_address>
         <run_address>0xc176</run_address>
         <size>0x46</size>
         <input_file_ref idref="fl-13"/>
      </object_component>
      <object_component id="oc-36b">
         <name>.debug_info</name>
         <load_address>0xc1bc</load_address>
         <run_address>0xc1bc</run_address>
         <size>0x39</size>
         <input_file_ref idref="fl-13"/>
      </object_component>
      <object_component id="oc-248">
         <name>.debug_info</name>
         <load_address>0xc1f5</load_address>
         <run_address>0xc1f5</run_address>
         <size>0x10e</size>
         <input_file_ref idref="fl-14"/>
      </object_component>
      <object_component id="oc-295">
         <name>.debug_info</name>
         <load_address>0xc303</load_address>
         <run_address>0xc303</run_address>
         <size>0x10c</size>
         <input_file_ref idref="fl-14"/>
      </object_component>
      <object_component id="oc-18b">
         <name>.debug_info</name>
         <load_address>0xc40f</load_address>
         <run_address>0xc40f</run_address>
         <size>0x114</size>
         <input_file_ref idref="fl-15"/>
      </object_component>
      <object_component id="oc-39">
         <name>.debug_info</name>
         <load_address>0xc523</load_address>
         <run_address>0xc523</run_address>
         <size>0x121</size>
         <input_file_ref idref="fl-16"/>
      </object_component>
      <object_component id="oc-75">
         <name>.debug_info</name>
         <load_address>0xc644</load_address>
         <run_address>0xc644</run_address>
         <size>0x5de</size>
         <input_file_ref idref="fl-17"/>
      </object_component>
      <object_component id="oc-31">
         <name>.debug_info</name>
         <load_address>0xcc22</load_address>
         <run_address>0xcc22</run_address>
         <size>0xf5</size>
         <input_file_ref idref="fl-17"/>
      </object_component>
      <object_component id="oc-26">
         <name>.debug_info</name>
         <load_address>0xcd17</load_address>
         <run_address>0xcd17</run_address>
         <size>0x182</size>
         <input_file_ref idref="fl-17"/>
      </object_component>
      <object_component id="oc-3e7">
         <name>.debug_info</name>
         <load_address>0xce99</load_address>
         <run_address>0xce99</run_address>
         <size>0x553</size>
         <input_file_ref idref="fl-18"/>
      </object_component>
      <object_component id="oc-333">
         <name>.debug_info</name>
         <load_address>0xd3ec</load_address>
         <run_address>0xd3ec</run_address>
         <size>0x1d5</size>
         <input_file_ref idref="fl-18"/>
      </object_component>
      <object_component id="oc-3e5">
         <name>.debug_info</name>
         <load_address>0xd5c1</load_address>
         <run_address>0xd5c1</run_address>
         <size>0x573</size>
         <input_file_ref idref="fl-19"/>
      </object_component>
      <object_component id="oc-3df">
         <name>.debug_info</name>
         <load_address>0xdb34</load_address>
         <run_address>0xdb34</run_address>
         <size>0x183</size>
         <input_file_ref idref="fl-19"/>
      </object_component>
      <object_component id="oc-32b">
         <name>.debug_info</name>
         <load_address>0xdcb7</load_address>
         <run_address>0xdcb7</run_address>
         <size>0x269</size>
         <input_file_ref idref="fl-19"/>
      </object_component>
      <object_component id="oc-3ba">
         <name>.debug_info</name>
         <load_address>0xdf20</load_address>
         <run_address>0xdf20</run_address>
         <size>0x553</size>
         <input_file_ref idref="fl-1a"/>
      </object_component>
      <object_component id="oc-2e8">
         <name>.debug_info</name>
         <load_address>0xe473</load_address>
         <run_address>0xe473</run_address>
         <size>0x1a4</size>
         <input_file_ref idref="fl-1a"/>
      </object_component>
      <object_component id="oc-2e1">
         <name>.debug_info</name>
         <load_address>0xe617</load_address>
         <run_address>0xe617</run_address>
         <size>0x18b</size>
         <input_file_ref idref="fl-1a"/>
      </object_component>
      <object_component id="oc-3b5">
         <name>.debug_info</name>
         <load_address>0xe7a2</load_address>
         <run_address>0xe7a2</run_address>
         <size>0x39</size>
         <input_file_ref idref="fl-1a"/>
      </object_component>
      <object_component id="oc-460">
         <name>.debug_info</name>
         <load_address>0xe7db</load_address>
         <run_address>0xe7db</run_address>
         <size>0x2c</size>
         <input_file_ref idref="fl-1a"/>
      </object_component>
      <object_component id="oc-f3">
         <name>.debug_info</name>
         <load_address>0xe807</load_address>
         <run_address>0xe807</run_address>
         <size>0x563</size>
         <input_file_ref idref="fl-1b"/>
      </object_component>
      <object_component id="oc-88">
         <name>.debug_info</name>
         <load_address>0xed6a</load_address>
         <run_address>0xed6a</run_address>
         <size>0x229</size>
         <input_file_ref idref="fl-1b"/>
      </object_component>
      <object_component id="oc-13a">
         <name>.debug_info</name>
         <load_address>0xef93</load_address>
         <run_address>0xef93</run_address>
         <size>0x7c3</size>
         <input_file_ref idref="fl-1c"/>
      </object_component>
      <object_component id="oc-b0">
         <name>.debug_info</name>
         <load_address>0xf756</load_address>
         <run_address>0xf756</run_address>
         <size>0x1af</size>
         <input_file_ref idref="fl-1c"/>
      </object_component>
      <object_component id="oc-1b4">
         <name>.debug_info</name>
         <load_address>0xf905</load_address>
         <run_address>0xf905</run_address>
         <size>0x39</size>
         <input_file_ref idref="fl-1c"/>
      </object_component>
      <object_component id="oc-1c0">
         <name>.debug_info</name>
         <load_address>0xf93e</load_address>
         <run_address>0xf93e</run_address>
         <size>0x39</size>
         <input_file_ref idref="fl-1c"/>
      </object_component>
      <object_component id="oc-145">
         <name>.debug_info</name>
         <load_address>0xf977</load_address>
         <run_address>0xf977</run_address>
         <size>0x39</size>
         <input_file_ref idref="fl-1c"/>
      </object_component>
      <object_component id="oc-1b9">
         <name>.debug_info</name>
         <load_address>0xf9b0</load_address>
         <run_address>0xf9b0</run_address>
         <size>0xcd</size>
         <input_file_ref idref="fl-1c"/>
      </object_component>
      <object_component id="oc-67">
         <name>.debug_info</name>
         <load_address>0xfa7d</load_address>
         <run_address>0xfa7d</run_address>
         <size>0x148</size>
         <input_file_ref idref="fl-1d"/>
      </object_component>
      <object_component id="oc-12e">
         <name>.debug_info</name>
         <load_address>0xfbc5</load_address>
         <run_address>0xfbc5</run_address>
         <size>0x145</size>
         <input_file_ref idref="fl-1e"/>
      </object_component>
      <object_component id="oc-41">
         <name>.debug_info</name>
         <load_address>0xfd0a</load_address>
         <run_address>0xfd0a</run_address>
         <size>0x56c</size>
         <input_file_ref idref="fl-21"/>
      </object_component>
      <object_component id="oc-13">
         <name>.debug_info</name>
         <load_address>0x10276</load_address>
         <run_address>0x10276</run_address>
         <size>0x1cc</size>
         <input_file_ref idref="fl-21"/>
      </object_component>
      <object_component id="oc-3c">
         <name>.debug_info</name>
         <load_address>0x10442</load_address>
         <run_address>0x10442</run_address>
         <size>0x46</size>
         <input_file_ref idref="fl-21"/>
      </object_component>
      <object_component id="oc-7a">
         <name>.debug_info</name>
         <load_address>0x10488</load_address>
         <run_address>0x10488</run_address>
         <size>0x2c</size>
         <input_file_ref idref="fl-21"/>
      </object_component>
      <object_component id="oc-8d">
         <name>.debug_info</name>
         <load_address>0x104b4</load_address>
         <run_address>0x104b4</run_address>
         <size>0x59d</size>
         <input_file_ref idref="fl-22"/>
      </object_component>
      <object_component id="oc-46">
         <name>.debug_info</name>
         <load_address>0x10a51</load_address>
         <run_address>0x10a51</run_address>
         <size>0x254</size>
         <input_file_ref idref="fl-22"/>
      </object_component>
      <object_component id="oc-1c">
         <name>.debug_info</name>
         <load_address>0x10ca5</load_address>
         <run_address>0x10ca5</run_address>
         <size>0x1b1</size>
         <input_file_ref idref="fl-22"/>
      </object_component>
      <object_component id="oc-49">
         <name>.debug_info</name>
         <load_address>0x10e56</load_address>
         <run_address>0x10e56</run_address>
         <size>0x46</size>
         <input_file_ref idref="fl-22"/>
      </object_component>
      <object_component id="oc-fb">
         <name>.debug_info</name>
         <load_address>0x10e9c</load_address>
         <run_address>0x10e9c</run_address>
         <size>0x39</size>
         <input_file_ref idref="fl-22"/>
      </object_component>
      <object_component id="oc-8e">
         <name>.debug_info</name>
         <load_address>0x10ed5</load_address>
         <run_address>0x10ed5</run_address>
         <size>0x2c</size>
         <input_file_ref idref="fl-22"/>
      </object_component>
      <object_component id="oc-3ff">
         <name>.debug_info</name>
         <load_address>0x10f01</load_address>
         <run_address>0x10f01</run_address>
         <size>0x58a</size>
         <input_file_ref idref="fl-23"/>
      </object_component>
      <object_component id="oc-35f">
         <name>.debug_info</name>
         <load_address>0x1148b</load_address>
         <run_address>0x1148b</run_address>
         <size>0x1f1</size>
         <input_file_ref idref="fl-23"/>
      </object_component>
      <object_component id="oc-260">
         <name>.debug_info</name>
         <load_address>0x1167c</load_address>
         <run_address>0x1167c</run_address>
         <size>0x146</size>
         <input_file_ref idref="fl-24"/>
      </object_component>
      <object_component id="oc-3ef">
         <name>.debug_info</name>
         <load_address>0x117c2</load_address>
         <run_address>0x117c2</run_address>
         <size>0x7f</size>
         <input_file_ref idref="fl-24"/>
      </object_component>
      <object_component id="oc-4d2">
         <name>.debug_info</name>
         <load_address>0x11841</load_address>
         <run_address>0x11841</run_address>
         <size>0x53</size>
[...]
         <name>CheckForOverrun</name>
         <value>0x11804120</value>
         <object_component_ref idref="oc-10e"/>
      </symbol>
      <symbol id="sm-127">
         <name>ReadSwitches</name>
         <value>0x11803664</value>
         <object_component_ref idref="oc-10e"/>
      </symbol>
      <symbol id="sm-128">
         <name>InitDigitalOutputs</name>
         <value>0x11803f38</value>
         <object_component_ref idref="oc-10e"/>
      </symbol>
      <symbol id="sm-129">
         <name>EnableInterrupts_EDMA</name>
         <value>0x11803f74</value>
         <object_component_ref idref="oc-10e"/>
      </symbol>
      <symbol id="sm-12a">
         <name>DSP_Init</name>
         <value>0x11804074</value>
         <object_component_ref idref="oc-10e"/>
      </symbol>
      <symbol id="sm-12b">
         <name>InitLEDs</name>
         <value>0x11803ed0</value>
         <object_component_ref idref="oc-10e"/>
      </symbol>
      <symbol id="sm-12c">
         <name>IsTxReady_UART2</name>
         <value>0x1180368c</value>
         <object_component_ref idref="oc-10e"/>
      </symbol>
      <symbol id="sm-12d">
         <name>Init_Interrupts_EDMA</name>
         <value>0x11803a84</value>
         <object_component_ref idref="oc-10e"/>
      </symbol>
      <symbol id="sm-12e">
         <name>WriteDigitalOutputs</name>
         <value>0x11803404</value>
         <object_component_ref idref="oc-10e"/>
      </symbol>
      <symbol id="sm-12f">
         <name>Read_UART2</name>
         <value>0x11803650</value>
         <object_component_ref idref="oc-10e"/>
      </symbol>
      <symbol id="sm-130">
         <name>WriteCodecData</name>
         <value>0x1180346c</value>
         <object_component_ref idref="oc-10e"/>
      </symbol>
      <symbol id="sm-131">
         <name>Reset_AIC3106</name>
         <value>0x11803604</value>
         <object_component_ref idref="oc-10e"/>
      </symbol>
      <symbol id="sm-132">
         <name>WriteLEDs</name>
         <value>0x11803394</value>
         <object_component_ref idref="oc-10e"/>
      </symbol>
      <symbol id="sm-133">
         <name>Init_Interrupts</name>
         <value>0x11803a94</value>
         <object_component_ref idref="oc-10e"/>
      </symbol>
      <symbol id="sm-134">
         <name>wait</name>
         <value>0x11803240</value>
         <object_component_ref idref="oc-10e"/>
      </symbol>
      <symbol id="sm-135">
         <name>Init_McASP0</name>
         <value>0x118037a8</value>
         <object_component_ref idref="oc-10e"/>
      </symbol>
      <symbol id="sm-136">
         <name>AIC3106_write_reg</name>
         <value>0x1180347c</value>
         <object_component_ref idref="oc-10e"/>
      </symbol>
      <symbol id="sm-137">
         <name>Init_UART2</name>
         <value>0x11803734</value>
         <object_component_ref idref="oc-10e"/>
      </symbol>
      <symbol id="sm-138">
         <name>Init_I2C</name>
         <value>0x11803ab8</value>
         <object_component_ref idref="oc-10e"/>
      </symbol>
      <symbol id="sm-139">
         <name>EnableInterrupts</name>
         <value>0x11803fac</value>
         <object_component_ref idref="oc-10e"/>
      </symbol>
      <symbol id="sm-13a">
         <name>Puts_UART2</name>
         <value>0x118036a8</value>
         <object_component_ref idref="oc-10e"/>
      </symbol>
      <symbol id="sm-13b">
         <name>Init_AIC3106</name>
         <value>0x11803aec</value>
         <object_component_ref idref="oc-10e"/>
      </symbol>
      <symbol id="sm-13c">
         <name>Write_I2C</name>
         <value>0x118032b8</value>
         <object_component_ref idref="oc-10e"/>
      </symbol>
      <symbol id="sm-13d">
         <name>SetSampleRate_AIC3106</name>
         <value>0x118034a8</value>
         <object_component_ref idref="oc-10e"/>
      </symbol>
      <symbol id="sm-15e">
         <name>main</name>
         <value>0x11808100</value>
         <object_component_ref idref="oc-9a"/>
      </symbol>
      <symbol id="sm-1f9">
         <name>wave</name>
         <value>0x1180c470</value>
         <object_component_ref idref="oc-218"/>
      </symbol>
      <symbol id="sm-1fa">
         <name>Demodulate</name>
         <value>0x11802404</value>
         <object_component_ref idref="oc-17d"/>
      </symbol>
      <symbol id="sm-1fb">
         <name>Modulate</name>
         <value>0x11802240</value>
         <object_component_ref idref="oc-17d"/>
      </symbol>
      <symbol id="sm-223">
         <name>printf</name>
         <value>0x11808ac0</value>
         <object_component_ref idref="oc-114"/>
      </symbol>
      <symbol id="sm-439">
         <name>__TI_printfi</name>
         <value>0x11800200</value>
         <object_component_ref idref="oc-19b"/>
      </symbol>
      <symbol id="sm-473">
         <name>__TI_cleanup</name>
         <value>0x11809300</value>
         <object_component_ref idref="oc-1d6"/>
      </symbol>
      <symbol id="sm-474">
         <name>fopen</name>
         <value>0x118079c0</value>
         <object_component_ref idref="oc-102"/>
      </symbol>
      <symbol id="sm-493">
         <name>putc</name>
         <value>0x11806d20</value>
         <object_component_ref idref="oc-238"/>
      </symbol>
      <symbol id="sm-494">
         <name>fputc</name>
         <value>0x11806d20</value>
         <object_component_ref idref="oc-238"/>
      </symbol>
      <symbol id="sm-4c3">
         <name>fputs</name>
         <value>0x11805880</value>
         <object_component_ref idref="oc-23f"/>
      </symbol>
      <symbol id="sm-4d9">
         <name>__TI_wrt_ok</name>
         <value>0x11808580</value>
         <object_component_ref idref="oc-30e"/>
      </symbol>
      <symbol id="sm-4f5">
         <name>setvbuf</name>
         <value>0x11807260</value>
         <object_component_ref idref="oc-3ca"/>
      </symbol>
      <symbol id="sm-50f">
         <name>wcslen</name>
         <value>0x11809be0</value>
         <object_component_ref idref="oc-287"/>
      </symbol>
      <symbol id="sm-51d">
         <name>__c6xabi_push_rts</name>
         <value>0x11809c60</value>
         <object_component_ref idref="oc-246"/>
      </symbol>
      <symbol id="sm-51e">
         <name>__pop_rts</name>
         <value>0x11809c40</value>
         <object_component_ref idref="oc-293"/>
      </symbol>
      <symbol id="sm-51f">
         <name>__c6xabi_pop_rts</name>
         <value>0x11809c40</value>
         <object_component_ref idref="oc-293"/>
      </symbol>
      <symbol id="sm-520">
         <name>__push_rts</name>
         <value>0x11809c60</value>
         <object_component_ref idref="oc-246"/>
      </symbol>
      <symbol id="sm-529">
         <name>__c6xabi_divu</name>
         <value>0x11809020</value>
         <object_component_ref idref="oc-188"/>
      </symbol>
      <symbol id="sm-52a">
         <name>__divu</name>
         <value>0x11809020</value>
         <object_component_ref idref="oc-188"/>
      </symbol>
      <symbol id="sm-533">
         <name>memcpy</name>
         <value>0x118094e0</value>
         <object_component_ref idref="oc-36"/>
      </symbol>
      <symbol id="sm-549">
         <name>_c_int00</name>
         <value>0x11809720</value>
         <object_component_ref idref="oc-1f"/>
      </symbol>
      <symbol id="sm-54a">
         <name>_stack</name>
         <value>0x1180bb08</value>
         <object_component_ref idref="oc-30"/>
      </symbol>
      <symbol id="sm-55b">
         <name>__c6xabi_divul</name>
         <value>0x118069a0</value>
         <object_component_ref idref="oc-330"/>
      </symbol>
      <symbol id="sm-577">
         <name>_subcull</name>
         <value>0x11809960</value>
         <object_component_ref idref="oc-3de"/>
      </symbol>
      <symbol id="sm-578">
         <name>__c6xabi_divull</name>
         <value>0x11806320</value>
         <object_component_ref idref="oc-32a"/>
      </symbol>
      <symbol id="sm-598">
         <name>__c6xabi_llshru</name>
         <value>0x11809900</value>
         <object_component_ref idref="oc-2e7"/>
      </symbol>
      <symbol id="sm-599">
         <name>__c6xabi_llshl</name>
         <value>0x118096a0</value>
         <object_component_ref idref="oc-2df"/>
      </symbol>
      <symbol id="sm-5a9">
         <name>memset</name>
         <value>0x118089e0</value>
         <object_component_ref idref="oc-86"/>
      </symbol>
      <symbol id="sm-5ce">
         <name>__TI_auto_init_nobinit_nopinit</name>
         <value>0x11808d20</value>
         <object_component_ref idref="oc-ae"/>
      </symbol>
      <symbol id="sm-5d7">
         <name>_system_pre_init</name>
         <value>0x11809d20</value>
         <object_component_ref idref="oc-66"/>
      </symbol>
      <symbol id="sm-5e0">
         <name>_system_post_cinit</name>
         <value>0x11809d00</value>
         <object_component_ref idref="oc-12d"/>
      </symbol>
      <symbol id="sm-5f9">
         <name>__TI_decompress_none</name>
         <value>0x11809d60</value>
         <object_component_ref idref="oc-12"/>
      </symbol>
      <symbol id="sm-624">
         <name>__TI_decompress_rle24</name>
         <value>0x11809d80</value>
         <object_component_ref idref="oc-18"/>
      </symbol>
      <symbol id="sm-638">
         <name>frexpl</name>
         <value>0x11806ee0</value>
         <object_component_ref idref="oc-35b"/>
      </symbol>
      <symbol id="sm-639">
         <name>frexp</name>
         <value>0x11806ee0</value>
         <object_component_ref idref="oc-35b"/>
      </symbol>
      <symbol id="sm-656">
         <name>__c6xabi_isinf</name>
         <value>0x11809b20</value>
         <object_component_ref idref="oc-25d"/>
      </symbol>
      <symbol id="sm-669">
         <name>scalbn</name>
         <value>0x118075c0</value>
         <object_component_ref idref="oc-361"/>
      </symbol>
      <symbol id="sm-66a">
         <name>scalbnl</name>
         <value>0x118075c0</value>
         <object_component_ref idref="oc-361"/>
      </symbol>
      <symbol id="sm-66b">
         <name>ldexpl</name>
         <value>0x118075c0</value>
         <object_component_ref idref="oc-361"/>
      </symbol>
      <symbol id="sm-66c">
         <name>ldexp</name>
         <value>0x118075c0</value>
         <object_component_ref idref="oc-361"/>
      </symbol>
      <symbol id="sm-67e">
         <name>sqrtl</name>
         <value>0x11807740</value>
         <object_component_ref idref="oc-206"/>
      </symbol>
      <symbol id="sm-67f">
         <name>sqrt</name>
         <value>0x11807740</value>
         <object_component_ref idref="oc-206"/>
      </symbol>
      <symbol id="sm-688">
         <name>_signbit</name>
         <value>0x11809ce0</value>
         <object_component_ref idref="oc-263"/>
      </symbol>
      <symbol id="sm-69a">
         <name>__c6xabi_divf</name>
         <value>0x118060a0</value>
         <object_component_ref idref="oc-1ee"/>
      </symbol>
      <symbol id="sm-6aa">
         <name>__c6xabi_fixflli</name>
         <value>0x11808740</value>
         <object_component_ref idref="oc-1fa"/>
      </symbol>
      <symbol id="sm-6b8">
         <name>__c6xabi_fltllif</name>
         <value>0x11808f60</value>
         <object_component_ref idref="oc-1f4"/>
      </symbol>
      <symbol id="sm-6d7">
         <name>__c6xabi_divd</name>
         <value>0x118047c0</value>
         <object_component_ref idref="oc-33a"/>
      </symbol>
      <symbol id="sm-6e9">
         <name>__c6xabi_fixdlli</name>
         <value>0x11808660</value>
         <object_component_ref idref="oc-20c"/>
      </symbol>
      <symbol id="sm-6f7">
         <name>__c6xabi_fltllid</name>
         <value>0x11808ea0</value>
         <object_component_ref idref="oc-200"/>
      </symbol>
      <symbol id="sm-70a">
         <name>__TI_frcmpyd_div</name>
         <value>0x11809ae0</value>
         <object_component_ref idref="oc-3e8"/>
      </symbol>
      <symbol id="sm-723">
         <name>__TI_tls_init</name>
         <value>0x118091a0</value>
         <object_component_ref idref="oc-133"/>
      </symbol>
      <symbol id="sm-744">
         <name>C$$EXIT</name>
         <value>0x11809d40</value>
         <object_component_ref idref="oc-a5"/>
      </symbol>
      <symbol id="sm-745">
         <name>abort</name>
         <value>0x11809d40</value>
         <object_component_ref idref="oc-a5"/>
      </symbol>
      <symbol id="sm-746">
         <name>exit</name>
         <value>0x11808900</value>
         <object_component_ref idref="oc-60"/>
      </symbol>
      <symbol id="sm-747">
         <name>__TI_dtors_ptr</name>
         <value>0x1180badc</value>
         <object_component_ref idref="oc-a2"/>
      </symbol>
      <symbol id="sm-748">
         <name>__TI_cleanup_ptr</name>
         <value>0x1180bad8</value>
         <object_component_ref idref="oc-a2"/>
      </symbol>
      <symbol id="sm-749">
         <name>__TI_enable_exit_profile_output</name>
         <value>0x1180bae0</value>
         <object_component_ref idref="oc-a2"/>
      </symbol>
      <symbol id="sm-7af">
         <name>_sys_memory</name>
         <value>0x1180bf08</value>
         <object_component_ref idref="oc-33"/>
      </symbol>
      <symbol id="sm-7b0">
         <name>free</name>
         <value>0x118051a0</value>
         <object_component_ref idref="oc-383"/>
      </symbol>
      <symbol id="sm-7b1">
         <name>malloc</name>
         <value>0x118070a0</value>
         <object_component_ref idref="oc-46f"/>
      </symbol>
      <symbol id="sm-7c7">
         <name>_nop</name>
         <value>0x11809c80</value>
         <object_component_ref idref="oc-1c5"/>
      </symbol>
      <symbol id="sm-7c8">
         <name>_lock</name>
         <value>0x1180baec</value>
         <object_component_ref idref="oc-15f"/>
      </symbol>
      <symbol id="sm-7c9">
         <name>_unlock</name>
         <value>0x1180baf0</value>
         <object_component_ref idref="oc-169"/>
      </symbol>
      <symbol id="sm-7d9">
         <name>__TI_ltoa</name>
         <value>0x118084a0</value>
         <object_component_ref idref="oc-340"/>
      </symbol>
      <symbol id="sm-7eb">
         <name>_args_main</name>
         <value>0x11809ba0</value>
         <object_component_ref idref="oc-5a"/>
      </symbol>
      <symbol id="sm-7ff">
         <name>atoi</name>
         <value>0x11807f00</value>
         <object_component_ref idref="oc-24b"/>
      </symbol>
      <symbol id="sm-809">
         <name>_ctypes_</name>
         <value>0x1180c308</value>
         <object_component_ref idref="oc-325"/>
      </symbol>
      <symbol id="sm-819">
         <name>__TI_tmpnams</name>
         <value>0x1180b420</value>
      </symbol>
      <symbol id="sm-81a">
         <name>_ftable</name>
         <value>0x1180b7e0</value>
         <object_component_ref idref="oc-163"/>
      </symbol>
      <symbol id="sm-81b">
         <name>__TI_ft_end</name>
         <value>0x1180baf4</value>
         <object_component_ref idref="oc-166"/>
      </symbol>
      <symbol id="sm-82c">
         <name>memccpy</name>
         <value>0x11809a20</value>
         <object_component_ref idref="oc-281"/>
      </symbol>
      <symbol id="sm-858">
         <name>open</name>
         <value>0x11806580</value>
         <object_component_ref idref="oc-1dc"/>
      </symbol>
      <symbol id="sm-871">
         <name>_stream</name>
         <value>0x1180b9c0</value>
         <object_component_ref idref="oc-2d2"/>
      </symbol>
      <symbol id="sm-872">
         <name>_device</name>
         <value>0x1180ba60</value>
         <object_component_ref idref="oc-398"/>
      </symbol>
      <symbol id="sm-873">
         <name>write</name>
         <value>0x11809a80</value>
         <object_component_ref idref="oc-31a"/>
      </symbol>
      <symbol id="sm-885">
         <name>__errno</name>
         <value>0x1180baf8</value>
         <object_component_ref idref="oc-371"/>
      </symbol>
      <symbol id="sm-886">
         <name>errno</name>
         <value>0x1180baf8</value>
         <object_component_ref idref="oc-371"/>
      </symbol>
      <symbol id="sm-887">
         <name>__c6xabi_errno_addr</name>
         <value>0x11809c20</value>
         <object_component_ref idref="oc-28d"/>
      </symbol>
      <symbol id="sm-8a0">
         <name>__TI_closefile</name>
         <value>0x11807c00</value>
         <object_component_ref idref="oc-2ca"/>
      </symbol>
      <symbol id="sm-8af">
         <name>__TI_doflush</name>
         <value>0x11808de0</value>
         <object_component_ref idref="oc-314"/>
      </symbol>
      <symbol id="sm-8c7">
         <name>fseek</name>
         <value>0x11808000</value>
         <object_component_ref idref="oc-3c4"/>
      </symbol>
      <symbol id="sm-8f1">
         <name>finddevice</name>
         <value>0x11809440</value>
         <object_component_ref idref="oc-39e"/>
      </symbol>
      <symbol id="sm-8f2">
         <name>getdevice</name>
         <value>0x11807ae0</value>
         <object_component_ref idref="oc-2d5"/>
      </symbol>
      <symbol id="sm-905">
         <name>close</name>
         <value>0x11808820</value>
         <object_component_ref idref="oc-389"/>
      </symbol>
      <symbol id="sm-914">
         <name>lseek</name>
         <value>0x118099c0</value>
         <object_component_ref idref="oc-467"/>
      </symbol>
      <symbol id="sm-925">
         <name>HOSTclose</name>
         <value>0x11809260</value>
         <object_component_ref idref="oc-430"/>
      </symbol>
      <symbol id="sm-935">
         <name>HOSTlseek</name>
         <value>0x11808200</value>
         <object_component_ref idref="oc-442"/>
      </symbol>
      <symbol id="sm-949">
         <name>parmbuf</name>
         <value>0x1180b598</value>
      </symbol>
      <symbol id="sm-94a">
         <name>HOSTopen</name>
         <value>0x118082e0</value>
         <object_component_ref idref="oc-42a"/>
      </symbol>
      <symbol id="sm-95a">
         <name>HOSTread</name>
         <value>0x11808ba0</value>
         <object_component_ref idref="oc-436"/>
      </symbol>
      <symbol id="sm-978">
         <name>HOSTrename</name>
         <value>0x11807420</value>
         <object_component_ref idref="oc-44e"/>
      </symbol>
      <symbol id="sm-98b">
         <name>HOSTunlink</name>
         <value>0x11808c60</value>
         <object_component_ref idref="oc-448"/>
      </symbol>
      <symbol id="sm-99b">
         <name>HOSTwrite</name>
         <value>0x118083c0</value>
         <object_component_ref idref="oc-43c"/>
      </symbol>
      <symbol id="sm-9c1">
         <name>__TI_readmsg</name>
         <value>0x11809620</value>
         <object_component_ref idref="oc-4b3"/>
      </symbol>
      <symbol id="sm-9c2">
         <name>C$$IO$$</name>
         <value>0x118098f8</value>
         <object_component_ref idref="oc-4ad"/>
      </symbol>
      <symbol id="sm-9c3">
         <name>__CIOBUF_</name>
         <value>0x1180c518</value>
         <object_component_ref idref="oc-4d9"/>
      </symbol>
      <symbol id="sm-9c4">
         <name>__TI_writemsg</name>
         <value>0x118098a0</value>
         <object_component_ref idref="oc-4ad"/>
      </symbol>
      <symbol id="sm-9d4">
         <name>unlink</name>
         <value>0x11809820</value>
         <object_component_ref idref="oc-38f"/>
      </symbol>
      <symbol id="sm-9d5">
         <name>__TI_STATIC_BASE</name>
         <value>0x1180c688</value>
      </symbol>
      <symbol id="sm-9d7">
         <name>__TI_TLS_INIT_Base</name>
         <value>0x0</value>
      </symbol>
      <symbol id="sm-9d8">
         <name>__TI_TLS_INIT_Limit</name>
         <value>0x0</value>
      </symbol>
      <symbol id="sm-9d9">
         <name>remove</name>
         <value>0x11809820</value>
      </symbol>
   </symbol_table>
   <title>Link successful</title>
</link_info>
