******************************************************************************
               TMS320C6x Linker PC v8.3.7                      
******************************************************************************
>> Linked Tue Apr  6 17:52:12 2021

OUTPUT FILE NAME:   <Lab2_talk_through_use_EDMA.out>
ENTRY POINT SYMBOL: "_c_int00"  address: 11809f20


MEMORY CONFIGURATION

         name            origin    length      used     unused   attr    fill
----------------------  --------  ---------  --------  --------  ----  --------
  VECTORS               11800000   00000200  00000200  00000000  RWIX
  DSPRAM                11800200   0003fe00  0000bf00  00033f00  RWIX
  SHAREDRAM             80000000   00020000  00000000  00020000  RWIX
  SDRAM                 c0000000   08000000  00001950  07ffe6b0  RWIX


SEGMENT ALLOCATION MAP

run origin  load origin   length   init length attrs members
----------  ----------- ---------- ----------- ----- -------
11800000    11800000    0000a680   0000a680    r-x
  11800000    11800000    00000200   00000200    r-x vectors
  11800200    11800200    0000a480   0000a480    r-x .text
1180a680    1180a680    000015f0   00000000    rw-
  1180a680    1180a680    00000888   00000000    rw- .far
  1180af08    1180af08    00000564   00000000    rw- .fardata
  1180b470    1180b470    00000400   00000000    rw- .stack
  1180b870    1180b870    00000400   00000000    rw- .sysmem
1180bc70    1180bc70    00000218   00000218    r--
  1180bc70    1180bc70    00000218   00000218    r-- .const
1180be88    1180be88    00000120   00000000    rw-
  1180be88    1180be88    00000120   00000000    rw- .cio
1180bfa8    1180bfa8    00000050   00000050    r--
  1180bfa8    1180bfa8    00000050   00000050    r-- .switch
1180bff8    1180bff8    00000044   00000000    rw-
  1180bff8    1180bff8    00000044   00000000    rw- .neardata
1180c040    1180c040    000000c8   000000c8    r--
  1180c040    1180c040    000000c8   000000c8    r-- .cinit
c0000000    c0000000    00001950   00000000    rw-
  c0000000    c0000000    00001950   00000000    rw- CE0


SECTION ALLOCATION MAP

 output                                  attributes/
section   page    origin      length       input sections
--------  ----  ----------  ----------   ----------------
vectors    0    11800000    00000200     
                  11800000    00000200     vectors_EDMA.obj (vectors)

.text      0    11800200    0000a480     
                  11800200    00002040     rts6740_elf.lib : _printfi.c.obj (.text:__TI_printfi)
                  11802240    00001120     modem.obj (.text)
                  11803360    00000de0     LCDK_Support_DSP.obj (.text)
                  11804140    00000660     rts6740_elf.lib : _printfi.c.obj (.text:_pconv_a)
                  118047a0    000005e0                     : divd.c.obj (.text:__c6xabi_divd)
                  11804d80    00000400                     : _printfi.c.obj (.text:_pconv_g)
                  11805180    000003c0                     : memory.c.obj (.text:free)
                  11805540    000003c0                     : fwrite.c.obj (.text:fwrite)
                  11805900    000002e0                     : fputs.c.obj (.text:fputs)
                  11805be0    000002a0                     : _printfi.c.obj (.text:_pconv_e)
                  11805e80    000002a0                     : _printfi.c.obj (.text:fcvt)
                  11806120    00000280                     : divf.c.obj (.text:__c6xabi_divf)
                  118063a0    00000260                     : imath64.c.obj (.text:__c6xabi_divull)
                  11806600    00000240                     : fread.c.obj (.text:fread)
                  11806840    00000220                     : open.c.obj (.text:open)
                  11806a60    00000200                     : _printfi.c.obj (.text:_ltostr)
                  11806c60    000001c0     ISRs_talkthrough.obj (.text)
                  11806e20    000001c0     rts6740_elf.lib : imath40.c.obj (.text:__c6xabi_divul)
                  11806fe0    000001c0                     : fopen.c.obj (.text:_openfile)
                  118071a0    000001c0                     : fputc.c.obj (.text:fputc)
                  11807360    000001c0                     : frexp.c.obj (.text:frexp)
                  11807520    000001c0                     : memory.c.obj (.text:malloc)
                  118076e0    000001c0                     : setvbuf.c.obj (.text:setvbuf)
                  118078a0    000001a0                     : hostrename.c.obj (.text:HOSTrename)
                  11807a40    00000180                     : ldexp.c.obj (.text:ldexp)
                  11807bc0    00000160                     : _bufread.c.obj (.text:__TI_buff_read)
                  11807d20    00000160                     : sqrt.c.obj (.text:sqrt)
                  11807e80    00000120                     : _printfi.c.obj (.text:_pconv_f)
                  11807fa0    00000120                     : fopen.c.obj (.text:fopen)
                  118080c0    00000120                     : getdevice.c.obj (.text:getdevice)
                  118081e0    00000100                     : fclose.c.obj (.text:__TI_closefile)
                  118082e0    00000100                     : copy_decompress_rle.c.obj (.text:__TI_decompress_rle_core)
                  118083e0    00000100                     : _printfi.c.obj (.text:_mcpy)
                  118084e0    00000100                     : atoi.c.obj (.text:atoi)
                  118085e0    00000100                     : fseek.c.obj (.text:fseek)
                  118086e0    000000e0                     : hostlseek.c.obj (.text:HOSTlseek)
                  118087c0    000000e0                     : hostopen.c.obj (.text:HOSTopen)
                  118088a0    000000e0                     : hostwrite.c.obj (.text:HOSTwrite)
                  11808980    000000e0                     : _ltoa.c.obj (.text:__TI_ltoa)
                  11808a60    000000e0                     : _io_perm.c.obj (.text:__TI_wrt_ok)
                  11808b40    000000e0                     : fixdlli.c.obj (.text:__c6xabi_fixdlli)
                  11808c20    000000e0                     : fixflli.c.obj (.text:__c6xabi_fixflli)
                  11808d00    000000e0                     : divi.asm.obj (.text:__divi)
                  11808de0    000000e0                     : close.c.obj (.text:close)
                  11808ec0    000000e0                     : exit.c.obj (.text:exit)
                  11808fa0    000000e0     main_talkthrough.obj (.text)
                  11809080    000000e0     rts6740_elf.lib : memset.c.obj (.text:memset)
                  11809160    000000e0                     : printf.c.obj (.text:printf)
                  11809240    000000c0                     : hostread.c.obj (.text:HOSTread)
                  11809300    000000c0                     : hostunlink.c.obj (.text:HOSTunlink)
                  118093c0    000000c0                     : autoinit.c.obj (.text:__TI_auto_init_nobinit_nopinit:__TI_auto_init_nobinit_nopinit)
                  11809480    000000c0                     : fflush.c.obj (.text:__TI_doflush)
                  11809540    000000c0                     : fltllid.c.obj (.text:__c6xabi_fltllid)
                  11809600    000000c0                     : fltllif.c.obj (.text:__c6xabi_fltllif)
                  118096c0    000000c0                     : divu.asm.obj (.text:__divu)
                  11809780    000000c0                     : remi.asm.obj (.text:__remi)
                  11809840    000000c0                     : memory.c.obj (.text:mremove)
                  11809900    000000c0                     : tls.c.obj (.text:tls:init:__TI_tls_init)
                  118099c0    000000a0                     : hostclose.c.obj (.text:HOSTclose)
                  11809a60    000000a0                     : fopen.c.obj (.text:__TI_cleanup)
                  11809b00    000000a0                     : _io_perm.c.obj (.text:__TI_rd_ok)
                  11809ba0    000000a0                     : _printfi.c.obj (.text:_ecpy)
                  11809c40    000000a0                     : getdevice.c.obj (.text:finddevice)
                  11809ce0    000000a0                     : memcpy64.asm.obj (.text:memcpy)
                  11809d80    000000a0                     : memory.c.obj (.text:minsert)
                  11809e20    00000080                     : trgmsg.c.obj (.text:__TI_readmsg)
                  11809ea0    00000080                     : llshift.c.obj (.text:__c6xabi_llshl)
                  11809f20    00000080                     : boot.c.obj (.text:_c_int00)
                  11809fa0    00000080                     : fclose.c.obj (.text:fclose)
                  1180a020    00000080     ISRs_talkthrough.obj (.text:retain)
                  1180a0a0    00000080     rts6740_elf.lib : unlink.c.obj (.text:unlink)
                  1180a120    00000060                     : trgmsg.c.obj (.text:__TI_writemsg)
                  1180a180    00000060                     : llshift.c.obj (.text:__c6xabi_llshru)
                  1180a1e0    00000060                     : imath64.c.obj (.text:_subcull)
                  1180a240    00000060                     : lseek.c.obj (.text:lseek)
                  1180a2a0    00000060                     : memccpy.c.obj (.text:memccpy)
                  1180a300    00000060                     : read.c.obj (.text:read)
                  1180a360    00000060                     : write.c.obj (.text:write)
                  1180a3c0    00000040                     : frcmpyd_div.c.obj (.text:__TI_frcmpyd_div)
                  1180a400    00000040                     : isinf.c.obj (.text:__c6xabi_isinf)
                  1180a440    00000040                     : _printfi.c.obj (.text:__c6xabi_isnan)
                  1180a480    00000040                     : args_main.c.obj (.text:_args_main)
                  1180a4c0    00000040                     : wcslen.c.obj (.text:wcslen)
                  1180a500    00000020                     : errno.c.obj (.text:__c6xabi_errno_addr)
                  1180a520    00000020                     : push.asm.obj (.text:__pop_rts)
                  1180a540    00000020                     : push.asm.obj (.text:__push_rts)
                  1180a560    00000020                     : _lock.c.obj (.text:_nop)
                  1180a580    00000020                     : printf.c.obj (.text:_outc)
                  1180a5a0    00000020                     : printf.c.obj (.text:_outs)
                  1180a5c0    00000020                     : signbit.c.obj (.text:_signbit)
                  1180a5e0    00000020                     : startup.c.obj (.text:_system_post_cinit)
                  1180a600    00000020                     : pre_init.c.obj (.text:_system_pre_init)
                  1180a620    00000020                     : exit.c.obj (.text:abort)
                  1180a640    00000020                     : copy_decompress_none.c.obj (.text:decompress:none:__TI_decompress_none)
                  1180a660    00000020                     : copy_decompress_rle.c.obj (.text:decompress:rle24:__TI_decompress_rle24)

.far       0    1180a680    00000888     UNINITIALIZED
                  1180a680    00000438     ISRs_talkthrough.obj (.far:table)
                  1180aab8    00000168     modem.obj (.far:fd)
                  1180ac20    00000168     modem.obj (.far:fr)
                  1180ad88    00000140     (.common:__TI_tmpnams)
                  1180aec8    00000024     modem.obj (.far:r)
                  1180aeec    00000004     --HOLE--
                  1180aef0    0000000c     main_talkthrough.obj (.far:buffin)
                  1180aefc    00000004     --HOLE--
                  1180af00    00000008     (.common:parmbuf)

.fardata   0    1180af08    00000564     UNINITIALIZED
                  1180af08    00000240     modem.obj (.fardata:ffg)
                  1180b148    000001e0     rts6740_elf.lib : defs.c.obj (.fardata:_ftable)
                  1180b328    000000a0                     : write.c.obj (.fardata:_stream)
                  1180b3c8    00000078                     : write.c.obj (.fardata:_device)
                  1180b440    0000000c                     : exit.c.obj (.fardata)
                  1180b44c    00000008                     : memory.c.obj (.fardata)
                  1180b454    00000004                     : _lock.c.obj (.fardata:_lock)
                  1180b458    00000004                     : _lock.c.obj (.fardata:_unlock)
                  1180b45c    00000004                     : defs.c.obj (.fardata)
                  1180b460    00000004                     : errno.c.obj (.fardata)
                  1180b464    00000004                     : fopen.c.obj (.fardata)
                  1180b468    00000004                     : open.c.obj (.fardata)

.stack     0    1180b470    00000400     UNINITIALIZED
                  1180b470    00000008     rts6740_elf.lib : boot.c.obj (.stack)
                  1180b478    000003f8     --HOLE--

.sysmem    0    1180b870    00000400     UNINITIALIZED
                  1180b870    00000008     rts6740_elf.lib : memory.c.obj (.sysmem)
                  1180b878    000003f8     --HOLE--

.const     0    1180bc70    00000218     
                  1180bc70    00000101     rts6740_elf.lib : ctype.c.obj (.const:.string:_ctypes_)
                  1180bd71    00000003     --HOLE-- [fill = 0]
                  1180bd74    00000084     main_talkthrough.obj (.const:.string)
                  1180bdf8    00000060     modem.obj (.const:wave)
                  1180be58    00000024     rts6740_elf.lib : _printfi.c.obj (.const:.string)
                  1180be7c    00000004     --HOLE-- [fill = 0]
                  1180be80    00000008     modem.obj (.const:.string:mask)

.cio       0    1180be88    00000120     UNINITIALIZED
                  1180be88    00000120     rts6740_elf.lib : trgmsg.c.obj (.cio)

.switch    0    1180bfa8    00000050     
                  1180bfa8    00000038     rts6740_elf.lib : _printfi.c.obj (.switch:__TI_printfi)
                  1180bfe0    00000018     LCDK_Support_DSP.obj (.switch:SetSampleRate_AIC3106)

.neardata 
*          0    1180bff8    00000044     UNINITIALIZED
                  1180bff8    00000038     modem.obj (.neardata)
                  1180c030    00000006     ISRs_talkthrough.obj (.neardata)
                  1180c036    00000002     --HOLE--
                  1180c038    00000004     LCDK_Support_DSP.obj (.neardata)

.cinit     0    1180c040    000000c8     
                  1180c040    00000071     (.cinit..fardata.load) [load image, compression = rle]
                  1180c0b1    00000012     (.cinit..neardata.load) [load image, compression = rle]
                  1180c0c3    0000000b     (.cinit..far.load) [load image, compression = rle]
                  1180c0ce    0000000b     (.cinit.CE0.load) [load image, compression = rle]
                  1180c0d9    00000003     --HOLE-- [fill = 0]
                  1180c0dc    00000008     (__TI_handler_table)
                  1180c0e4    00000004     --HOLE-- [fill = 0]
                  1180c0e8    00000020     (__TI_cinit_table)

CE0        0    c0000000    00001950     UNINITIALIZED
                  c0000000    00001950     ISRs_talkthrough.obj (CE0)

MODULE SUMMARY

       Module                       code    ro data   rw data
       ------                       ----    -------   -------
    .\
       ISRs_talkthrough.obj         576     0         7566   
       LCDK_Support_DSP.obj         3552    24        4      
       vectors_EDMA.obj             512     0         0      
       main_talkthrough.obj         224     132       12     
    +--+----------------------------+-------+---------+---------+
       Total:                       4864    156       7582   
                                                             
    .\modem\
       modem.obj                    4384    104       1388   
    +--+----------------------------+-------+---------+---------+
       Total:                       4384    104       1388   
                                                             
    C:/ti/ccsv7/tools/compiler/ti-cgt-c6000_8.3.7/lib/rts6740_elf.lib
       _printfi.c.obj               13536   92        0      
       memory.c.obj                 1760    0         8      
       divd.c.obj                   1504    0         0      
       fwrite.c.obj                 960     0         0      
       fopen.c.obj                  896     0         4      
       defs.c.obj                   0       0         804    
       fputs.c.obj                  736     0         0      
       imath64.c.obj                704     0         0      
       divf.c.obj                   640     0         0      
       fread.c.obj                  576     0         0      
       open.c.obj                   544     0         4      
       trgmsg.c.obj                 224     0         288    
       fputc.c.obj                  448     0         0      
       frexp.c.obj                  448     0         0      
       getdevice.c.obj              448     0         0      
       imath40.c.obj                448     0         0      
       setvbuf.c.obj                448     0         0      
       hostrename.c.obj             416     0         0      
       _io_perm.c.obj               384     0         0      
       fclose.c.obj                 384     0         0      
       ldexp.c.obj                  384     0         0      
       write.c.obj                  96      0         280    
       _bufread.c.obj               352     0         0      
       sqrt.c.obj                   352     0         0      
       copy_decompress_rle.c.obj    288     0         0      
       printf.c.obj                 288     0         0      
       exit.c.obj                   256     0         12     
       ctype.c.obj                  0       257       0      
       atoi.c.obj                   256     0         0      
       fseek.c.obj                  256     0         0      
       hostopen.c.obj               224     0         8      
       _ltoa.c.obj                  224     0         0      
       close.c.obj                  224     0         0      
       divi.asm.obj                 224     0         0      
       fixdlli.c.obj                224     0         0      
       fixflli.c.obj                224     0         0      
       hostlseek.c.obj              224     0         0      
       hostwrite.c.obj              224     0         0      
       llshift.c.obj                224     0         0      
       memset.c.obj                 224     0         0      
       autoinit.c.obj               192     0         0      
       divu.asm.obj                 192     0         0      
       fflush.c.obj                 192     0         0      
       fltllid.c.obj                192     0         0      
       fltllif.c.obj                192     0         0      
       hostread.c.obj               192     0         0      
       hostunlink.c.obj             192     0         0      
       remi.asm.obj                 192     0         0      
       tls.c.obj                    192     0         0      
       hostclose.c.obj              160     0         0      
       memcpy64.asm.obj             160     0         0      
       boot.c.obj                   128     0         0      
       unlink.c.obj                 128     0         0      
       lseek.c.obj                  96      0         0      
       memccpy.c.obj                96      0         0      
       read.c.obj                   96      0         0      
       args_main.c.obj              64      0         0      
       frcmpyd_div.c.obj            64      0         0      
       isinf.c.obj                  64      0         0      
       push.asm.obj                 64      0         0      
       wcslen.c.obj                 64      0         0      
       _lock.c.obj                  32      0         8      
       errno.c.obj                  32      0         4      
       copy_decompress_none.c.obj   32      0         0      
       pre_init.c.obj               32      0         0      
       signbit.c.obj                32      0         0      
       startup.c.obj                32      0         0      
    +--+----------------------------+-------+---------+---------+
       Total:                       33376   349       1420   
                                                             
       Heap:                        0       0         1024   
       Stack:                       0       0         1024   
       Linker Generated:            0       193       0      
    +--+----------------------------+-------+---------+---------+
       Grand Total:                 42624   802       12438  


LINKER GENERATED COPY TABLES

__TI_cinit_table @ 1180c0e8 records: 4, size/record: 8, table size: 32
	.fardata: load addr=1180c040, load size=00000071 bytes, run addr=1180af08, run size=00000564 bytes, compression=rle
	.neardata: load addr=1180c0b1, load size=00000012 bytes, run addr=1180bff8, run size=00000044 bytes, compression=rle
	.far: load addr=1180c0c3, load size=0000000b bytes, run addr=1180a680, run size=00000888 bytes, compression=rle
	CE0: load addr=1180c0ce, load size=0000000b bytes, run addr=c0000000, run size=00001950 bytes, compression=rle


LINKER GENERATED HANDLER TABLE

__TI_handler_table @ 1180c0dc records: 2, size/record: 4, table size: 8
	index: 0, handler: __TI_decompress_rle24
	index: 1, handler: __TI_decompress_none


GLOBAL SYMBOLS: SORTED ALPHABETICALLY BY Name 

address   name                           
-------   ----                           
11803a58  AIC3106_write_reg              
1180a620  C$$EXIT                        
1180a178  C$$IO$$                        
118037f4  CheckForOverrun                
1180336c  DSP_Init                       
1180338c  DSP_Init_EDMA                  
11802434  Demodulate                     
1180a020  EDMA_ISR                       
11806cc0  EDMA_Init                      
1180358c  EnableInterrupts               
118035e4  EnableInterrupts_EDMA          
11803360  GetSampleFreq                  
118099c0  HOSTclose                      
118086e0  HOSTlseek                      
118087c0  HOSTopen                       
11809240  HOSTread                       
118078a0  HOSTrename                     
11809300  HOSTunlink                     
118088a0  HOSTwrite                      
11803524  InitDigitalOutputs             
118033ac  InitLEDs                       
11803820  Init_AIC3106                   
11803654  Init_I2C                       
11803550  Init_Interrupts                
118035cc  Init_Interrupts_EDMA           
11803c14  Init_McASP0                    
11803f94  Init_UART2                     
11806dec  IsBufferReady                  
118040d0  IsDataReady_UART2              
11806df8  IsOverRun                      
11804100  IsTxReady_UART2                
11802240  Modulate                       
11806dc8  ProcessBuffer                  
1180406c  Puts_UART2                     
118037ac  ReadCodecData                  
11803508  ReadSwitches                   
118040ac  Read_UART2                     
11803a98  Reset_AIC3106                  
118036a4  Reset_I2C                      
11803ac4  SetSampleRate_AIC3106          
118037cc  WriteCodecData                 
11803530  WriteDigitalOutputs            
11803420  WriteLEDs                      
118036c8  Write_I2C                      
11804040  Write_UART2                    
11806d80  ZeroBuffers                    
1180be88  __CIOBUF_                      
1180c0e8  __TI_CINIT_Base                
1180c108  __TI_CINIT_Limit               
1180c0dc  __TI_Handler_Table_Base        
1180c0e4  __TI_Handler_Table_Limit       
1180b870  __TI_STACK_END                 
00000400  __TI_STACK_SIZE                
1180bff8  __TI_STATIC_BASE               
00000400  __TI_SYSMEM_SIZE               
UNDEFED   __TI_TLS_INIT_Base             
UNDEFED   __TI_TLS_INIT_Limit            
118093c0  __TI_auto_init_nobinit_nopinit 
11807bc0  __TI_buff_read                 
11809a60  __TI_cleanup                   
1180b440  __TI_cleanup_ptr               
118081e0  __TI_closefile                 
1180a640  __TI_decompress_none           
1180a660  __TI_decompress_rle24          
11809480  __TI_doflush                   
1180b444  __TI_dtors_ptr                 
1180b448  __TI_enable_exit_profile_output
1180a3c0  __TI_frcmpyd_div               
1180b45c  __TI_ft_end                    
11808980  __TI_ltoa                      
ffffffff  __TI_pprof_out_hndl            
11800200  __TI_printfi                   
ffffffff  __TI_prof_data_size            
ffffffff  __TI_prof_data_start           
11809b00  __TI_rd_ok                     
11809e20  __TI_readmsg                   
11809900  __TI_tls_init                  
1180ad88  __TI_tmpnams                   
1180a120  __TI_writemsg                  
11808a60  __TI_wrt_ok                    
ffffffff  __binit__                      
118047a0  __c6xabi_divd                  
11806120  __c6xabi_divf                  
11808d00  __c6xabi_divi                  
118096c0  __c6xabi_divu                  
11806e20  __c6xabi_divul                 
118063a0  __c6xabi_divull                
1180a500  __c6xabi_errno_addr            
11808b40  __c6xabi_fixdlli               
11808c20  __c6xabi_fixflli               
11809540  __c6xabi_fltllid               
11809600  __c6xabi_fltllif               
1180a400  __c6xabi_isinf                 
11809ea0  __c6xabi_llshl                 
1180a180  __c6xabi_llshru                
1180a520  __c6xabi_pop_rts               
1180a540  __c6xabi_push_rts              
11809780  __c6xabi_remi                  
ffffffff  __c_args__                     
11808d00  __divi                         
118096c0  __divu                         
1180b460  __errno                        
1180a520  __pop_rts                      
1180a540  __push_rts                     
11809780  __remi                         
1180a480  _args_main                     
11809f20  _c_int00                       
1180bc70  _ctypes_                       
1180b3c8  _device                        
1180b148  _ftable                        
1180b454  _lock                          
1180a560  _nop                           
1180a5c0  _signbit                       
1180b470  _stack                         
1180b328  _stream                        
1180a1e0  _subcull                       
1180b870  _sys_memory                    
1180a5e0  _system_post_cinit             
1180a600  _system_pre_init               
1180b458  _unlock                        
1180a620  abort                          
118084e0  atoi                           
ffffffff  binit                          
c0000000  buffer                         
1180c030  buffer_ready                   
11808de0  close                          
11806c60  createTable                    
1180b460  errno                          
11808ec0  exit                           
11809fa0  fclose                         
11809c40  finddevice                     
11807fa0  fopen                          
118071a0  fputc                          
11805900  fputs                          
11806600  fread                          
11805180  free                           
11807360  frexp                          
11807360  frexpl                         
118085e0  fseek                          
11805540  fwrite                         
118080c0  getdevice                      
11807a40  ldexp                          
11807a40  ldexpl                         
1180a240  lseek                          
11808fa0  main                           
11807520  malloc                         
1180a2a0  memccpy                        
11809ce0  memcpy                         
11809080  memset                         
11806840  open                           
1180c032  over_run                       
1180af00  parmbuf                        
11809160  printf                         
118071a0  putc                           
1180a300  read                           
1180c034  ready_index                    
1180a0a0  remove                         
11807a40  scalbn                         
11807a40  scalbnl                        
118076e0  setvbuf                        
11807d20  sqrt                           
11807d20  sqrtl                          
1180a0a0  unlink                         
11806ca4  updateTable                    
11803624  wait                           
1180bdf8  wave                           
1180a4c0  wcslen                         
1180a360  write                          


GLOBAL SYMBOLS: SORTED BY Symbol Address 

address   name                           
-------   ----                           
00000400  __TI_STACK_SIZE                
00000400  __TI_SYSMEM_SIZE               
11800200  __TI_printfi                   
11802240  Modulate                       
11802434  Demodulate                     
11803360  GetSampleFreq                  
1180336c  DSP_Init                       
1180338c  DSP_Init_EDMA                  
118033ac  InitLEDs                       
11803420  WriteLEDs                      
11803508  ReadSwitches                   
11803524  InitDigitalOutputs             
11803530  WriteDigitalOutputs            
11803550  Init_Interrupts                
1180358c  EnableInterrupts               
118035cc  Init_Interrupts_EDMA           
118035e4  EnableInterrupts_EDMA          
11803624  wait                           
11803654  Init_I2C                       
118036a4  Reset_I2C                      
118036c8  Write_I2C                      
118037ac  ReadCodecData                  
118037cc  WriteCodecData                 
118037f4  CheckForOverrun                
11803820  Init_AIC3106                   
11803a58  AIC3106_write_reg              
11803a98  Reset_AIC3106                  
11803ac4  SetSampleRate_AIC3106          
11803c14  Init_McASP0                    
11803f94  Init_UART2                     
11804040  Write_UART2                    
1180406c  Puts_UART2                     
118040ac  Read_UART2                     
118040d0  IsDataReady_UART2              
11804100  IsTxReady_UART2                
118047a0  __c6xabi_divd                  
11805180  free                           
11805540  fwrite                         
11805900  fputs                          
11806120  __c6xabi_divf                  
118063a0  __c6xabi_divull                
11806600  fread                          
11806840  open                           
11806c60  createTable                    
11806ca4  updateTable                    
11806cc0  EDMA_Init                      
11806d80  ZeroBuffers                    
11806dc8  ProcessBuffer                  
11806dec  IsBufferReady                  
11806df8  IsOverRun                      
11806e20  __c6xabi_divul                 
118071a0  fputc                          
118071a0  putc                           
11807360  frexp                          
11807360  frexpl                         
11807520  malloc                         
118076e0  setvbuf                        
118078a0  HOSTrename                     
11807a40  ldexp                          
11807a40  ldexpl                         
11807a40  scalbn                         
11807a40  scalbnl                        
11807bc0  __TI_buff_read                 
11807d20  sqrt                           
11807d20  sqrtl                          
11807fa0  fopen                          
118080c0  getdevice                      
118081e0  __TI_closefile                 
118084e0  atoi                           
118085e0  fseek                          
118086e0  HOSTlseek                      
118087c0  HOSTopen                       
118088a0  HOSTwrite                      
11808980  __TI_ltoa                      
11808a60  __TI_wrt_ok                    
11808b40  __c6xabi_fixdlli               
11808c20  __c6xabi_fixflli               
11808d00  __c6xabi_divi                  
11808d00  __divi                         
11808de0  close                          
11808ec0  exit                           
11808fa0  main                           
11809080  memset                         
11809160  printf                         
11809240  HOSTread                       
11809300  HOSTunlink                     
118093c0  __TI_auto_init_nobinit_nopinit 
11809480  __TI_doflush                   
11809540  __c6xabi_fltllid               
11809600  __c6xabi_fltllif               
118096c0  __c6xabi_divu                  
118096c0  __divu                         
11809780  __c6xabi_remi                  
11809780  __remi                         
11809900  __TI_tls_init                  
118099c0  HOSTclose                      
11809a60  __TI_cleanup                   
11809b00  __TI_rd_ok                     
11809c40  finddevice                     
11809ce0  memcpy                         
11809e20  __TI_readmsg                   
11809ea0  __c6xabi_llshl                 
11809f20  _c_int00                       
11809fa0  fclose                         
1180a020  EDMA_ISR                       
1180a0a0  remove                         
1180a0a0  unlink                         
1180a120  __TI_writemsg                  
1180a178  C$$IO$$                        
1180a180  __c6xabi_llshru                
1180a1e0  _subcull                       
1180a240  lseek                          
1180a2a0  memccpy                        
1180a300  read                           
1180a360  write                          
1180a3c0  __TI_frcmpyd_div               
1180a400  __c6xabi_isinf                 
1180a480  _args_main                     
1180a4c0  wcslen                         
1180a500  __c6xabi_errno_addr            
1180a520  __c6xabi_pop_rts               
1180a520  __pop_rts                      
1180a540  __c6xabi_push_rts              
1180a540  __push_rts                     
1180a560  _nop                           
1180a5c0  _signbit                       
1180a5e0  _system_post_cinit             
1180a600  _system_pre_init               
1180a620  C$$EXIT                        
1180a620  abort                          
1180a640  __TI_decompress_none           
1180a660  __TI_decompress_rle24          
1180ad88  __TI_tmpnams                   
1180af00  parmbuf                        
1180b148  _ftable                        
1180b328  _stream                        
1180b3c8  _device                        
1180b440  __TI_cleanup_ptr               
1180b444  __TI_dtors_ptr                 
1180b448  __TI_enable_exit_profile_output
1180b454  _lock                          
1180b458  _unlock                        
1180b45c  __TI_ft_end                    
1180b460  __errno                        
1180b460  errno                          
1180b470  _stack                         
1180b870  __TI_STACK_END                 
1180b870  _sys_memory                    
1180bc70  _ctypes_                       
1180bdf8  wave                           
1180be88  __CIOBUF_                      
1180bff8  __TI_STATIC_BASE               
1180c030  buffer_ready                   
1180c032  over_run                       
1180c034  ready_index                    
1180c0dc  __TI_Handler_Table_Base        
1180c0e4  __TI_Handler_Table_Limit       
1180c0e8  __TI_CINIT_Base                
1180c108  __TI_CINIT_Limit               
c0000000  buffer                         
ffffffff  __TI_pprof_out_hndl            
ffffffff  __TI_prof_data_size            
ffffffff  __TI_prof_data_start           
ffffffff  __binit__                      
ffffffff  __c_args__                     
ffffffff  binit                          
UNDEFED   __TI_TLS_INIT_Base             
UNDEFED   __TI_TLS_INIT_Limit            

[168 symbols]
